Component: ARM Compiler 5.06 update 4 (build 422) Tool: armlink [4d35d2]

==============================================================================

Section Cross References

    main.o(i.Screen_Display) refers to memseta.o(.text) for __aeabi_memclr4
    main.o(i.Screen_Display) refers to printf5.o(i.__0sprintf$5) for __2sprintf
    main.o(i.Screen_Display) refers to ring.o(i.screen_log_add) for screen_log_add
    main.o(i.main) refers to memseta.o(.text) for __aeabi_memclr4
    main.o(i.main) refers to stm32f10x_rcc.o(i.RCC_GetFlagStatus) for RCC_GetFlagStatus
    main.o(i.main) refers to stm32f10x_rcc.o(i.RCC_ClearFlag) for RCC_ClearFlag
    main.o(i.main) refers to systick.o(i.SysTick_Init) for SysTick_Init
    main.o(i.main) refers to misc.o(i.NVIC_PriorityGroupConfig) for NVIC_PriorityGroupConfig
    main.o(i.main) refers to led.o(i.LED_Init) for LED_Init
    main.o(i.main) refers to usart_1.o(i.USART1_Init) for USART1_Init
    main.o(i.main) refers to tftlcd.o(i.TFTLCD_Init) for TFTLCD_Init
    main.o(i.main) refers to key.o(i.KEY_Init) for KEY_Init
    main.o(i.main) refers to wdg.o(i.IWDG_Init) for IWDG_Init
    main.o(i.main) refers to ring.o(i.screen_log_init) for screen_log_init
    main.o(i.main) refers to rtc.o(i.RTC_Init) for RTC_Init
    main.o(i.main) refers to adc.o(i.ADCx_Init) for ADCx_Init
    main.o(i.main) refers to adc_temp.o(i.ADC_Temp_Init) for ADC_Temp_Init
    main.o(i.main) refers to ring.o(i.screen_log_add) for screen_log_add
    main.o(i.main) refers to printf5.o(i.__0printf$5) for __2printf
    main.o(i.main) refers to tapdev.o(i.tapdev_init) for tapdev_init
    main.o(i.main) refers to ring.o(i.screen_log_show) for screen_log_show
    main.o(i.main) refers to systick.o(i.delay_ms) for delay_ms
    main.o(i.main) refers to led.o(i.LED_Clear) for LED_Clear
    main.o(i.main) refers to led.o(i.Set_Led_Number) for Set_Led_Number
    main.o(i.main) refers to key.o(i.KEY_Scan) for KEY_Scan
    main.o(i.main) refers to printf5.o(i.__0sprintf$5) for __2sprintf
    main.o(i.main) refers to tftlcd.o(i.LCD_ShowString) for LCD_ShowString
    main.o(i.main) refers to wdg.o(i.IWDG_Feed) for IWDG_Feed
    main.o(i.main) refers to uip.o(.data) for uip_hostaddr
    main.o(i.main) refers to tftlcd.o(.data) for FRONT_COLOR
    system_stm32f10x.o(i.SetSysClock) refers to system_stm32f10x.o(i.SetSysClockTo72) for SetSysClockTo72
    system_stm32f10x.o(i.SystemCoreClockUpdate) refers to system_stm32f10x.o(.data) for SystemCoreClock
    system_stm32f10x.o(i.SystemInit) refers to system_stm32f10x.o(i.SetSysClock) for SetSysClock
    ring.o(i.screen_log_add) refers to memseta.o(.text) for __aeabi_memclr4
    ring.o(i.screen_log_add) refers to strlen.o(.text) for strlen
    ring.o(i.screen_log_add) refers to strcpy.o(.text) for strcpy
    ring.o(i.screen_log_add) refers to printf5.o(i.__0sprintf$5) for __2sprintf
    ring.o(i.screen_log_add) refers to tftlcd.o(i.LCD_ShowString) for LCD_ShowString
    ring.o(i.screen_log_add) refers to ring.o(.bss) for log_list
    ring.o(i.screen_log_add) refers to tftlcd.o(.data) for FRONT_COLOR
    ring.o(i.screen_log_init) refers to ring.o(.bss) for log_list
    ring.o(i.screen_log_show) refers to memseta.o(.text) for __aeabi_memclr4
    ring.o(i.screen_log_show) refers to printf5.o(i.__0sprintf$5) for __2sprintf
    ring.o(i.screen_log_show) refers to tftlcd.o(i.LCD_ShowString) for LCD_ShowString
    ring.o(i.screen_log_show) refers to ring.o(.bss) for log_list
    ring.o(i.screen_log_show) refers to tftlcd.o(.data) for FRONT_COLOR
    key.o(i.KEY_Init) refers to stm32f10x_rcc.o(i.RCC_APB2PeriphClockCmd) for RCC_APB2PeriphClockCmd
    key.o(i.KEY_Init) refers to stm32f10x_gpio.o(i.GPIO_Init) for GPIO_Init
    key.o(i.KEY_Scan) refers to systick.o(i.delay_ms) for delay_ms
    key.o(i.KEY_Scan) refers to key.o(.data) for key
    led.o(i.LED_Clear) refers to stm32f10x_gpio.o(i.GPIO_SetBits) for GPIO_SetBits
    led.o(i.LED_Init) refers to stm32f10x_rcc.o(i.RCC_APB2PeriphClockCmd) for RCC_APB2PeriphClockCmd
    led.o(i.LED_Init) refers to stm32f10x_gpio.o(i.GPIO_Init) for GPIO_Init
    led.o(i.LED_Init) refers to stm32f10x_gpio.o(i.GPIO_SetBits) for GPIO_SetBits
    led.o(i.LED_Output_0) refers to stm32f10x_gpio.o(i.GPIO_ResetBits) for GPIO_ResetBits
    led.o(i.LED_Output_1) refers to stm32f10x_gpio.o(i.GPIO_ResetBits) for GPIO_ResetBits
    led.o(i.LED_Output_2) refers to stm32f10x_gpio.o(i.GPIO_ResetBits) for GPIO_ResetBits
    led.o(i.LED_Output_3) refers to stm32f10x_gpio.o(i.GPIO_ResetBits) for GPIO_ResetBits
    led.o(i.LED_Output_4) refers to stm32f10x_gpio.o(i.GPIO_ResetBits) for GPIO_ResetBits
    led.o(i.LED_Output_5) refers to stm32f10x_gpio.o(i.GPIO_ResetBits) for GPIO_ResetBits
    led.o(i.LED_Output_6) refers to stm32f10x_gpio.o(i.GPIO_ResetBits) for GPIO_ResetBits
    led.o(i.LED_Output_7) refers to stm32f10x_gpio.o(i.GPIO_ResetBits) for GPIO_ResetBits
    led.o(i.LED_Output_8) refers to stm32f10x_gpio.o(i.GPIO_ResetBits) for GPIO_ResetBits
[...]
    Removing stm32f10x_tim.o(i.TIM_UpdateDisableConfig), (24 bytes).
    Removing stm32f10x_tim.o(i.TIM_UpdateRequestConfig), (24 bytes).
    Removing stm32f10x_adc.o(i.ADC_AnalogWatchdogCmd), (20 bytes).
    Removing stm32f10x_adc.o(i.ADC_AnalogWatchdogSingleChannelConfig), (16 bytes).
    Removing stm32f10x_adc.o(i.ADC_AnalogWatchdogThresholdsConfig), (6 bytes).
    Removing stm32f10x_adc.o(i.ADC_AutoInjectedConvCmd), (22 bytes).
    Removing stm32f10x_adc.o(i.ADC_ClearFlag), (6 bytes).
    Removing stm32f10x_adc.o(i.ADC_ClearITPendingBit), (10 bytes).
    Removing stm32f10x_adc.o(i.ADC_DMACmd), (22 bytes).
    Removing stm32f10x_adc.o(i.ADC_DeInit), (92 bytes).
    Removing stm32f10x_adc.o(i.ADC_DiscModeChannelCountConfig), (24 bytes).
    Removing stm32f10x_adc.o(i.ADC_DiscModeCmd), (22 bytes).
    Removing stm32f10x_adc.o(i.ADC_ExternalTrigConvCmd), (22 bytes).
    Removing stm32f10x_adc.o(i.ADC_ExternalTrigInjectedConvCmd), (22 bytes).
    Removing stm32f10x_adc.o(i.ADC_ExternalTrigInjectedConvConfig), (16 bytes).
    Removing stm32f10x_adc.o(i.ADC_GetConversionValue), (8 bytes).
    Removing stm32f10x_adc.o(i.ADC_GetDualModeConversionValue), (12 bytes).
    Removing stm32f10x_adc.o(i.ADC_GetFlagStatus), (18 bytes).
    Removing stm32f10x_adc.o(i.ADC_GetITStatus), (36 bytes).
    Removing stm32f10x_adc.o(i.ADC_GetInjectedConversionValue), (28 bytes).
    Removing stm32f10x_adc.o(i.ADC_GetSoftwareStartConvStatus), (20 bytes).
    Removing stm32f10x_adc.o(i.ADC_GetSoftwareStartInjectedConvCmdStatus), (20 bytes).
    Removing stm32f10x_adc.o(i.ADC_ITConfig), (24 bytes).
    Removing stm32f10x_adc.o(i.ADC_InjectedChannelConfig), (130 bytes).
    Removing stm32f10x_adc.o(i.ADC_InjectedDiscModeCmd), (22 bytes).
    Removing stm32f10x_adc.o(i.ADC_InjectedSequencerLengthConfig), (24 bytes).
    Removing stm32f10x_adc.o(i.ADC_RegularChannelConfig), (184 bytes).
    Removing stm32f10x_adc.o(i.ADC_SetInjectedOffset), (20 bytes).
    Removing stm32f10x_adc.o(i.ADC_SoftwareStartInjectedConvCmd), (22 bytes).
    Removing stm32f10x_adc.o(i.ADC_StructInit), (18 bytes).
    Removing stm32f10x_rtc.o(i.RTC_ClearFlag), (16 bytes).
    Removing stm32f10x_rtc.o(i.RTC_GetDivider), (24 bytes).
    Removing stm32f10x_rtc.o(i.RTC_GetFlagStatus), (24 bytes).
    Removing stm32f10x_rtc.o(i.RTC_SetAlarm), (28 bytes).
    Removing stm32f10x_bkp.o(i.BKP_ClearFlag), (20 bytes).
    Removing stm32f10x_bkp.o(i.BKP_ClearITPendingBit), (20 bytes).
    Removing stm32f10x_bkp.o(i.BKP_GetFlagStatus), (12 bytes).
    Removing stm32f10x_bkp.o(i.BKP_GetITStatus), (12 bytes).
    Removing stm32f10x_bkp.o(i.BKP_ITConfig), (12 bytes).
    Removing stm32f10x_bkp.o(i.BKP_RTCOutputConfig), (28 bytes).
    Removing stm32f10x_bkp.o(i.BKP_SetRTCCalibrationValue), (28 bytes).
    Removing stm32f10x_bkp.o(i.BKP_TamperPinCmd), (12 bytes).
    Removing stm32f10x_bkp.o(i.BKP_TamperPinLevelConfig), (12 bytes).
    Removing stm32f10x_pwr.o(i.PWR_ClearFlag), (20 bytes).
    Removing stm32f10x_pwr.o(i.PWR_DeInit), (22 bytes).
    Removing stm32f10x_pwr.o(i.PWR_EnterSTANDBYMode), (52 bytes).
    Removing stm32f10x_pwr.o(i.PWR_EnterSTOPMode), (64 bytes).
    Removing stm32f10x_pwr.o(i.PWR_GetFlagStatus), (24 bytes).
    Removing stm32f10x_pwr.o(i.PWR_PVDCmd), (12 bytes).
    Removing stm32f10x_pwr.o(i.PWR_PVDLevelConfig), (24 bytes).
    Removing stm32f10x_pwr.o(i.PWR_WakeUpPinCmd), (12 bytes).
    Removing enc28j60.o(i.ENC28J60_Get_EREVID), (10 bytes).
    Removing enc28j60.o(i.ENC28J60_Packet_Receive), (192 bytes).
    Removing enc28j60.o(i.ENC28J60_Packet_Send), (102 bytes).
    Removing enc28j60.o(i.ENC28J60_Read_Buf), (52 bytes).
    Removing enc28j60.o(i.ENC28J60_Write_Buf), (48 bytes).
    Removing spi.o(i.SPI1_Init), (136 bytes).
    Removing spi.o(i.SPI1_ReadWriteByte), (56 bytes).
    Removing spi.o(i.SPI1_SetSpeed), (40 bytes).
    Removing spi.o(i.SPI2_Init), (140 bytes).
    Removing time.o(i.TIM3_Init), (96 bytes).
    Removing time.o(i.TIM4_Init), (104 bytes).
    Removing time.o(i.TIM5_Init), (92 bytes).
    Removing adc.o(i.Get_ADC_Value), (84 bytes).
    Removing adc_temp.o(i.Get_ADC_Temp_Value), (84 bytes).
    Removing adc_temp.o(i.Get_Temperture), (132 bytes).
    Removing rtc.o(i.RTC_Alarm_Set), (200 bytes).
    Removing systick.o(i.delay_init), (68 bytes).
    Removing systick.o(i.delay_us), (76 bytes).
    Removing clock-arch.o(i.clock_time), (12 bytes).
    Removing tapdev.o(i.tapdev_read), (20 bytes).
    Removing tapdev.o(i.tapdev_send), (24 bytes).
    Removing tcp_client_demo.o(i.tcp_client_aborted), (56 bytes).
    Removing tcp_client_demo.o(i.tcp_client_acked), (48 bytes).
    Removing tcp_client_demo.o(i.tcp_client_closed), (56 bytes).
    Removing tcp_client_demo.o(i.tcp_client_connected), (128 bytes).
    Removing tcp_client_demo.o(i.tcp_client_demo_appcall), (256 bytes).
    Removing tcp_client_demo.o(i.tcp_client_reconnect), (42 bytes).
    Removing tcp_client_demo.o(i.tcp_client_senddata), (32 bytes).
    Removing tcp_client_demo.o(i.tcp_client_timedout), (52 bytes).
    Removing tcp_client_demo.o(.bss), (200 bytes).
    Removing tcp_client_demo.o(.data), (1 bytes).
    Removing tcp_demo.o(i.tcp_demo_appcall), (56 bytes).
    Removing tcp_demo.o(i.uip_log), (32 bytes).
    Removing tcp_server_demo.o(i.tcp_server_aborted), (52 bytes).
    Removing tcp_server_demo.o(i.tcp_server_acked), (48 bytes).
    Removing tcp_server_demo.o(i.tcp_server_closed), (52 bytes).
    Removing tcp_server_demo.o(i.tcp_server_connected), (128 bytes).
    Removing tcp_server_demo.o(i.tcp_server_demo_appcall), (256 bytes).
    Removing tcp_server_demo.o(i.tcp_server_senddata), (32 bytes).
    Removing tcp_server_demo.o(i.tcp_server_timedout), (52 bytes).
    Removing tcp_server_demo.o(.bss), (200 bytes).
    Removing tcp_server_demo.o(.data), (1 bytes).
    Removing psock.o(i.buf_bufdata), (150 bytes).
    Removing psock.o(i.buf_bufto), (102 bytes).
    Removing psock.o(i.buf_setup), (6 bytes).
    Removing psock.o(i.data_acked), (92 bytes).
    Removing psock.o(i.psock_datalen), (12 bytes).
    Removing psock.o(i.psock_generator_send), (132 bytes).
    Removing psock.o(i.psock_init), (40 bytes).
    Removing psock.o(i.psock_newdata), (52 bytes).
    Removing psock.o(i.psock_readbuf), (168 bytes).
    Removing psock.o(i.psock_readto), (148 bytes).
    Removing psock.o(i.psock_send), (102 bytes).
    Removing psock.o(i.send_data), (80 bytes).
    Removing timer.o(i.timer_expired), (26 bytes).
    Removing timer.o(i.timer_reset), (10 bytes).
    Removing timer.o(i.timer_restart), (12 bytes).
    Removing timer.o(i.timer_set), (16 bytes).
    Removing uip.o(i.chksum), (70 bytes).
    Removing uip.o(i.htons), (12 bytes).
    Removing uip.o(i.uip_add32), (112 bytes).
    Removing uip.o(i.uip_add_rcv_nxt), (68 bytes).
    Removing uip.o(i.uip_chksum), (24 bytes).
    Removing uip.o(i.uip_connect), (272 bytes).
    Removing uip.o(i.uip_init), (108 bytes).
    Removing uip.o(i.uip_ipchksum), (36 bytes).
    Removing uip.o(i.uip_listen), (64 bytes).
    Removing uip.o(i.uip_process), (4012 bytes).
    Removing uip.o(i.uip_send), (48 bytes).
    Removing uip.o(i.uip_setipid), (12 bytes).
    Removing uip.o(i.uip_tcpchksum), (10 bytes).
    Removing uip.o(i.uip_udpchksum), (10 bytes).
    Removing uip.o(i.uip_unlisten), (68 bytes).
    Removing uip.o(i.upper_layer_chksum), (72 bytes).
    Removing uip.o(.bss), (5824 bytes).
    Removing uip.o(.constdata), (4 bytes).
    Removing uip_arp.o(i.uip_arp_arpin), (232 bytes).
    Removing uip_arp.o(i.uip_arp_init), (56 bytes).
    Removing uip_arp.o(i.uip_arp_out), (416 bytes).
    Removing uip_arp.o(i.uip_arp_timer), (88 bytes).
    Removing uip_arp.o(i.uip_arp_update), (292 bytes).
    Removing uip_arp.o(.bss), (96 bytes).
    Removing uip_arp.o(.constdata), (10 bytes).
    Removing uip_arp.o(.data), (8 bytes).
    Removing uip-fw.o(i.find_netif), (52 bytes).
    Removing uip-fw.o(i.fwcache_register), (116 bytes).
    Removing uip-fw.o(i.ipaddr_maskcmp), (44 bytes).
    Removing uip-fw.o(i.time_exceeded), (172 bytes).
    Removing uip-fw.o(i.uip_fw_default), (12 bytes).
    Removing uip-fw.o(i.uip_fw_forward), (240 bytes).
    Removing uip-fw.o(i.uip_fw_init), (44 bytes).
    Removing uip-fw.o(i.uip_fw_output), (40 bytes).
    Removing uip-fw.o(i.uip_fw_periodic), (32 bytes).
    Removing uip-fw.o(i.uip_fw_register), (16 bytes).
    Removing uip-fw.o(.bss), (28 bytes).
    Removing uip-fw.o(.data), (8 bytes).
    Removing uiplib.o(i.uiplib_ipaddrconv), (94 bytes).
    Removing uip-neighbor.o(i.find_entry), (68 bytes).
    Removing uip-neighbor.o(i.uip_neighbor_add), (172 bytes).
    Removing uip-neighbor.o(i.uip_neighbor_init), (32 bytes).
    Removing uip-neighbor.o(i.uip_neighbor_lookup), (22 bytes).
    Removing uip-neighbor.o(i.uip_neighbor_periodic), (56 bytes).
    Removing uip-neighbor.o(i.uip_neighbor_update), (20 bytes).
    Removing uip-neighbor.o(.bss), (96 bytes).
    Removing uip-split.o(i.uip_split_output), (268 bytes).
    Removing dadd.o(.text), (334 bytes).
    Removing dmul.o(.text), (228 bytes).
    Removing ddiv.o(.text), (222 bytes).
    Removing ffltui.o(.text), (10 bytes).
    Removing dfixi.o(.text), (62 bytes).
    Removing f2d.o(.text), (38 bytes).
    Removing fepilogue.o(.text), (110 bytes).
    Removing depilogue.o(.text), (186 bytes).
    Removing dfixul.o(.text), (48 bytes).
    Removing cdrcmple.o(.text), (48 bytes).

373 unused section(s) (total 31810 bytes) removed from the image.

==============================================================================

Image Symbol Table

    Local Symbols

    Symbol Name                              Value     Ov Type        Size  Object(Section)

    ../clib/microlib/division.c              0x00000000   Number         0  uldiv.o ABSOLUTE
    ../clib/microlib/division.c              0x00000000   Number         0  uidiv.o ABSOLUTE
    ../clib/microlib/init/entry.s            0x00000000   Number         0  entry8a.o ABSOLUTE
    ../clib/microlib/init/entry.s            0x00000000   Number         0  entry10a.o ABSOLUTE
    ../clib/microlib/init/entry.s            0x00000000   Number         0  entry.o ABSOLUTE
    ../clib/microlib/init/entry.s            0x00000000   Number         0  entry11b.o ABSOLUTE
    ../clib/microlib/init/entry.s            0x00000000   Number         0  entry9b.o ABSOLUTE
    ../clib/microlib/init/entry.s            0x00000000   Number         0  entry11a.o ABSOLUTE
    ../clib/microlib/init/entry.s            0x00000000   Number         0  entry9a.o ABSOLUTE
    ../clib/microlib/init/entry.s            0x00000000   Number         0  entry10b.o ABSOLUTE
    ../clib/microlib/init/entry.s            0x00000000   Number         0  entry8b.o ABSOLUTE
    ../clib/microlib/init/entry.s            0x00000000   Number         0  entry7b.o ABSOLUTE
    ../clib/microlib/init/entry.s            0x00000000   Number         0  entry7a.o ABSOLUTE
    ../clib/microlib/init/entry.s            0x00000000   Number         0  entry2.o ABSOLUTE
    ../clib/microlib/init/entry.s            0x00000000   Number         0  entry5.o ABSOLUTE
    ../clib/microlib/longlong.c              0x00000000   Number         0  llsshr.o ABSOLUTE
    ../clib/microlib/longlong.c              0x00000000   Number         0  llushr.o ABSOLUTE
    ../clib/microlib/longlong.c              0x00000000   Number         0  llshl.o ABSOLUTE
    ../clib/microlib/printf/printf.c         0x00000000   Number         0  printf3.o ABSOLUTE
    ../clib/microlib/printf/printf.c         0x00000000   Number         0  printf8.o ABSOLUTE
    ../clib/microlib/printf/printf.c         0x00000000   Number         0  printf4.o ABSOLUTE
    ../clib/microlib/printf/printf.c         0x00000000   Number         0  printf7.o ABSOLUTE
    ../clib/microlib/printf/printf.c         0x00000000   Number         0  printf6.o ABSOLUTE
    ../clib/microlib/printf/printf.c         0x00000000   Number         0  printf5.o ABSOLUTE
    ../clib/microlib/printf/printf.c         0x00000000   Number         0  printfb.o ABSOLUTE
    ../clib/microlib/printf/printf.c         0x00000000   Number         0  printf0.o ABSOLUTE
    ../clib/microlib/printf/printf.c         0x00000000   Number         0  printf2.o ABSOLUTE
    ../clib/microlib/printf/printf.c         0x00000000   Number         0  printf1.o ABSOLUTE
    ../clib/microlib/printf/printf.c         0x00000000   Number         0  printfa.o ABSOLUTE
    ../clib/microlib/printf/stubs.s          0x00000000   Number         0  stubs.o ABSOLUTE
    ../clib/microlib/stdio/streams.c         0x00000000   Number         0  stdout.o ABSOLUTE
    ../clib/microlib/string/memcpy.c         0x00000000   Number         0  memcpyb.o ABSOLUTE
    ../clib/microlib/string/memcpy.c         0x00000000   Number         0  memcpya.o ABSOLUTE
    ../clib/microlib/string/memset.c         0x00000000   Number         0  memseta.o ABSOLUTE
    ../clib/microlib/string/strcpy.c         0x00000000   Number         0  strcpy.o ABSOLUTE
    ../clib/microlib/string/strlen.c         0x00000000   Number         0  strlen.o ABSOLUTE
    ../clib/microlib/stubs.s                 0x00000000   Number         0  iusefp.o ABSOLUTE
    ../fplib/microlib/f2d.c                  0x00000000   Number         0  f2d.o ABSOLUTE
    ../fplib/microlib/fpadd.c                0x00000000   Number         0  dadd.o ABSOLUTE
    ../fplib/microlib/fpdiv.c                0x00000000   Number         0  ddiv.o ABSOLUTE
    ../fplib/microlib/fpepilogue.c           0x00000000   Number         0  depilogue.o ABSOLUTE
    ../fplib/microlib/fpepilogue.c           0x00000000   Number         0  fepilogue.o ABSOLUTE
    ../fplib/microlib/fpfix.c                0x00000000   Number         0  dfixul.o ABSOLUTE
    ../fplib/microlib/fpfix.c                0x00000000   Number         0  dfixi.o ABSOLUTE
    ../fplib/microlib/fpflt.c                0x00000000   Number         0  ffltui.o ABSOLUTE
    ../fplib/microlib/fpmul.c                0x00000000   Number         0  dmul.o ABSOLUTE
    ..\APP\ENC28J60\enc28j60.c               0x00000000   Number         0  enc28j60.o ABSOLUTE
    ..\APP\adc\adc.c                         0x00000000   Number         0  adc.o ABSOLUTE
    ..\APP\adc_temp\adc_temp.c               0x00000000   Number         0  adc_temp.o ABSOLUTE
    ..\APP\rtc\rtc.c                         0x00000000   Number         0  rtc.o ABSOLUTE
    ..\APP\spi\spi.c                         0x00000000   Number         0  spi.o ABSOLUTE
    ..\APP\time\time.c                       0x00000000   Number         0  time.o ABSOLUTE
    ..\CORE\core_cm3.c                       0x00000000   Number         0  core_cm3.o ABSOLUTE
    ..\CORE\startup_stm32f10x_hd.s           0x00000000   Number         0  startup_stm32f10x_hd.o ABSOLUTE
    ..\HARDWARE\Dog\wdg.c                    0x00000000   Number         0  wdg.o ABSOLUTE
    ..\HARDWARE\LED\led.c                    0x00000000   Number         0  led.o ABSOLUTE
    ..\HARDWARE\SCREEN\tftlcd.c              0x00000000   Number         0  tftlcd.o ABSOLUTE
    ..\Public\SysTick.c                      0x00000000   Number         0  systick.o ABSOLUTE
    ..\Public\system.c                       0x00000000   Number         0  system.o ABSOLUTE
    ..\Public\usart.c                        0x00000000   Number         0  usart_1.o ABSOLUTE
    ..\STM32F10x_FWLib\src\misc.c            0x00000000   Number         0  misc.o ABSOLUTE
    ..\STM32F10x_FWLib\src\stm32f10x_adc.c   0x00000000   Number         0  stm32f10x_adc.o ABSOLUTE
    ..\STM32F10x_FWLib\src\stm32f10x_bkp.c   0x00000000   Number         0  stm32f10x_bkp.o ABSOLUTE
    ..\STM32F10x_FWLib\src\stm32f10x_dbgmcu.c 0x00000000   Number         0  stm32f10x_dbgmcu.o ABSOLUTE
    ..\STM32F10x_FWLib\src\stm32f10x_fsmc.c  0x00000000   Number         0  stm32f10x_fsmc.o ABSOLUTE
    ..\STM32F10x_FWLib\src\stm32f10x_gpio.c  0x00000000   Number         0  stm32f10x_gpio.o ABSOLUTE
    ..\STM32F10x_FWLib\src\stm32f10x_iwdg.c  0x00000000   Number         0  stm32f10x_iwdg.o ABSOLUTE
    ..\STM32F10x_FWLib\src\stm32f10x_pwr.c   0x00000000   Number         0  stm32f10x_pwr.o ABSOLUTE
    ..\STM32F10x_FWLib\src\stm32f10x_rcc.c   0x00000000   Number         0  stm32f10x_rcc.o ABSOLUTE
    ..\STM32F10x_FWLib\src\stm32f10x_rtc.c   0x00000000   Number         0  stm32f10x_rtc.o ABSOLUTE
    ..\STM32F10x_FWLib\src\stm32f10x_spi.c   0x00000000   Number         0  stm32f10x_spi.o ABSOLUTE
    ..\STM32F10x_FWLib\src\stm32f10x_tim.c   0x00000000   Number         0  stm32f10x_tim.o ABSOLUTE
    ..\STM32F10x_FWLib\src\stm32f10x_usart.c 0x00000000   Number         0  stm32f10x_usart.o ABSOLUTE
    ..\SYSTEM\sys\sys.c                      0x00000000   Number         0  sys.o ABSOLUTE
    ..\\CORE\\core_cm3.c                     0x00000000   Number         0  core_cm3.o ABSOLUTE
    ..\\SYSTEM\\sys\\sys.c                   0x00000000   Number         0  sys.o ABSOLUTE
    ..\uIP-1.0\uip\psock.c                   0x00000000   Number         0  psock.o ABSOLUTE
    ..\uIP-1.0\uip\timer.c                   0x00000000   Number         0  timer.o ABSOLUTE
    ..\uIP-1.0\uip\uip-fw.c                  0x00000000   Number         0  uip-fw.o ABSOLUTE
    ..\uIP-1.0\uip\uip-neighbor.c            0x00000000   Number         0  uip-neighbor.o ABSOLUTE
    ..\uIP-1.0\uip\uip-split.c               0x00000000   Number         0  uip-split.o ABSOLUTE
    ..\uIP-1.0\uip\uip.c                     0x00000000   Number         0  uip.o ABSOLUTE
    ..\uIP-1.0\uip\uip_arp.c                 0x00000000   Number         0  uip_arp.o ABSOLUTE
    ..\uIP-1.0\uip\uiplib.c                  0x00000000   Number         0  uiplib.o ABSOLUTE
    ..\uIP-APP\clock-arch.c                  0x00000000   Number         0  clock-arch.o ABSOLUTE
    ..\uIP-APP\tapdev.c                      0x00000000   Number         0  tapdev.o ABSOLUTE
    ..\uIP-APP\tcp_client_demo.c             0x00000000   Number         0  tcp_client_demo.o ABSOLUTE
    ..\uIP-APP\tcp_demo.c                    0x00000000   Number         0  tcp_demo.o ABSOLUTE
    ..\uIP-APP\tcp_server_demo.c             0x00000000   Number         0  tcp_server_demo.o ABSOLUTE
    cdrcmple.s                               0x00000000   Number         0  cdrcmple.o ABSOLUTE
    dc.s                                     0x00000000   Number         0  dc.o ABSOLUTE
    handlers.s                               0x00000000   Number         0  handlers.o ABSOLUTE
    init.s                                   0x00000000   Number         0  init.o ABSOLUTE
    key.c                                    0x00000000   Number         0  key.o ABSOLUTE
    main.c                                   0x00000000   Number         0  main.o ABSOLUTE
    ring.c                                   0x00000000   Number         0  ring.o ABSOLUTE
    stm32f10x_it.c                           0x00000000   Number         0  stm32f10x_it.o ABSOLUTE
    system_stm32f10x.c                       0x00000000   Number         0  system_stm32f10x.o ABSOLUTE
    RESET                                    0x08000000   Section      304  startup_stm32f10x_hd.o(RESET)
    .ARM.Collect$$$$00000000                 0x08000130   Section        0  entry.o(.ARM.Collect$$$$00000000)
    .ARM.Collect$$$$00000001                 0x08000130   Section        4  entry2.o(.ARM.Collect$$$$00000001)
    .ARM.Collect$$$$00000004                 0x08000134   Section        4  entry5.o(.ARM.Collect$$$$00000004)
    .ARM.Collect$$$$00000008                 0x08000138   Section        0  entry7b.o(.ARM.Collect$$$$00000008)
    .ARM.Collect$$$$0000000A                 0x08000138   Section        0  entry8b.o(.ARM.Collect$$$$0000000A)
    .ARM.Collect$$$$0000000B                 0x08000138   Section        8  entry9a.o(.ARM.Collect$$$$0000000B)
    .ARM.Collect$$$$0000000D                 0x08000140   Section        0  entry10a.o(.ARM.Collect$$$$0000000D)
    .ARM.Collect$$$$0000000F                 0x08000140   Section        0  entry11a.o(.ARM.Collect$$$$0000000F)
    .ARM.Collect$$$$00002712                 0x08000140   Section        4  entry2.o(.ARM.Collect$$$$00002712)
    __lit__00000000                          0x08000140   Data           4  entry2.o(.ARM.Collect$$$$00002712)
    .text                                    0x08000144   Section       36  startup_stm32f10x_hd.o(.text)
    .text                                    0x08000168   Section        0  memseta.o(.text)
    .text                                    0x0800018c   Section        0  strlen.o(.text)
    .text                                    0x0800019a   Section        0  strcpy.o(.text)
    .text                                    0x080001ac   Section        0  uldiv.o(.text)
    .text                                    0x0800020e   Section        0  llshl.o(.text)
    .text                                    0x0800022c   Section        0  llushr.o(.text)
    .text                                    0x0800024c   Section       36  init.o(.text)
    i.ADC_Cmd                                0x08000270   Section        0  stm32f10x_adc.o(i.ADC_Cmd)
    i.ADC_GetCalibrationStatus               0x08000286   Section        0  stm32f10x_adc.o(i.ADC_GetCalibrationStatus)
    i.ADC_GetResetCalibrationStatus          0x0800029a   Section        0  stm32f10x_adc.o(i.ADC_GetResetCalibrationStatus)
    i.ADC_Init                               0x080002b0   Section        0  stm32f10x_adc.o(i.ADC_Init)
    i.ADC_ResetCalibration                   0x08000300   Section        0  stm32f10x_adc.o(i.ADC_ResetCalibration)
    i.ADC_SoftwareStartConvCmd               0x0800030a   Section        0  stm32f10x_adc.o(i.ADC_SoftwareStartConvCmd)
    i.ADC_StartCalibration                   0x08000320   Section        0  stm32f10x_adc.o(i.ADC_StartCalibration)
    i.ADC_TempSensorVrefintCmd               0x0800032c   Section        0  stm32f10x_adc.o(i.ADC_TempSensorVrefintCmd)
    i.ADC_Temp_Init                          0x08000350   Section        0  adc_temp.o(i.ADC_Temp_Init)
    i.ADCx_Init                              0x080003cc   Section        0  adc.o(i.ADCx_Init)
    i.BKP_DeInit                             0x08000460   Section        0  stm32f10x_bkp.o(i.BKP_DeInit)
    i.BKP_ReadBackupRegister                 0x08000470   Section        0  stm32f10x_bkp.o(i.BKP_ReadBackupRegister)
    i.BKP_WriteBackupRegister                0x0800048c   Section        0  stm32f10x_bkp.o(i.BKP_WriteBackupRegister)
    i.BusFault_Handler                       0x080004a8   Section        0  stm32f10x_it.o(i.BusFault_Handler)
    i.DebugMon_Handler                       0x080004ac   Section        0  stm32f10x_it.o(i.DebugMon_Handler)
    i.ENC28J60_Init                          0x080004b0   Section        0  enc28j60.o(i.ENC28J60_Init)
    i.ENC28J60_PHY_Write                     0x08000624   Section        0  enc28j60.o(i.ENC28J60_PHY_Write)
    i.ENC28J60_Read                          0x08000662   Section        0  enc28j60.o(i.ENC28J60_Read)
    i.ENC28J60_Read_Op                       0x08000678   Section        0  enc28j60.o(i.ENC28J60_Read_Op)
    i.ENC28J60_Reset                         0x080006b8   Section        0  enc28j60.o(i.ENC28J60_Reset)
    i.ENC28J60_SPI2_Init                     0x080006f4   Section        0  enc28j60.o(i.ENC28J60_SPI2_Init)
    ENC28J60_SPI2_Init                       0x080006f5   Thumb Code   230  enc28j60.o(i.ENC28J60_SPI2_Init)
    i.ENC28J60_Set_Bank                      0x080007ec   Section        0  enc28j60.o(i.ENC28J60_Set_Bank)
    i.ENC28J60_Write                         0x08000820   Section        0  enc28j60.o(i.ENC28J60_Write)
    i.ENC28J60_Write_Op                      0x08000838   Section        0  enc28j60.o(i.ENC28J60_Write_Op)
    i.FSMC_NORSRAMCmd                        0x08000874   Section        0  stm32f10x_fsmc.o(i.FSMC_NORSRAMCmd)
    i.FSMC_NORSRAMInit                       0x080008a8   Section        0  stm32f10x_fsmc.o(i.FSMC_NORSRAMInit)
    i.GPIO_Init                              0x0800098e   Section        0  stm32f10x_gpio.o(i.GPIO_Init)
    i.GPIO_ResetBits                         0x08000aa4   Section        0  stm32f10x_gpio.o(i.GPIO_ResetBits)
    i.GPIO_SetBits                           0x08000aa8   Section        0  stm32f10x_gpio.o(i.GPIO_SetBits)
    i.HardFault_Handler                      0x08000aac   Section        0  stm32f10x_it.o(i.HardFault_Handler)
    i.IWDG_Enable                            0x08000ab0   Section        0  stm32f10x_iwdg.o(i.IWDG_Enable)
    i.IWDG_Feed                              0x08000ac0   Section        0  wdg.o(i.IWDG_Feed)
    i.IWDG_Init                              0x08000ac8   Section        0  wdg.o(i.IWDG_Init)
    i.IWDG_ReloadCounter                     0x08000aec   Section        0  stm32f10x_iwdg.o(i.IWDG_ReloadCounter)
    i.IWDG_SetPrescaler                      0x08000afc   Section        0  stm32f10x_iwdg.o(i.IWDG_SetPrescaler)
    i.IWDG_SetReload                         0x08000b08   Section        0  stm32f10x_iwdg.o(i.IWDG_SetReload)
    i.IWDG_WriteAccessCmd                    0x08000b14   Section        0  stm32f10x_iwdg.o(i.IWDG_WriteAccessCmd)
    i.Is_Leap_Year                           0x08000b20   Section        0  rtc.o(i.Is_Leap_Year)
    i.KEY_Init                               0x08000b5c   Section        0  key.o(i.KEY_Init)
    i.KEY_Scan                               0x08000ba4   Section        0  key.o(i.KEY_Scan)
    i.LCD_Clear                              0x08000c40   Section        0  tftlcd.o(i.LCD_Clear)
    i.LCD_Display_Dir                        0x08000c88   Section        0  tftlcd.o(i.LCD_Display_Dir)
    i.LCD_DrawFRONT_COLOR                    0x08000cec   Section        0  tftlcd.o(i.LCD_DrawFRONT_COLOR)
    i.LCD_Set_Window                         0x08000d08   Section        0  tftlcd.o(i.LCD_Set_Window)
    i.LCD_ShowChar                           0x08000db4   Section        0  tftlcd.o(i.LCD_ShowChar)
    i.LCD_ShowString                         0x08000edc   Section        0  tftlcd.o(i.LCD_ShowString)
    i.LCD_WriteCmd                           0x08000f44   Section        0  tftlcd.o(i.LCD_WriteCmd)
    i.LCD_WriteData                          0x08000f50   Section        0  tftlcd.o(i.LCD_WriteData)
    i.LCD_WriteData_Color                    0x08000f5c   Section        0  tftlcd.o(i.LCD_WriteData_Color)
    i.LED_Clear                              0x08000f68   Section        0  led.o(i.LED_Clear)
    i.LED_Init                               0x08000fb0   Section        0  led.o(i.LED_Init)
    i.LED_Output_0                           0x08000fe4   Section        0  led.o(i.LED_Output_0)
    i.LED_Output_1                           0x0800101c   Section        0  led.o(i.LED_Output_1)
    i.LED_Output_2                           0x08001034   Section        0  led.o(i.LED_Output_2)
    i.LED_Output_3                           0x08001064   Section        0  led.o(i.LED_Output_3)
    i.LED_Output_4                           0x08001094   Section        0  led.o(i.LED_Output_4)
    i.LED_Output_5                           0x080010bc   Section        0  led.o(i.LED_Output_5)
    i.LED_Output_6                           0x080010ec   Section        0  led.o(i.LED_Output_6)
    i.LED_Output_7                           0x08001124   Section        0  led.o(i.LED_Output_7)
    i.LED_Output_8                           0x08001144   Section        0  led.o(i.LED_Output_8)
    i.LED_Output_9                           0x08001184   Section        0  led.o(i.LED_Output_9)
    i.MemManage_Handler                      0x080011bc   Section        0  stm32f10x_it.o(i.MemManage_Handler)
    i.NMI_Handler                            0x080011c0   Section        0  stm32f10x_it.o(i.NMI_Handler)
    i.NVIC_Init                              0x080011c4   Section        0  misc.o(i.NVIC_Init)
    i.NVIC_PriorityGroupConfig               0x08001234   Section        0  misc.o(i.NVIC_PriorityGroupConfig)
    i.PWR_BackupAccessCmd                    0x08001248   Section        0  stm32f10x_pwr.o(i.PWR_BackupAccessCmd)
    i.PendSV_Handler                         0x08001254   Section        0  stm32f10x_it.o(i.PendSV_Handler)
    i.RCC_ADCCLKConfig                       0x08001258   Section        0  stm32f10x_rcc.o(i.RCC_ADCCLKConfig)
    i.RCC_AHBPeriphClockCmd                  0x08001270   Section        0  stm32f10x_rcc.o(i.RCC_AHBPeriphClockCmd)
    i.RCC_APB1PeriphClockCmd                 0x08001290   Section        0  stm32f10x_rcc.o(i.RCC_APB1PeriphClockCmd)
    i.RCC_APB2PeriphClockCmd                 0x080012b0   Section        0  stm32f10x_rcc.o(i.RCC_APB2PeriphClockCmd)
    i.RCC_BackupResetCmd                     0x080012d0   Section        0  stm32f10x_rcc.o(i.RCC_BackupResetCmd)
    i.RCC_ClearFlag                          0x080012dc   Section        0  stm32f10x_rcc.o(i.RCC_ClearFlag)
    i.RCC_GetClocksFreq                      0x080012f0   Section        0  stm32f10x_rcc.o(i.RCC_GetClocksFreq)
    i.RCC_GetFlagStatus                      0x080013c4   Section        0  stm32f10x_rcc.o(i.RCC_GetFlagStatus)
    i.RCC_LSEConfig                          0x08001400   Section        0  stm32f10x_rcc.o(i.RCC_LSEConfig)
    i.RCC_RTCCLKCmd                          0x08001434   Section        0  stm32f10x_rcc.o(i.RCC_RTCCLKCmd)
    i.RCC_RTCCLKConfig                       0x08001440   Section        0  stm32f10x_rcc.o(i.RCC_RTCCLKConfig)
    i.RTC_ClearITPendingBit                  0x08001450   Section        0  stm32f10x_rtc.o(i.RTC_ClearITPendingBit)
    i.RTC_EnterConfigMode                    0x08001460   Section        0  stm32f10x_rtc.o(i.RTC_EnterConfigMode)
    i.RTC_ExitConfigMode                     0x08001474   Section        0  stm32f10x_rtc.o(i.RTC_ExitConfigMode)
    i.RTC_Get                                0x08001488   Section        0  rtc.o(i.RTC_Get)
    i.RTC_GetCounter                         0x08001588   Section        0  stm32f10x_rtc.o(i.RTC_GetCounter)
    i.RTC_GetITStatus                        0x0800159c   Section        0  stm32f10x_rtc.o(i.RTC_GetITStatus)
    i.RTC_Get_Week                           0x080015c0   Section        0  rtc.o(i.RTC_Get_Week)
    i.RTC_IRQHandler                         0x08001638   Section        0  rtc.o(i.RTC_IRQHandler)
    i.RTC_ITConfig                           0x08001670   Section        0  stm32f10x_rtc.o(i.RTC_ITConfig)
    i.RTC_Init                               0x08001690   Section        0  rtc.o(i.RTC_Init)
    i.RTC_NVIC_Config                        0x08001750   Section        0  rtc.o(i.RTC_NVIC_Config)
    RTC_NVIC_Config                          0x08001751   Thumb Code    32  rtc.o(i.RTC_NVIC_Config)
    i.RTC_Set                                0x08001770   Section        0  rtc.o(i.RTC_Set)
    i.RTC_SetCounter                         0x08001838   Section        0  stm32f10x_rtc.o(i.RTC_SetCounter)
    i.RTC_SetPrescaler                       0x08001854   Section        0  stm32f10x_rtc.o(i.RTC_SetPrescaler)
    i.RTC_WaitForLastTask                    0x08001874   Section        0  stm32f10x_rtc.o(i.RTC_WaitForLastTask)
    i.RTC_WaitForSynchro                     0x08001888   Section        0  stm32f10x_rtc.o(i.RTC_WaitForSynchro)
    i.SPI2_ReadWriteByte                     0x080018ac   Section        0  spi.o(i.SPI2_ReadWriteByte)
    i.SPI2_SetSpeed                          0x080018e4   Section        0  spi.o(i.SPI2_SetSpeed)
    i.SPI_Cmd                                0x0800190c   Section        0  stm32f10x_spi.o(i.SPI_Cmd)
    i.SPI_I2S_GetFlagStatus                  0x08001924   Section        0  stm32f10x_spi.o(i.SPI_I2S_GetFlagStatus)
    i.SPI_I2S_ReceiveData                    0x08001936   Section        0  stm32f10x_spi.o(i.SPI_I2S_ReceiveData)
    i.SPI_I2S_SendData                       0x0800193c   Section        0  stm32f10x_spi.o(i.SPI_I2S_SendData)
    i.SPI_Init                               0x08001940   Section        0  stm32f10x_spi.o(i.SPI_Init)
    i.SVC_Handler                            0x0800197c   Section        0  stm32f10x_it.o(i.SVC_Handler)
    i.SetSysClock                            0x0800197e   Section        0  system_stm32f10x.o(i.SetSysClock)
    SetSysClock                              0x0800197f   Thumb Code     8  system_stm32f10x.o(i.SetSysClock)
    i.SetSysClockTo72                        0x08001988   Section        0  system_stm32f10x.o(i.SetSysClockTo72)
    SetSysClockTo72                          0x08001989   Thumb Code   214  system_stm32f10x.o(i.SetSysClockTo72)
    i.Set_Led_Number                         0x08001a68   Section        0  led.o(i.Set_Led_Number)
    i.SysTick_CLKSourceConfig                0x08001ada   Section        0  misc.o(i.SysTick_CLKSourceConfig)
    i.SysTick_Handler                        0x08001b02   Section        0  stm32f10x_it.o(i.SysTick_Handler)
    i.SysTick_Init                           0x08001b04   Section        0  systick.o(i.SysTick_Init)
    i.SystemInit                             0x08001b40   Section        0  system_stm32f10x.o(i.SystemInit)
    i.TFTLCD_FSMC_Init                       0x08001ba0   Section        0  tftlcd.o(i.TFTLCD_FSMC_Init)
    i.TFTLCD_GPIO_Init                       0x08001c20   Section        0  tftlcd.o(i.TFTLCD_GPIO_Init)
    i.TFTLCD_Init                            0x08001c90   Section        0  tftlcd.o(i.TFTLCD_Init)
    i.TIM4_IRQHandler                        0x0800203c   Section        0  time.o(i.TIM4_IRQHandler)
    i.TIM5_IRQHandler                        0x08002054   Section        0  time.o(i.TIM5_IRQHandler)
    i.TIM6_IRQHandler                        0x0800206c   Section        0  time.o(i.TIM6_IRQHandler)
    i.TIM6_Init                              0x08002094   Section        0  time.o(i.TIM6_Init)
    i.TIM_ClearITPendingBit                  0x080020f4   Section        0  stm32f10x_tim.o(i.TIM_ClearITPendingBit)
    i.TIM_Cmd                                0x080020fa   Section        0  stm32f10x_tim.o(i.TIM_Cmd)
    i.TIM_GetITStatus                        0x08002112   Section        0  stm32f10x_tim.o(i.TIM_GetITStatus)
    i.TIM_ITConfig                           0x08002134   Section        0  stm32f10x_tim.o(i.TIM_ITConfig)
    i.TIM_TimeBaseInit                       0x08002148   Section        0  stm32f10x_tim.o(i.TIM_TimeBaseInit)
    i.USART1_IRQHandler                      0x080021ec   Section        0  usart_1.o(i.USART1_IRQHandler)
    i.USART1_Init                            0x08002228   Section        0  usart_1.o(i.USART1_Init)
    i.USART_ClearFlag                        0x080022e0   Section        0  stm32f10x_usart.o(i.USART_ClearFlag)
    i.USART_Cmd                              0x080022f2   Section        0  stm32f10x_usart.o(i.USART_Cmd)
    i.USART_GetFlagStatus                    0x0800230a   Section        0  stm32f10x_usart.o(i.USART_GetFlagStatus)
    i.USART_GetITStatus                      0x08002324   Section        0  stm32f10x_usart.o(i.USART_GetITStatus)
    i.USART_ITConfig                         0x08002378   Section        0  stm32f10x_usart.o(i.USART_ITConfig)
    i.USART_Init                             0x080023c4   Section        0  stm32f10x_usart.o(i.USART_Init)
    i.USART_ReceiveData                      0x0800249c   Section        0  stm32f10x_usart.o(i.USART_ReceiveData)
    i.USART_SendData                         0x080024a6   Section        0  stm32f10x_usart.o(i.USART_SendData)
    i.UsageFault_Handler                     0x080024ae   Section        0  stm32f10x_it.o(i.UsageFault_Handler)
    i.__0printf$5                            0x080024b4   Section        0  printf5.o(i.__0printf$5)
    i.__0sprintf$5                           0x080024d4   Section        0  printf5.o(i.__0sprintf$5)
    i.__scatterload_copy                     0x080024fc   Section       14  handlers.o(i.__scatterload_copy)
    i.__scatterload_null                     0x0800250a   Section        2  handlers.o(i.__scatterload_null)
    i.__scatterload_zeroinit                 0x0800250c   Section       14  handlers.o(i.__scatterload_zeroinit)
    i._printf_core                           0x0800251c   Section        0  printf5.o(i._printf_core)
    _printf_core                             0x0800251d   Thumb Code   658  printf5.o(i._printf_core)
    i._sputc                                 0x080027dc   Section        0  printf5.o(i._sputc)
    _sputc                                   0x080027dd   Thumb Code    10  printf5.o(i._sputc)
    i.delay_ms                               0x080027e8   Section        0  systick.o(i.delay_ms)
    i.fputc                                  0x08002834   Section        0  usart_1.o(i.fputc)
    i.main                                   0x08002858   Section        0  main.o(i.main)
    i.screen_log_add                         0x08002adc   Section        0  ring.o(i.screen_log_add)
    i.screen_log_init                        0x08002ba0   Section        0  ring.o(i.screen_log_init)
    i.screen_log_show                        0x08002bbc   Section        0  ring.o(i.screen_log_show)
    i.tapdev_init                            0x08002d6c   Section        0  tapdev.o(i.tapdev_init)
    .constdata                               0x08002dc4   Section     7142  tftlcd.o(.constdata)
    .constdata                               0x080049aa   Section       24  rtc.o(.constdata)
    .constdata                               0x080049c2   Section        6  tapdev.o(.constdata)
    .data                                    0x20000000   Section        1  key.o(.data)
    key                                      0x20000000   Data           1  key.o(.data)
    .data                                    0x20000002   Section       12  tftlcd.o(.data)
    .data                                    0x2000000e   Section       20  stm32f10x_rcc.o(.data)
    APBAHBPrescTable                         0x2000000e   Data          16  stm32f10x_rcc.o(.data)
    ADCPrescTable                            0x2000001e   Data           4  stm32f10x_rcc.o(.data)
    .data                                    0x20000024   Section        8  enc28j60.o(.data)
    ENC28J60BANK                             0x20000024   Data           1  enc28j60.o(.data)
    NextPacketPtr                            0x20000028   Data           4  enc28j60.o(.data)
    .data                                    0x2000002c   Section        4  time.o(.data)
    .data                                    0x20000030   Section        4  rtc.o(.data)
    daycnt                                   0x20000032   Data           2  rtc.o(.data)
    .data                                    0x20000034   Section        4  systick.o(.data)
    fac_us                                   0x20000034   Data           1  systick.o(.data)
    fac_ms                                   0x20000036   Data           2  systick.o(.data)
    .data                                    0x20000038   Section       56  uip.o(.data)
    ipid                                     0x20000060   Data           2  uip.o(.data)
    iss                                      0x20000062   Data           4  uip.o(.data)
    lastport                                 0x20000066   Data           2  uip.o(.data)
    c                                        0x2000006c   Data           1  uip.o(.data)
    opt                                      0x2000006d   Data           1  uip.o(.data)
    tmp16                                    0x2000006e   Data           2  uip.o(.data)
    .data                                    0x20000070   Section        4  stdout.o(.data)
    .bss                                     0x20000074   Section      964  ring.o(.bss)
    log_list                                 0x20000074   Data         964  ring.o(.bss)
    .bss                                     0x20000438   Section       10  rtc.o(.bss)
    STACK                                    0x20000448   Section     1024  startup_stm32f10x_hd.o(STACK)

    Global Symbols

    Symbol Name                              Value     Ov Type        Size  Object(Section)

    BuildAttributes$$THM_ISAv4$P$D$K$B$S$PE$A:L22UL41UL21$X:L11$S22US41US21$IEEE1$IW$USESV6$~STKCKD$USESV7$~SHL$OTIME$ROPI$EBA8$MICROLIB$REQ8$PRES8$EABIv2 0x00000000   Number         0  anon$$obj.o ABSOLUTE
    __ARM_use_no_argv                        0x00000000   Number         0  main.o ABSOLUTE
    _printf_a                                0x00000000   Number         0  stubs.o ABSOLUTE
    _printf_c                                0x00000000   Number         0  stubs.o ABSOLUTE
    _printf_charcount                        0x00000000   Number         0  stubs.o ABSOLUTE
    _printf_d                                0x00000000   Number         0  stubs.o ABSOLUTE
    _printf_e                                0x00000000   Number         0  stubs.o ABSOLUTE
    _printf_f                                0x00000000   Number         0  stubs.o ABSOLUTE
    _printf_flags                            0x00000000   Number         0  stubs.o ABSOLUTE
    _printf_fp_dec                           0x00000000   Number         0  stubs.o ABSOLUTE
    _printf_fp_hex                           0x00000000   Number         0  stubs.o ABSOLUTE
    _printf_g                                0x00000000   Number         0  stubs.o ABSOLUTE
    _printf_i                                0x00000000   Number         0  stubs.o ABSOLUTE
    _printf_int_dec                          0x00000000   Number         0  stubs.o ABSOLUTE
    _printf_l                                0x00000000   Number         0  stubs.o ABSOLUTE
    _printf_lc                               0x00000000   Number         0  stubs.o ABSOLUTE
    _printf_ll                               0x00000000   Number         0  stubs.o ABSOLUTE
    _printf_lld                              0x00000000   Number         0  stubs.o ABSOLUTE
    _printf_lli                              0x00000000   Number         0  stubs.o ABSOLUTE
    _printf_llo                              0x00000000   Number         0  stubs.o ABSOLUTE
    _printf_llu                              0x00000000   Number         0  stubs.o ABSOLUTE
    _printf_llx                              0x00000000   Number         0  stubs.o ABSOLUTE
    _printf_longlong_dec                     0x00000000   Number         0  stubs.o ABSOLUTE
    _printf_longlong_hex                     0x00000000   Number         0  stubs.o ABSOLUTE
    _printf_longlong_oct                     0x00000000   Number         0  stubs.o ABSOLUTE
    _printf_ls                               0x00000000   Number         0  stubs.o ABSOLUTE
    _printf_mbtowc                           0x00000000   Number         0  stubs.o ABSOLUTE
    _printf_n                                0x00000000   Number         0  stubs.o ABSOLUTE
    _printf_o                                0x00000000   Number         0  stubs.o ABSOLUTE
    _printf_p                                0x00000000   Number         0  stubs.o ABSOLUTE
    _printf_percent                          0x00000000   Number         0  stubs.o ABSOLUTE
    _printf_pre_padding                      0x00000000   Number         0  stubs.o ABSOLUTE
    _printf_return_value                     0x00000000   Number         0  stubs.o ABSOLUTE
    _printf_s                                0x00000000   Number         0  stubs.o ABSOLUTE
    _printf_sizespec                         0x00000000   Number         0  stubs.o ABSOLUTE
    _printf_str                              0x00000000   Number         0  stubs.o ABSOLUTE
    _printf_truncate_signed                  0x00000000   Number         0  stubs.o ABSOLUTE
    _printf_truncate_unsigned                0x00000000   Number         0  stubs.o ABSOLUTE
    _printf_u                                0x00000000   Number         0  stubs.o ABSOLUTE
    _printf_wc                               0x00000000   Number         0  stubs.o ABSOLUTE
    _printf_wctomb                           0x00000000   Number         0  stubs.o ABSOLUTE
    _printf_widthprec                        0x00000000   Number         0  stubs.o ABSOLUTE
    _printf_x                                0x00000000   Number         0  stubs.o ABSOLUTE
    __cpp_initialize__aeabi_                  - Undefined Weak Reference
    __cxa_finalize                            - Undefined Weak Reference
    __decompress                              - Undefined Weak Reference
    _clock_init                               - Undefined Weak Reference
    _microlib_exit                            - Undefined Weak Reference
    __Vectors_Size                           0x00000130   Number         0  startup_stm32f10x_hd.o ABSOLUTE
    __Vectors                                0x08000000   Data           4  startup_stm32f10x_hd.o(RESET)
    __Vectors_End                            0x08000130   Data           0  startup_stm32f10x_hd.o(RESET)
    __main                                   0x08000131   Thumb Code     0  entry.o(.ARM.Collect$$$$00000000)
    _main_stk                                0x08000131   Thumb Code     0  entry2.o(.ARM.Collect$$$$00000001)
    _main_scatterload                        0x08000135   Thumb Code     0  entry5.o(.ARM.Collect$$$$00000004)
    __main_after_scatterload                 0x08000139   Thumb Code     0  entry5.o(.ARM.Collect$$$$00000004)
    _main_clock                              0x08000139   Thumb Code     0  entry7b.o(.ARM.Collect$$$$00000008)
    _main_cpp_init                           0x08000139   Thumb Code     0  entry8b.o(.ARM.Collect$$$$0000000A)
    _main_init                               0x08000139   Thumb Code     0  entry9a.o(.ARM.Collect$$$$0000000B)
    __rt_final_cpp                           0x08000141   Thumb Code     0  entry10a.o(.ARM.Collect$$$$0000000D)
    __rt_final_exit                          0x08000141   Thumb Code     0  entry11a.o(.ARM.Collect$$$$0000000F)
    Reset_Handler                            0x08000145   Thumb Code     8  startup_stm32f10x_hd.o(.text)
    ADC1_2_IRQHandler                        0x0800015f   Thumb Code     0  startup_stm32f10x_hd.o(.text)
    ADC3_IRQHandler                          0x0800015f   Thumb Code     0  startup_stm32f10x_hd.o(.text)
    CAN1_RX1_IRQHandler                      0x0800015f   Thumb Code     0  startup_stm32f10x_hd.o(.text)
    CAN1_SCE_IRQHandler                      0x0800015f   Thumb Code     0  startup_stm32f10x_hd.o(.text)
    DMA1_Channel1_IRQHandler                 0x0800015f   Thumb Code     0  startup_stm32f10x_hd.o(.text)
    DMA1_Channel2_IRQHandler                 0x0800015f   Thumb Code     0  startup_stm32f10x_hd.o(.text)
    DMA1_Channel3_IRQHandler                 0x0800015f   Thumb Code     0  startup_stm32f10x_hd.o(.text)
    DMA1_Channel4_IRQHandler                 0x0800015f   Thumb Code     0  startup_stm32f10x_hd.o(.text)
    DMA1_Channel5_IRQHandler                 0x0800015f   Thumb Code     0  startup_stm32f10x_hd.o(.text)
    DMA1_Channel6_IRQHandler                 0x0800015f   Thumb Code     0  startup_stm32f10x_hd.o(.text)
    DMA1_Channel7_IRQHandler                 0x0800015f   Thumb Code     0  startup_stm32f10x_hd.o(.text)
    DMA2_Channel1_IRQHandler                 0x0800015f   Thumb Code     0  startup_stm32f10x_hd.o(.text)
    DMA2_Channel2_IRQHandler                 0x0800015f   Thumb Code     0  startup_stm32f10x_hd.o(.text)
    DMA2_Channel3_IRQHandler                 0x0800015f   Thumb Code     0  startup_stm32f10x_hd.o(.text)
    DMA2_Channel4_5_IRQHandler               0x0800015f   Thumb Code     0  startup_stm32f10x_hd.o(.text)
    EXTI0_IRQHandler                         0x0800015f   Thumb Code     0  startup_stm32f10x_hd.o(.text)
    EXTI15_10_IRQHandler                     0x0800015f   Thumb Code     0  startup_stm32f10x_hd.o(.text)
    EXTI1_IRQHandler                         0x0800015f   Thumb Code     0  startup_stm32f10x_hd.o(.text)
    EXTI2_IRQHandler                         0x0800015f   Thumb Code     0  startup_stm32f10x_hd.o(.text)
    EXTI3_IRQHandler                         0x0800015f   Thumb Code     0  startup_stm32f10x_hd.o(.text)
    EXTI4_IRQHandler                         0x0800015f   Thumb Code     0  startup_stm32f10x_hd.o(.text)
    EXTI9_5_IRQHandler                       0x0800015f   Thumb Code     0  startup_stm32f10x_hd.o(.text)
    FLASH_IRQHandler                         0x0800015f   Thumb Code     0  startup_stm32f10x_hd.o(.text)
    FSMC_IRQHandler                          0x0800015f   Thumb Code     0  startup_stm32f10x_hd.o(.text)
    I2C1_ER_IRQHandler                       0x0800015f   Thumb Code     0  startup_stm32f10x_hd.o(.text)
    I2C1_EV_IRQHandler                       0x0800015f   Thumb Code     0  startup_stm32f10x_hd.o(.text)
    I2C2_ER_IRQHandler                       0x0800015f   Thumb Code     0  startup_stm32f10x_hd.o(.text)
    I2C2_EV_IRQHandler                       0x0800015f   Thumb Code     0  startup_stm32f10x_hd.o(.text)
    PVD_IRQHandler                           0x0800015f   Thumb Code     0  startup_stm32f10x_hd.o(.text)
    RCC_IRQHandler                           0x0800015f   Thumb Code     0  startup_stm32f10x_hd.o(.text)
    RTCAlarm_IRQHandler                      0x0800015f   Thumb Code     0  startup_stm32f10x_hd.o(.text)
    SDIO_IRQHandler                          0x0800015f   Thumb Code     0  startup_stm32f10x_hd.o(.text)
    SPI1_IRQHandler                          0x0800015f   Thumb Code     0  startup_stm32f10x_hd.o(.text)
    SPI2_IRQHandler                          0x0800015f   Thumb Code     0  startup_stm32f10x_hd.o(.text)
    SPI3_IRQHandler                          0x0800015f   Thumb Code     0  startup_stm32f10x_hd.o(.text)
    TAMPER_IRQHandler                        0x0800015f   Thumb Code     0  startup_stm32f10x_hd.o(.text)
    TIM1_BRK_IRQHandler                      0x0800015f   Thumb Code     0  startup_stm32f10x_hd.o(.text)
    TIM1_CC_IRQHandler                       0x0800015f   Thumb Code     0  startup_stm32f10x_hd.o(.text)
    TIM1_TRG_COM_IRQHandler                  0x0800015f   Thumb Code     0  startup_stm32f10x_hd.o(.text)
    TIM1_UP_IRQHandler                       0x0800015f   Thumb Code     0  startup_stm32f10x_hd.o(.text)
    TIM2_IRQHandler                          0x0800015f   Thumb Code     0  startup_stm32f10x_hd.o(.text)
    TIM3_IRQHandler                          0x0800015f   Thumb Code     0  startup_stm32f10x_hd.o(.text)
    TIM7_IRQHandler                          0x0800015f   Thumb Code     0  startup_stm32f10x_hd.o(.text)
    TIM8_BRK_IRQHandler                      0x0800015f   Thumb Code     0  startup_stm32f10x_hd.o(.text)
    TIM8_CC_IRQHandler                       0x0800015f   Thumb Code     0  startup_stm32f10x_hd.o(.text)
    TIM8_TRG_COM_IRQHandler                  0x0800015f   Thumb Code     0  startup_stm32f10x_hd.o(.text)
    TIM8_UP_IRQHandler                       0x0800015f   Thumb Code     0  startup_stm32f10x_hd.o(.text)
    UART4_IRQHandler                         0x0800015f   Thumb Code     0  startup_stm32f10x_hd.o(.text)
    UART5_IRQHandler                         0x0800015f   Thumb Code     0  startup_stm32f10x_hd.o(.text)
    USART2_IRQHandler                        0x0800015f   Thumb Code     0  startup_stm32f10x_hd.o(.text)
    USART3_IRQHandler                        0x0800015f   Thumb Code     0  startup_stm32f10x_hd.o(.text)
    USBWakeUp_IRQHandler                     0x0800015f   Thumb Code     0  startup_stm32f10x_hd.o(.text)
    USB_HP_CAN1_TX_IRQHandler                0x0800015f   Thumb Code     0  startup_stm32f10x_hd.o(.text)
    USB_LP_CAN1_RX0_IRQHandler               0x0800015f   Thumb Code     0  startup_stm32f10x_hd.o(.text)
    WWDG_IRQHandler                          0x0800015f   Thumb Code     0  startup_stm32f10x_hd.o(.text)
    __aeabi_memset                           0x08000169   Thumb Code    14  memseta.o(.text)
    __aeabi_memset4                          0x08000169   Thumb Code     0  memseta.o(.text)
    __aeabi_memset8                          0x08000169   Thumb Code     0  memseta.o(.text)
    __aeabi_memclr                           0x08000177   Thumb Code     4  memseta.o(.text)
    __aeabi_memclr4                          0x08000177   Thumb Code     0  memseta.o(.text)
    __aeabi_memclr8                          0x08000177   Thumb Code     0  memseta.o(.text)
    _memset$wrapper                          0x0800017b   Thumb Code    18  memseta.o(.text)
    strlen                                   0x0800018d   Thumb Code    14  strlen.o(.text)
    strcpy                                   0x0800019b   Thumb Code    18  strcpy.o(.text)
    __aeabi_uldivmod                         0x080001ad   Thumb Code    98  uldiv.o(.text)
    __aeabi_llsl                             0x0800020f   Thumb Code    30  llshl.o(.text)
    _ll_shift_l                              0x0800020f   Thumb Code     0  llshl.o(.text)
    __aeabi_llsr                             0x0800022d   Thumb Code    32  llushr.o(.text)
    _ll_ushift_r                             0x0800022d   Thumb Code     0  llushr.o(.text)
    __scatterload                            0x0800024d   Thumb Code    28  init.o(.text)
    __scatterload_rt2                        0x0800024d   Thumb Code     0  init.o(.text)
    ADC_Cmd                                  0x08000271   Thumb Code    22  stm32f10x_adc.o(i.ADC_Cmd)
    ADC_GetCalibrationStatus                 0x08000287   Thumb Code    20  stm32f10x_adc.o(i.ADC_GetCalibrationStatus)
    ADC_GetResetCalibrationStatus            0x0800029b   Thumb Code    20  stm32f10x_adc.o(i.ADC_GetResetCalibrationStatus)
    ADC_Init                                 0x080002b1   Thumb Code    70  stm32f10x_adc.o(i.ADC_Init)
    ADC_ResetCalibration                     0x08000301   Thumb Code    10  stm32f10x_adc.o(i.ADC_ResetCalibration)
    ADC_SoftwareStartConvCmd                 0x0800030b   Thumb Code    22  stm32f10x_adc.o(i.ADC_SoftwareStartConvCmd)
    ADC_StartCalibration                     0x08000321   Thumb Code    10  stm32f10x_adc.o(i.ADC_StartCalibration)
    ADC_TempSensorVrefintCmd                 0x0800032d   Thumb Code    30  stm32f10x_adc.o(i.ADC_TempSensorVrefintCmd)
    ADC_Temp_Init                            0x08000351   Thumb Code   118  adc_temp.o(i.ADC_Temp_Init)
    ADCx_Init                                0x080003cd   Thumb Code   140  adc.o(i.ADCx_Init)
    BKP_DeInit                               0x08000461   Thumb Code    16  stm32f10x_bkp.o(i.BKP_DeInit)
    BKP_ReadBackupRegister                   0x08000471   Thumb Code    24  stm32f10x_bkp.o(i.BKP_ReadBackupRegister)
    BKP_WriteBackupRegister                  0x0800048d   Thumb Code    22  stm32f10x_bkp.o(i.BKP_WriteBackupRegister)
    BusFault_Handler                         0x080004a9   Thumb Code     4  stm32f10x_it.o(i.BusFault_Handler)
    DebugMon_Handler                         0x080004ad   Thumb Code     2  stm32f10x_it.o(i.DebugMon_Handler)
    ENC28J60_Init                            0x080004b1   Thumb Code   366  enc28j60.o(i.ENC28J60_Init)
    ENC28J60_PHY_Write                       0x08000625   Thumb Code    62  enc28j60.o(i.ENC28J60_PHY_Write)
    ENC28J60_Read                            0x08000663   Thumb Code    20  enc28j60.o(i.ENC28J60_Read)
    ENC28J60_Read_Op                         0x08000679   Thumb Code    60  enc28j60.o(i.ENC28J60_Read_Op)
    ENC28J60_Reset                           0x080006b9   Thumb Code    52  enc28j60.o(i.ENC28J60_Reset)
    ENC28J60_Set_Bank                        0x080007ed   Thumb Code    48  enc28j60.o(i.ENC28J60_Set_Bank)
    ENC28J60_Write                           0x08000821   Thumb Code    24  enc28j60.o(i.ENC28J60_Write)
    ENC28J60_Write_Op                        0x08000839   Thumb Code    50  enc28j60.o(i.ENC28J60_Write_Op)
    FSMC_NORSRAMCmd                          0x08000875   Thumb Code    46  stm32f10x_fsmc.o(i.FSMC_NORSRAMCmd)
    FSMC_NORSRAMInit                         0x080008a9   Thumb Code   230  stm32f10x_fsmc.o(i.FSMC_NORSRAMInit)
    GPIO_Init                                0x0800098f   Thumb Code   278  stm32f10x_gpio.o(i.GPIO_Init)
    GPIO_ResetBits                           0x08000aa5   Thumb Code     4  stm32f10x_gpio.o(i.GPIO_ResetBits)
    GPIO_SetBits                             0x08000aa9   Thumb Code     4  stm32f10x_gpio.o(i.GPIO_SetBits)
    HardFault_Handler                        0x08000aad   Thumb Code     4  stm32f10x_it.o(i.HardFault_Handler)
    IWDG_Enable                              0x08000ab1   Thumb Code    10  stm32f10x_iwdg.o(i.IWDG_Enable)
    IWDG_Feed                                0x08000ac1   Thumb Code     8  wdg.o(i.IWDG_Feed)
    IWDG_Init                                0x08000ac9   Thumb Code    36  wdg.o(i.IWDG_Init)
    IWDG_ReloadCounter                       0x08000aed   Thumb Code    10  stm32f10x_iwdg.o(i.IWDG_ReloadCounter)
    IWDG_SetPrescaler                        0x08000afd   Thumb Code     6  stm32f10x_iwdg.o(i.IWDG_SetPrescaler)
    IWDG_SetReload                           0x08000b09   Thumb Code     6  stm32f10x_iwdg.o(i.IWDG_SetReload)
    IWDG_WriteAccessCmd                      0x08000b15   Thumb Code     6  stm32f10x_iwdg.o(i.IWDG_WriteAccessCmd)
    Is_Leap_Year                             0x08000b21   Thumb Code    58  rtc.o(i.Is_Leap_Year)
    KEY_Init                                 0x08000b5d   Thumb Code    64  key.o(i.KEY_Init)
    KEY_Scan                                 0x08000ba5   Thumb Code   142  key.o(i.KEY_Scan)
    LCD_Clear                                0x08000c41   Thumb Code    68  tftlcd.o(i.LCD_Clear)
    LCD_Display_Dir                          0x08000c89   Thumb Code    96  tftlcd.o(i.LCD_Display_Dir)
    LCD_DrawFRONT_COLOR                      0x08000ced   Thumb Code    28  tftlcd.o(i.LCD_DrawFRONT_COLOR)
    LCD_Set_Window                           0x08000d09   Thumb Code   166  tftlcd.o(i.LCD_Set_Window)
    LCD_ShowChar                             0x08000db5   Thumb Code   272  tftlcd.o(i.LCD_ShowChar)
    LCD_ShowString                           0x08000edd   Thumb Code   102  tftlcd.o(i.LCD_ShowString)
    LCD_WriteCmd                             0x08000f45   Thumb Code     6  tftlcd.o(i.LCD_WriteCmd)
    LCD_WriteData                            0x08000f51   Thumb Code     6  tftlcd.o(i.LCD_WriteData)
    LCD_WriteData_Color                      0x08000f5d   Thumb Code     6  tftlcd.o(i.LCD_WriteData_Color)
    LED_Clear                                0x08000f69   Thumb Code    68  led.o(i.LED_Clear)
    LED_Init                                 0x08000fb1   Thumb Code    46  led.o(i.LED_Init)
    LED_Output_0                             0x08000fe5   Thumb Code    52  led.o(i.LED_Output_0)
    LED_Output_1                             0x0800101d   Thumb Code    20  led.o(i.LED_Output_1)
    LED_Output_2                             0x08001035   Thumb Code    44  led.o(i.LED_Output_2)
    LED_Output_3                             0x08001065   Thumb Code    44  led.o(i.LED_Output_3)
    LED_Output_4                             0x08001095   Thumb Code    36  led.o(i.LED_Output_4)
    LED_Output_5                             0x080010bd   Thumb Code    44  led.o(i.LED_Output_5)
    LED_Output_6                             0x080010ed   Thumb Code    52  led.o(i.LED_Output_6)
    LED_Output_7                             0x08001125   Thumb Code    28  led.o(i.LED_Output_7)
    LED_Output_8                             0x08001145   Thumb Code    60  led.o(i.LED_Output_8)
    LED_Output_9                             0x08001185   Thumb Code    52  led.o(i.LED_Output_9)
    MemManage_Handler                        0x080011bd   Thumb Code     4  stm32f10x_it.o(i.MemManage_Handler)
    NMI_Handler                              0x080011c1   Thumb Code     2  stm32f10x_it.o(i.NMI_Handler)
    NVIC_Init                                0x080011c5   Thumb Code   100  misc.o(i.NVIC_Init)
    NVIC_PriorityGroupConfig                 0x08001235   Thumb Code    10  misc.o(i.NVIC_PriorityGroupConfig)
    PWR_BackupAccessCmd                      0x08001249   Thumb Code     6  stm32f10x_pwr.o(i.PWR_BackupAccessCmd)
    PendSV_Handler                           0x08001255   Thumb Code     2  stm32f10x_it.o(i.PendSV_Handler)
    RCC_ADCCLKConfig                         0x08001259   Thumb Code    18  stm32f10x_rcc.o(i.RCC_ADCCLKConfig)
    RCC_AHBPeriphClockCmd                    0x08001271   Thumb Code    26  stm32f10x_rcc.o(i.RCC_AHBPeriphClockCmd)
    RCC_APB1PeriphClockCmd                   0x08001291   Thumb Code    26  stm32f10x_rcc.o(i.RCC_APB1PeriphClockCmd)
    RCC_APB2PeriphClockCmd                   0x080012b1   Thumb Code    26  stm32f10x_rcc.o(i.RCC_APB2PeriphClockCmd)
    RCC_BackupResetCmd                       0x080012d1   Thumb Code     6  stm32f10x_rcc.o(i.RCC_BackupResetCmd)
    RCC_ClearFlag                            0x080012dd   Thumb Code    14  stm32f10x_rcc.o(i.RCC_ClearFlag)
    RCC_GetClocksFreq                        0x080012f1   Thumb Code   192  stm32f10x_rcc.o(i.RCC_GetClocksFreq)
    RCC_GetFlagStatus                        0x080013c5   Thumb Code    56  stm32f10x_rcc.o(i.RCC_GetFlagStatus)
    RCC_LSEConfig                            0x08001401   Thumb Code    46  stm32f10x_rcc.o(i.RCC_LSEConfig)
    RCC_RTCCLKCmd                            0x08001435   Thumb Code     6  stm32f10x_rcc.o(i.RCC_RTCCLKCmd)
    RCC_RTCCLKConfig                         0x08001441   Thumb Code    12  stm32f10x_rcc.o(i.RCC_RTCCLKConfig)
    RTC_ClearITPendingBit                    0x08001451   Thumb Code    12  stm32f10x_rtc.o(i.RTC_ClearITPendingBit)
    RTC_EnterConfigMode                      0x08001461   Thumb Code    14  stm32f10x_rtc.o(i.RTC_EnterConfigMode)
    RTC_ExitConfigMode                       0x08001475   Thumb Code    16  stm32f10x_rtc.o(i.RTC_ExitConfigMode)
    RTC_Get                                  0x08001489   Thumb Code   240  rtc.o(i.RTC_Get)
    RTC_GetCounter                           0x08001589   Thumb Code    16  stm32f10x_rtc.o(i.RTC_GetCounter)
    RTC_GetITStatus                          0x0800159d   Thumb Code    32  stm32f10x_rtc.o(i.RTC_GetITStatus)
    RTC_Get_Week                             0x080015c1   Thumb Code   116  rtc.o(i.RTC_Get_Week)
    RTC_IRQHandler                           0x08001639   Thumb Code    50  rtc.o(i.RTC_IRQHandler)
    RTC_ITConfig                             0x08001671   Thumb Code    26  stm32f10x_rtc.o(i.RTC_ITConfig)
    RTC_Init                                 0x08001691   Thumb Code   192  rtc.o(i.RTC_Init)
    RTC_Set                                  0x08001771   Thumb Code   184  rtc.o(i.RTC_Set)
    RTC_SetCounter                           0x08001839   Thumb Code    24  stm32f10x_rtc.o(i.RTC_SetCounter)
    RTC_SetPrescaler                         0x08001855   Thumb Code    26  stm32f10x_rtc.o(i.RTC_SetPrescaler)
    RTC_WaitForLastTask                      0x08001875   Thumb Code    16  stm32f10x_rtc.o(i.RTC_WaitForLastTask)
    RTC_WaitForSynchro                       0x08001889   Thumb Code    30  stm32f10x_rtc.o(i.RTC_WaitForSynchro)
    SPI2_ReadWriteByte                       0x080018ad   Thumb Code    50  spi.o(i.SPI2_ReadWriteByte)
    SPI2_SetSpeed                            0x080018e5   Thumb Code    36  spi.o(i.SPI2_SetSpeed)
    SPI_Cmd                                  0x0800190d   Thumb Code    24  stm32f10x_spi.o(i.SPI_Cmd)
    SPI_I2S_GetFlagStatus                    0x08001925   Thumb Code    18  stm32f10x_spi.o(i.SPI_I2S_GetFlagStatus)
    SPI_I2S_ReceiveData                      0x08001937   Thumb Code     6  stm32f10x_spi.o(i.SPI_I2S_ReceiveData)
    SPI_I2S_SendData                         0x0800193d   Thumb Code     4  stm32f10x_spi.o(i.SPI_I2S_SendData)
    SPI_Init                                 0x08001941   Thumb Code    60  stm32f10x_spi.o(i.SPI_Init)
    SVC_Handler                              0x0800197d   Thumb Code     2  stm32f10x_it.o(i.SVC_Handler)
    Set_Led_Number                           0x08001a69   Thumb Code   114  led.o(i.Set_Led_Number)
    SysTick_CLKSourceConfig                  0x08001adb   Thumb Code    40  misc.o(i.SysTick_CLKSourceConfig)
    SysTick_Handler                          0x08001b03   Thumb Code     2  stm32f10x_it.o(i.SysTick_Handler)
    SysTick_Init                             0x08001b05   Thumb Code    52  systick.o(i.SysTick_Init)
    SystemInit                               0x08001b41   Thumb Code    78  system_stm32f10x.o(i.SystemInit)
    TFTLCD_FSMC_Init                         0x08001ba1   Thumb Code   126  tftlcd.o(i.TFTLCD_FSMC_Init)
    TFTLCD_GPIO_Init                         0x08001c21   Thumb Code    98  tftlcd.o(i.TFTLCD_GPIO_Init)
    TFTLCD_Init                              0x08001c91   Thumb Code   916  tftlcd.o(i.TFTLCD_Init)
    TIM4_IRQHandler                          0x0800203d   Thumb Code    20  time.o(i.TIM4_IRQHandler)
    TIM5_IRQHandler                          0x08002055   Thumb Code    20  time.o(i.TIM5_IRQHandler)
    TIM6_IRQHandler                          0x0800206d   Thumb Code    32  time.o(i.TIM6_IRQHandler)
    TIM6_Init                                0x08002095   Thumb Code    90  time.o(i.TIM6_Init)
    TIM_ClearITPendingBit                    0x080020f5   Thumb Code     6  stm32f10x_tim.o(i.TIM_ClearITPendingBit)
    TIM_Cmd                                  0x080020fb   Thumb Code    24  stm32f10x_tim.o(i.TIM_Cmd)
    TIM_GetITStatus                          0x08002113   Thumb Code    34  stm32f10x_tim.o(i.TIM_GetITStatus)
    TIM_ITConfig                             0x08002135   Thumb Code    18  stm32f10x_tim.o(i.TIM_ITConfig)
    TIM_TimeBaseInit                         0x08002149   Thumb Code   122  stm32f10x_tim.o(i.TIM_TimeBaseInit)
    USART1_IRQHandler                        0x080021ed   Thumb Code    54  usart_1.o(i.USART1_IRQHandler)
    USART1_Init                              0x08002229   Thumb Code   174  usart_1.o(i.USART1_Init)
    USART_ClearFlag                          0x080022e1   Thumb Code    18  stm32f10x_usart.o(i.USART_ClearFlag)
    USART_Cmd                                0x080022f3   Thumb Code    24  stm32f10x_usart.o(i.USART_Cmd)
    USART_GetFlagStatus                      0x0800230b   Thumb Code    26  stm32f10x_usart.o(i.USART_GetFlagStatus)
    USART_GetITStatus                        0x08002325   Thumb Code    84  stm32f10x_usart.o(i.USART_GetITStatus)
    USART_ITConfig                           0x08002379   Thumb Code    74  stm32f10x_usart.o(i.USART_ITConfig)
    USART_Init                               0x080023c5   Thumb Code   210  stm32f10x_usart.o(i.USART_Init)
    USART_ReceiveData                        0x0800249d   Thumb Code    10  stm32f10x_usart.o(i.USART_ReceiveData)
    USART_SendData                           0x080024a7   Thumb Code     8  stm32f10x_usart.o(i.USART_SendData)
    UsageFault_Handler                       0x080024af   Thumb Code     4  stm32f10x_it.o(i.UsageFault_Handler)
    __0printf$5                              0x080024b5   Thumb Code    22  printf5.o(i.__0printf$5)
    __1printf$5                              0x080024b5   Thumb Code     0  printf5.o(i.__0printf$5)
    __2printf                                0x080024b5   Thumb Code     0  printf5.o(i.__0printf$5)
    __0sprintf$5                             0x080024d5   Thumb Code    34  printf5.o(i.__0sprintf$5)
    __1sprintf$5                             0x080024d5   Thumb Code     0  printf5.o(i.__0sprintf$5)
    __2sprintf                               0x080024d5   Thumb Code     0  printf5.o(i.__0sprintf$5)
    __scatterload_copy                       0x080024fd   Thumb Code    14  handlers.o(i.__scatterload_copy)
    __scatterload_null                       0x0800250b   Thumb Code     2  handlers.o(i.__scatterload_null)
    __scatterload_zeroinit                   0x0800250d   Thumb Code    14  handlers.o(i.__scatterload_zeroinit)
    delay_ms                                 0x080027e9   Thumb Code    72  systick.o(i.delay_ms)
    fputc                                    0x08002835   Thumb Code    32  usart_1.o(i.fputc)
    main                                     0x08002859   Thumb Code   476  main.o(i.main)
    screen_log_add                           0x08002add   Thumb Code   162  ring.o(i.screen_log_add)
    screen_log_init                          0x08002ba1   Thumb Code    24  ring.o(i.screen_log_init)
    screen_log_show                          0x08002bbd   Thumb Code   414  ring.o(i.screen_log_show)
    tapdev_init                              0x08002d6d   Thumb Code    54  tapdev.o(i.tapdev_init)
    ascii_1206                               0x08002dc4   Data        1140  tftlcd.o(.constdata)
    ascii_1608                               0x08003238   Data        1520  tftlcd.o(.constdata)
    ascii_2412                               0x08003828   Data        3420  tftlcd.o(.constdata)
    CnChar32x29                              0x08004584   Data        1062  tftlcd.o(.constdata)
    table_week                               0x080049aa   Data          12  rtc.o(.constdata)
    mon_table                                0x080049b6   Data          12  rtc.o(.constdata)
    mymac                                    0x080049c2   Data           6  tapdev.o(.constdata)
    Region$$Table$$Base                      0x080049c8   Number         0  anon$$obj.o(Region$$Table)
    Region$$Table$$Limit                     0x080049e8   Number         0  anon$$obj.o(Region$$Table)
    FRONT_COLOR                              0x20000002   Data           2  tftlcd.o(.data)
    BACK_COLOR                               0x20000004   Data           2  tftlcd.o(.data)
    tftlcd_data                              0x20000006   Data           8  tftlcd.o(.data)
    uip_timer                                0x2000002c   Data           4  time.o(.data)
    timebz                                   0x20000030   Data           1  rtc.o(.data)
    uip_hostaddr                             0x20000038   Data           4  uip.o(.data)
    uip_draddr                               0x2000003c   Data           4  uip.o(.data)
    uip_netmask                              0x20000040   Data           4  uip.o(.data)
    uip_ethaddr                              0x20000044   Data           6  uip.o(.data)
    uip_appdata                              0x2000004c   Data           4  uip.o(.data)
    uip_sappdata                             0x20000050   Data           4  uip.o(.data)
    uip_len                                  0x20000054   Data           2  uip.o(.data)
    uip_slen                                 0x20000056   Data           2  uip.o(.data)
    uip_flags                                0x20000058   Data           1  uip.o(.data)
    uip_conn                                 0x2000005c   Data           4  uip.o(.data)
    uip_acc32                                0x20000068   Data           4  uip.o(.data)
    __stdout                                 0x20000070   Data           4  stdout.o(.data)
    calendar                                 0x20000438   Data          10  rtc.o(.bss)
    __initial_sp                             0x20000848   Data           0  startup_stm32f10x_hd.o(STACK)



==============================================================================

Memory Map of the image

  Image Entry point : 0x08000145

  Load Region LR_1 (Base: 0x08000000, Size: 0x00004a5c, Max: 0xffffffff, ABSOLUTE)

    Execution Region ER_RO (Base: 0x08000000, Size: 0x000049e8, Max: 0xffffffff, ABSOLUTE)

    Base Addr    Size         Type   Attr      Idx    E Section Name        Object

    0x08000000   0x00000130   Data   RO          811    RESET               startup_stm32f10x_hd.o
    0x08000130   0x00000000   Code   RO         3512  * .ARM.Collect$$$$00000000  mc_w.l(entry.o)
    0x08000130   0x00000004   Code   RO         3798    .ARM.Collect$$$$00000001  mc_w.l(entry2.o)
    0x08000134   0x00000004   Code   RO         3801    .ARM.Collect$$$$00000004  mc_w.l(entry5.o)
    0x08000138   0x00000000   Code   RO         3803    .ARM.Collect$$$$00000008  mc_w.l(entry7b.o)
    0x08000138   0x00000000   Code   RO         3805    .ARM.Collect$$$$0000000A  mc_w.l(entry8b.o)
    0x08000138   0x00000008   Code   RO         3806    .ARM.Collect$$$$0000000B  mc_w.l(entry9a.o)
    0x08000140   0x00000000   Code   RO         3808    .ARM.Collect$$$$0000000D  mc_w.l(entry10a.o)
    0x08000140   0x00000000   Code   RO         3810    .ARM.Collect$$$$0000000F  mc_w.l(entry11a.o)
    0x08000140   0x00000004   Code   RO         3799    .ARM.Collect$$$$00002712  mc_w.l(entry2.o)
    0x08000144   0x00000024   Code   RO          812  * .text               startup_stm32f10x_hd.o
    0x08000168   0x00000024   Code   RO         3517    .text               mc_w.l(memseta.o)
    0x0800018c   0x0000000e   Code   RO         3519    .text               mc_w.l(strlen.o)
    0x0800019a   0x00000012   Code   RO         3521    .text               mc_w.l(strcpy.o)
    0x080001ac   0x00000062   Code   RO         3815    .text               mc_w.l(uldiv.o)
    0x0800020e   0x0000001e   Code   RO         3817    .text               mc_w.l(llshl.o)
    0x0800022c   0x00000020   Code   RO         3819    .text               mc_w.l(llushr.o)
    0x0800024c   0x00000024   Code   RO         3832    .text               mc_w.l(init.o)
    0x08000270   0x00000016   Code   RO         2110    i.ADC_Cmd           stm32f10x_adc.o
    0x08000286   0x00000014   Code   RO         2118    i.ADC_GetCalibrationStatus  stm32f10x_adc.o
    0x0800029a   0x00000014   Code   RO         2124    i.ADC_GetResetCalibrationStatus  stm32f10x_adc.o
    0x080002ae   0x00000002   PAD
    0x080002b0   0x00000050   Code   RO         2128    i.ADC_Init          stm32f10x_adc.o
    0x08000300   0x0000000a   Code   RO         2133    i.ADC_ResetCalibration  stm32f10x_adc.o
    0x0800030a   0x00000016   Code   RO         2135    i.ADC_SoftwareStartConvCmd  stm32f10x_adc.o
    0x08000320   0x0000000a   Code   RO         2137    i.ADC_StartCalibration  stm32f10x_adc.o
    0x0800032a   0x00000002   PAD
    0x0800032c   0x00000024   Code   RO         2139    i.ADC_TempSensorVrefintCmd  stm32f10x_adc.o
    0x08000350   0x0000007c   Code   RO         2769    i.ADC_Temp_Init     adc_temp.o
    0x080003cc   0x00000094   Code   RO         2751    i.ADCx_Init         adc.o
    0x08000460   0x00000010   Code   RO         2418    i.BKP_DeInit        stm32f10x_bkp.o
    0x08000470   0x0000001c   Code   RO         2423    i.BKP_ReadBackupRegister  stm32f10x_bkp.o
    0x0800048c   0x0000001c   Code   RO         2427    i.BKP_WriteBackupRegister  stm32f10x_bkp.o
    0x080004a8   0x00000004   Code   RO          192    i.BusFault_Handler  stm32f10x_it.o
    0x080004ac   0x00000002   Code   RO          193    i.DebugMon_Handler  stm32f10x_it.o
    0x080004ae   0x00000002   PAD
    0x080004b0   0x00000174   Code   RO         2555    i.ENC28J60_Init     enc28j60.o
    0x08000624   0x0000003e   Code   RO         2556    i.ENC28J60_PHY_Write  enc28j60.o
    0x08000662   0x00000014   Code   RO         2559    i.ENC28J60_Read     enc28j60.o
    0x08000676   0x00000002   PAD
    0x08000678   0x00000040   Code   RO         2561    i.ENC28J60_Read_Op  enc28j60.o
    0x080006b8   0x0000003c   Code   RO         2562    i.ENC28J60_Reset    enc28j60.o
    0x080006f4   0x000000f8   Code   RO         2563    i.ENC28J60_SPI2_Init  enc28j60.o
    0x080007ec   0x00000034   Code   RO         2564    i.ENC28J60_Set_Bank  enc28j60.o
    0x08000820   0x00000018   Code   RO         2565    i.ENC28J60_Write    enc28j60.o
    0x08000838   0x0000003c   Code   RO         2567    i.ENC28J60_Write_Op  enc28j60.o
    0x08000874   0x00000034   Code   RO          326    i.FSMC_NORSRAMCmd   stm32f10x_fsmc.o
    0x080008a8   0x000000e6   Code   RO          328    i.FSMC_NORSRAMInit  stm32f10x_fsmc.o
    0x0800098e   0x00000116   Code   RO          858    i.GPIO_Init         stm32f10x_gpio.o
    0x08000aa4   0x00000004   Code   RO          865    i.GPIO_ResetBits    stm32f10x_gpio.o
    0x08000aa8   0x00000004   Code   RO          866    i.GPIO_SetBits      stm32f10x_gpio.o
    0x08000aac   0x00000004   Code   RO          194    i.HardFault_Handler  stm32f10x_it.o
    0x08000ab0   0x00000010   Code   RO          990    i.IWDG_Enable       stm32f10x_iwdg.o
    0x08000ac0   0x00000008   Code   RO          752    i.IWDG_Feed         wdg.o
    0x08000ac8   0x00000024   Code   RO          753    i.IWDG_Init         wdg.o
    0x08000aec   0x00000010   Code   RO          992    i.IWDG_ReloadCounter  stm32f10x_iwdg.o
    0x08000afc   0x0000000c   Code   RO          993    i.IWDG_SetPrescaler  stm32f10x_iwdg.o
    0x08000b08   0x0000000c   Code   RO          994    i.IWDG_SetReload    stm32f10x_iwdg.o
    0x08000b14   0x0000000c   Code   RO          995    i.IWDG_WriteAccessCmd  stm32f10x_iwdg.o
    0x08000b20   0x0000003a   Code   RO         2793    i.Is_Leap_Year      rtc.o
    0x08000b5a   0x00000002   PAD
    0x08000b5c   0x00000048   Code   RO          461    i.KEY_Init          key.o
    0x08000ba4   0x0000009c   Code   RO          462    i.KEY_Scan          key.o
    0x08000c40   0x00000048   Code   RO          567    i.LCD_Clear         tftlcd.o
    0x08000c88   0x00000064   Code   RO          568    i.LCD_Display_Dir   tftlcd.o
    0x08000cec   0x0000001c   Code   RO          569    i.LCD_DrawFRONT_COLOR  tftlcd.o
    0x08000d08   0x000000ac   Code   RO          580    i.LCD_Set_Window    tftlcd.o
    0x08000db4   0x00000128   Code   RO          581    i.LCD_ShowChar      tftlcd.o
    0x08000edc   0x00000066   Code   RO          585    i.LCD_ShowString    tftlcd.o
    0x08000f42   0x00000002   PAD
    0x08000f44   0x0000000c   Code   RO          587    i.LCD_WriteCmd      tftlcd.o
    0x08000f50   0x0000000c   Code   RO          589    i.LCD_WriteData     tftlcd.o
    0x08000f5c   0x0000000c   Code   RO          590    i.LCD_WriteData_Color  tftlcd.o
    0x08000f68   0x00000048   Code   RO          483    i.LED_Clear         led.o
    0x08000fb0   0x00000034   Code   RO          484    i.LED_Init          led.o
    0x08000fe4   0x00000038   Code   RO          485    i.LED_Output_0      led.o
    0x0800101c   0x00000018   Code   RO          486    i.LED_Output_1      led.o
    0x08001034   0x00000030   Code   RO          487    i.LED_Output_2      led.o
    0x08001064   0x00000030   Code   RO          488    i.LED_Output_3      led.o
    0x08001094   0x00000028   Code   RO          489    i.LED_Output_4      led.o
    0x080010bc   0x00000030   Code   RO          490    i.LED_Output_5      led.o
    0x080010ec   0x00000038   Code   RO          491    i.LED_Output_6      led.o
    0x08001124   0x00000020   Code   RO          492    i.LED_Output_7      led.o
    0x08001144   0x00000040   Code   RO          493    i.LED_Output_8      led.o
    0x08001184   0x00000038   Code   RO          494    i.LED_Output_9      led.o
    0x080011bc   0x00000004   Code   RO          195    i.MemManage_Handler  stm32f10x_it.o
    0x080011c0   0x00000002   Code   RO          196    i.NMI_Handler       stm32f10x_it.o
    0x080011c2   0x00000002   PAD
    0x080011c4   0x00000070   Code   RO          816    i.NVIC_Init         misc.o
    0x08001234   0x00000014   Code   RO          817    i.NVIC_PriorityGroupConfig  misc.o
    0x08001248   0x0000000c   Code   RO         2494    i.PWR_BackupAccessCmd  stm32f10x_pwr.o
    0x08001254   0x00000002   Code   RO          197    i.PendSV_Handler    stm32f10x_it.o
    0x08001256   0x00000002   PAD
    0x08001258   0x00000018   Code   RO         1032    i.RCC_ADCCLKConfig  stm32f10x_rcc.o
    0x08001270   0x00000020   Code   RO         1033    i.RCC_AHBPeriphClockCmd  stm32f10x_rcc.o
    0x08001290   0x00000020   Code   RO         1034    i.RCC_APB1PeriphClockCmd  stm32f10x_rcc.o
    0x080012b0   0x00000020   Code   RO         1036    i.RCC_APB2PeriphClockCmd  stm32f10x_rcc.o
    0x080012d0   0x0000000c   Code   RO         1039    i.RCC_BackupResetCmd  stm32f10x_rcc.o
    0x080012dc   0x00000014   Code   RO         1040    i.RCC_ClearFlag     stm32f10x_rcc.o
    0x080012f0   0x000000d4   Code   RO         1044    i.RCC_GetClocksFreq  stm32f10x_rcc.o
    0x080013c4   0x0000003c   Code   RO         1045    i.RCC_GetFlagStatus  stm32f10x_rcc.o
    0x08001400   0x00000034   Code   RO         1052    i.RCC_LSEConfig     stm32f10x_rcc.o
    0x08001434   0x0000000c   Code   RO         1059    i.RCC_RTCCLKCmd     stm32f10x_rcc.o
    0x08001440   0x00000010   Code   RO         1060    i.RCC_RTCCLKConfig  stm32f10x_rcc.o
    0x08001450   0x00000010   Code   RO         2327    i.RTC_ClearITPendingBit  stm32f10x_rtc.o
    0x08001460   0x00000014   Code   RO         2328    i.RTC_EnterConfigMode  stm32f10x_rtc.o
    0x08001474   0x00000014   Code   RO         2329    i.RTC_ExitConfigMode  stm32f10x_rtc.o
    0x08001488   0x00000100   Code   RO         2795    i.RTC_Get           rtc.o
    0x08001588   0x00000014   Code   RO         2330    i.RTC_GetCounter    stm32f10x_rtc.o
    0x0800159c   0x00000024   Code   RO         2333    i.RTC_GetITStatus   stm32f10x_rtc.o
    0x080015c0   0x00000078   Code   RO         2796    i.RTC_Get_Week      rtc.o
    0x08001638   0x00000038   Code   RO         2797    i.RTC_IRQHandler    rtc.o
    0x08001670   0x00000020   Code   RO         2334    i.RTC_ITConfig      stm32f10x_rtc.o
    0x08001690   0x000000c0   Code   RO         2798    i.RTC_Init          rtc.o
    0x08001750   0x00000020   Code   RO         2799    i.RTC_NVIC_Config   rtc.o
    0x08001770   0x000000c8   Code   RO         2800    i.RTC_Set           rtc.o
    0x08001838   0x0000001c   Code   RO         2336    i.RTC_SetCounter    stm32f10x_rtc.o
    0x08001854   0x00000020   Code   RO         2337    i.RTC_SetPrescaler  stm32f10x_rtc.o
    0x08001874   0x00000014   Code   RO         2338    i.RTC_WaitForLastTask  stm32f10x_rtc.o
    0x08001888   0x00000024   Code   RO         2339    i.RTC_WaitForSynchro  stm32f10x_rtc.o
    0x080018ac   0x00000038   Code   RO         2655    i.SPI2_ReadWriteByte  spi.o
    0x080018e4   0x00000028   Code   RO         2656    i.SPI2_SetSpeed     spi.o
    0x0800190c   0x00000018   Code   RO         1417    i.SPI_Cmd           stm32f10x_spi.o
    0x08001924   0x00000012   Code   RO         1425    i.SPI_I2S_GetFlagStatus  stm32f10x_spi.o
    0x08001936   0x00000006   Code   RO         1428    i.SPI_I2S_ReceiveData  stm32f10x_spi.o
    0x0800193c   0x00000004   Code   RO         1429    i.SPI_I2S_SendData  stm32f10x_spi.o
    0x08001940   0x0000003c   Code   RO         1430    i.SPI_Init          stm32f10x_spi.o
    0x0800197c   0x00000002   Code   RO          198    i.SVC_Handler       stm32f10x_it.o
    0x0800197e   0x00000008   Code   RO          281    i.SetSysClock       system_stm32f10x.o
    0x08001986   0x00000002   PAD
    0x08001988   0x000000e0   Code   RO          282    i.SetSysClockTo72   system_stm32f10x.o
    0x08001a68   0x00000072   Code   RO          495    i.Set_Led_Number    led.o
    0x08001ada   0x00000028   Code   RO          820    i.SysTick_CLKSourceConfig  misc.o
    0x08001b02   0x00000002   Code   RO          199    i.SysTick_Handler   stm32f10x_it.o
    0x08001b04   0x0000003c   Code   RO         2860    i.SysTick_Init      systick.o
    0x08001b40   0x00000060   Code   RO          284    i.SystemInit        system_stm32f10x.o
    0x08001ba0   0x0000007e   Code   RO          591    i.TFTLCD_FSMC_Init  tftlcd.o
    0x08001c1e   0x00000002   PAD
    0x08001c20   0x00000070   Code   RO          592    i.TFTLCD_GPIO_Init  tftlcd.o
    0x08001c90   0x000003ac   Code   RO          593    i.TFTLCD_Init       tftlcd.o
    0x0800203c   0x00000018   Code   RO         2694    i.TIM4_IRQHandler   time.o
    0x08002054   0x00000018   Code   RO         2696    i.TIM5_IRQHandler   time.o
    0x0800206c   0x00000028   Code   RO         2698    i.TIM6_IRQHandler   time.o
    0x08002094   0x00000060   Code   RO         2699    i.TIM6_Init         time.o
    0x080020f4   0x00000006   Code   RO         1567    i.TIM_ClearITPendingBit  stm32f10x_tim.o
    0x080020fa   0x00000018   Code   RO         1572    i.TIM_Cmd           stm32f10x_tim.o
    0x08002112   0x00000022   Code   RO         1593    i.TIM_GetITStatus   stm32f10x_tim.o
    0x08002134   0x00000012   Code   RO         1597    i.TIM_ITConfig      stm32f10x_tim.o
    0x08002146   0x00000002   PAD
    0x08002148   0x000000a4   Code   RO         1643    i.TIM_TimeBaseInit  stm32f10x_tim.o
    0x080021ec   0x0000003c   Code   RO         2892    i.USART1_IRQHandler  usart_1.o
    0x08002228   0x000000b8   Code   RO         2893    i.USART1_Init       usart_1.o
    0x080022e0   0x00000012   Code   RO         1232    i.USART_ClearFlag   stm32f10x_usart.o
    0x080022f2   0x00000018   Code   RO         1236    i.USART_Cmd         stm32f10x_usart.o
    0x0800230a   0x0000001a   Code   RO         1239    i.USART_GetFlagStatus  stm32f10x_usart.o
    0x08002324   0x00000054   Code   RO         1240    i.USART_GetITStatus  stm32f10x_usart.o
    0x08002378   0x0000004a   Code   RO         1242    i.USART_ITConfig    stm32f10x_usart.o
    0x080023c2   0x00000002   PAD
    0x080023c4   0x000000d8   Code   RO         1243    i.USART_Init        stm32f10x_usart.o
    0x0800249c   0x0000000a   Code   RO         1250    i.USART_ReceiveData  stm32f10x_usart.o
    0x080024a6   0x00000008   Code   RO         1253    i.USART_SendData    stm32f10x_usart.o
    0x080024ae   0x00000004   Code   RO          200    i.UsageFault_Handler  stm32f10x_it.o
    0x080024b2   0x00000002   PAD
    0x080024b4   0x00000020   Code   RO         3658    i.__0printf$5       mc_w.l(printf5.o)
    0x080024d4   0x00000028   Code   RO         3660    i.__0sprintf$5      mc_w.l(printf5.o)
    0x080024fc   0x0000000e   Code   RO         3836    i.__scatterload_copy  mc_w.l(handlers.o)
    0x0800250a   0x00000002   Code   RO         3837    i.__scatterload_null  mc_w.l(handlers.o)
    0x0800250c   0x0000000e   Code   RO         3838    i.__scatterload_zeroinit  mc_w.l(handlers.o)
    0x0800251a   0x00000002   PAD
    0x0800251c   0x000002c0   Code   RO         3665    i._printf_core      mc_w.l(printf5.o)
    0x080027dc   0x0000000a   Code   RO         3667    i._sputc            mc_w.l(printf5.o)
    0x080027e6   0x00000002   PAD
    0x080027e8   0x0000004c   Code   RO         2862    i.delay_ms          systick.o
    0x08002834   0x00000024   Code   RO         2894    i.fputc             usart_1.o
    0x08002858   0x00000284   Code   RO            2    i.main              main.o
    0x08002adc   0x000000c4   Code   RO          435    i.screen_log_add    ring.o
    0x08002ba0   0x0000001c   Code   RO          436    i.screen_log_init   ring.o
    0x08002bbc   0x000001b0   Code   RO          437    i.screen_log_show   ring.o
    0x08002d6c   0x00000058   Code   RO         2932    i.tapdev_init       tapdev.o
    0x08002dc4   0x00001be6   Data   RO          594    .constdata          tftlcd.o
    0x080049aa   0x00000018   Data   RO         2802    .constdata          rtc.o
    0x080049c2   0x00000006   Data   RO         2935    .constdata          tapdev.o
    0x080049c8   0x00000020   Data   RO         3834    Region$$Table       anon$$obj.o


    Execution Region ER_RW (Base: 0x20000000, Size: 0x00000074, Max: 0xffffffff, ABSOLUTE)

    Base Addr    Size         Type   Attr      Idx    E Section Name        Object

    0x20000000   0x00000001   Data   RW          463    .data               key.o
    0x20000001   0x00000001   PAD
    0x20000002   0x0000000c   Data   RW          595    .data               tftlcd.o
    0x2000000e   0x00000014   Data   RW         1064    .data               stm32f10x_rcc.o
    0x20000022   0x00000002   PAD
    0x20000024   0x00000008   Data   RW         2568    .data               enc28j60.o
    0x2000002c   0x00000004   Data   RW         2700    .data               time.o
    0x20000030   0x00000004   Data   RW         2803    .data               rtc.o
    0x20000034   0x00000004   Data   RW         2864    .data               systick.o
    0x20000038   0x00000038   Data   RW         3237    .data               uip.o
    0x20000070   0x00000004   Data   RW         3812    .data               mc_w.l(stdout.o)


    Execution Region ER_ZI (Base: 0x20000074, Size: 0x000007d4, Max: 0xffffffff, ABSOLUTE)

    Base Addr    Size         Type   Attr      Idx    E Section Name        Object

    0x20000074   0x000003c4   Zero   RW          438    .bss                ring.o
    0x20000438   0x0000000a   Zero   RW         2801    .bss                rtc.o
    0x20000442   0x00000006   PAD
    0x20000448   0x00000400   Zero   RW          809    STACK               startup_stm32f10x_hd.o


==============================================================================

Image component sizes


      Code (inc. data)   RO Data    RW Data    ZI Data      Debug   Object Name

       148          8          0          0          0        576   adc.o
       124          6          0          0          0        560   adc_temp.o
       962         50          0          8          0       5954   enc28j60.o
       228         22          0          1          0       1050   key.o
       710         50          0          0          0       5926   led.o
       644        168          0          0          0     286951   main.o
       172         22          0          0          0       1953   misc.o
       656         56          0          0        964       2197   ring.o
       914         42         24          4         10       5309   rtc.o
        96         10          0          0          0       1017   spi.o
        36          8        304          0       1024        772   startup_stm32f10x_hd.o
       220         16          0          0          0       6300   stm32f10x_adc.o
        72         10          0          0          0       2592   stm32f10x_bkp.o
       282          6          0          0          0       1737   stm32f10x_fsmc.o
       286          0          0          0          0       2936   stm32f10x_gpio.o
        26          0          0          0          0       3478   stm32f10x_it.o
        68         30          0          0          0       2354   stm32f10x_iwdg.o
        12          6          0          0          0        486   stm32f10x_pwr.o
       504         76          0         20          0       8405   stm32f10x_rcc.o
       260         48          0          0          0       4900   stm32f10x_rtc.o
       112          0          0          0          0       3686   stm32f10x_spi.o
       246         42          0          0          0       3402   stm32f10x_tim.o
       460          6          0          0          0       6507   stm32f10x_usart.o
         0          0          0          0          0         32   sys.o
       328         28          0          0          0       1697   system_stm32f10x.o
       136         12          0          4          0       1158   systick.o
        88         34          6          0          0       1106   tapdev.o
      1984         94       7142         12          0      10132   tftlcd.o
       184         22          0          4          0       2106   time.o
         0          0          0         56          0       8176   uip.o
       280         20          0          0          0       1662   usart_1.o
        44          0          0          0          0        940   wdg.o

    ----------------------------------------------------------------------
     10308        892       7508        112       2004     386057   Object Totals
         0          0         32          0          0          0   (incl. Generated)
        26          0          0          3          6          0   (incl. Padding)

    ----------------------------------------------------------------------

      Code (inc. data)   RO Data    RW Data    ZI Data      Debug   Library Member Name

         0          0          0          0          0          0   entry.o
         0          0          0          0          0          0   entry10a.o
         0          0          0          0          0          0   entry11a.o
         8          4          0          0          0          0   entry2.o
         4          0          0          0          0          0   entry5.o
         0          0          0          0          0          0   entry7b.o
         0          0          0          0          0          0   entry8b.o
         8          4          0          0          0          0   entry9a.o
        30          0          0          0          0          0   handlers.o
        36          8          0          0          0         68   init.o
        30          0          0          0          0         68   llshl.o
        32          0          0          0          0         68   llushr.o
        36          0          0          0          0        108   memseta.o
       786         62          0          0          0        336   printf5.o
         0          0          0          4          0          0   stdout.o
        18          0          0          0          0         68   strcpy.o
        14          0          0          0          0         68   strlen.o
        98          0          0          0          0         92   uldiv.o

    ----------------------------------------------------------------------
      1104         78          0          4          0        876   Library Totals
         4          0          0          0          0          0   (incl. Padding)

    ----------------------------------------------------------------------

      Code (inc. data)   RO Data    RW Data    ZI Data      Debug   Library Name

      1100         78          0          4          0        876   mc_w.l

    ----------------------------------------------------------------------
      1104         78          0          4          0        876   Library Totals

    ----------------------------------------------------------------------

==============================================================================


      Code (inc. data)   RO Data    RW Data    ZI Data      Debug   

     11412        970       7508        116       2004     379753   Grand Totals
     11412        970       7508        116       2004     379753   ELF Image Totals
     11412        970       7508        116          0          0   ROM Totals

==============================================================================

    Total RO  Size (Code + RO Data)                18920 (  18.48kB)
    Total RW  Size (RW Data + ZI Data)              2120 (   2.07kB)
    Total ROM Size (Code + RO Data + RW Data)      19036 (  18.59kB)

==============================================================================

