Component: ARM Compiler 5.06 update 4 (build 422) Tool: armlink [4d35d2]

==============================================================================

Section Cross References

    main.o(i.Screen_Display) refers to memseta.o(.text) for __aeabi_memclr4
    main.o(i.Screen_Display) refers to printf5.o(i.__0sprintf$5) for __2sprintf
    main.o(i.Screen_Display) refers to ring.o(i.screen_log_add) for screen_log_add
    main.o(i.main) refers to memseta.o(.text) for __aeabi_memclr4
    main.o(i.main) refers to stm32f10x_rcc.o(i.RCC_GetFlagStatus) for RCC_GetFlagStatus
    main.o(i.main) refers to stm32f10x_rcc.o(i.RCC_ClearFlag) for RCC_ClearFlag
    main.o(i.main) refers to led.o(i.LED_Init) for LED_Init
    main.o(i.main) refers to systick.o(i.SysTick_Init) for SysTick_Init
    main.o(i.main) refers to systick.o(i.delay_init) for delay_init
    main.o(i.main) refers to usart_1.o(i.USART1_Init) for USART1_Init
    main.o(i.main) refers to tftlcd.o(i.TFTLCD_Init) for TFTLCD_Init
    main.o(i.main) refers to key.o(i.KEY_Init) for KEY_Init
    main.o(i.main) refers to wdg.o(i.IWDG_Init) for IWDG_Init
    main.o(i.main) refers to ring.o(i.screen_log_init) for screen_log_init
    main.o(i.main) refers to rtc.o(i.RTC_Init) for RTC_Init
    main.o(i.main) refers to adc.o(i.ADCx_Init) for ADCx_Init
    main.o(i.main) refers to adc_temp.o(i.ADC_Temp_Init) for ADC_Temp_Init
    main.o(i.main) refers to systick.o(i.delay_ms) for delay_ms
    main.o(i.main) refers to main.o(i.Screen_Display) for Screen_Display
    main.o(i.main) refers to led.o(i.LED_Clear) for LED_Clear
    main.o(i.main) refers to led.o(i.Set_Led_Number) for Set_Led_Number
    main.o(i.main) refers to ring.o(i.screen_log_show) for screen_log_show
    main.o(i.main) refers to key.o(i.KEY_Scan) for KEY_Scan
    main.o(i.main) refers to printf5.o(i.__0sprintf$5) for __2sprintf
    main.o(i.main) refers to tftlcd.o(i.LCD_ShowString) for LCD_ShowString
    main.o(i.main) refers to wdg.o(i.IWDG_Feed) for IWDG_Feed
    main.o(i.main) refers to tftlcd.o(.data) for FRONT_COLOR
    system_stm32f10x.o(i.SetSysClock) refers to system_stm32f10x.o(i.SetSysClockTo72) for SetSysClockTo72
    system_stm32f10x.o(i.SystemCoreClockUpdate) refers to system_stm32f10x.o(.data) for SystemCoreClock
    system_stm32f10x.o(i.SystemInit) refers to system_stm32f10x.o(i.SetSysClock) for SetSysClock
    ring.o(i.screen_log_add) refers to memseta.o(.text) for __aeabi_memclr4
    ring.o(i.screen_log_add) refers to strlen.o(.text) for strlen
    ring.o(i.screen_log_add) refers to strcpy.o(.text) for strcpy
    ring.o(i.screen_log_add) refers to printf5.o(i.__0sprintf$5) for __2sprintf
    ring.o(i.screen_log_add) refers to tftlcd.o(i.LCD_ShowString) for LCD_ShowString
    ring.o(i.screen_log_add) refers to ring.o(.bss) for log_list
    ring.o(i.screen_log_add) refers to tftlcd.o(.data) for FRONT_COLOR
    ring.o(i.screen_log_init) refers to ring.o(.bss) for log_list
    ring.o(i.screen_log_show) refers to memseta.o(.text) for __aeabi_memclr4
    ring.o(i.screen_log_show) refers to printf5.o(i.__0sprintf$5) for __2sprintf
    ring.o(i.screen_log_show) refers to tftlcd.o(i.LCD_ShowString) for LCD_ShowString
    ring.o(i.screen_log_show) refers to ring.o(.bss) for log_list
    ring.o(i.screen_log_show) refers to tftlcd.o(.data) for FRONT_COLOR
    key.o(i.KEY_Init) refers to stm32f10x_rcc.o(i.RCC_APB2PeriphClockCmd) for RCC_APB2PeriphClockCmd
    key.o(i.KEY_Init) refers to stm32f10x_gpio.o(i.GPIO_Init) for GPIO_Init
    key.o(i.KEY_Scan) refers to systick.o(i.delay_ms) for delay_ms
    key.o(i.KEY_Scan) refers to key.o(.data) for key
    led.o(i.LED_Clear) refers to stm32f10x_gpio.o(i.GPIO_SetBits) for GPIO_SetBits
    led.o(i.LED_Init) refers to stm32f10x_rcc.o(i.RCC_APB2PeriphClockCmd) for RCC_APB2PeriphClockCmd
    led.o(i.LED_Init) refers to stm32f10x_gpio.o(i.GPIO_Init) for GPIO_Init
    led.o(i.LED_Init) refers to stm32f10x_gpio.o(i.GPIO_SetBits) for GPIO_SetBits
    led.o(i.LED_Output_0) refers to stm32f10x_gpio.o(i.GPIO_ResetBits) for GPIO_ResetBits
    led.o(i.LED_Output_1) refers to stm32f10x_gpio.o(i.GPIO_ResetBits) for GPIO_ResetBits
    led.o(i.LED_Output_2) refers to stm32f10x_gpio.o(i.GPIO_ResetBits) for GPIO_ResetBits
    led.o(i.LED_Output_3) refers to stm32f10x_gpio.o(i.GPIO_ResetBits) for GPIO_ResetBits
    led.o(i.LED_Output_4) refers to stm32f10x_gpio.o(i.GPIO_ResetBits) for GPIO_ResetBits
    led.o(i.LED_Output_5) refers to stm32f10x_gpio.o(i.GPIO_ResetBits) for GPIO_ResetBits
    led.o(i.LED_Output_6) refers to stm32f10x_gpio.o(i.GPIO_ResetBits) for GPIO_ResetBits
    led.o(i.LED_Output_7) refers to stm32f10x_gpio.o(i.GPIO_ResetBits) for GPIO_ResetBits
    led.o(i.LED_Output_8) refers to stm32f10x_gpio.o(i.GPIO_ResetBits) for GPIO_ResetBits
    led.o(i.LED_Output_9) refers to stm32f10x_gpio.o(i.GPIO_ResetBits) for GPIO_ResetBits
    led.o(i.Set_Led_Number) refers to led.o(i.LED_Output_0) for LED_Output_0
[...]
    Removing stm32f10x_usart.o(i.USART_LINCmd), (24 bytes).
    Removing stm32f10x_usart.o(i.USART_OneBitMethodCmd), (24 bytes).
    Removing stm32f10x_usart.o(i.USART_OverSampling8Cmd), (22 bytes).
    Removing stm32f10x_usart.o(i.USART_ReceiverWakeUpCmd), (24 bytes).
    Removing stm32f10x_usart.o(i.USART_SendBreak), (10 bytes).
    Removing stm32f10x_usart.o(i.USART_SetAddress), (18 bytes).
    Removing stm32f10x_usart.o(i.USART_SetGuardTime), (16 bytes).
    Removing stm32f10x_usart.o(i.USART_SetPrescaler), (16 bytes).
    Removing stm32f10x_usart.o(i.USART_SmartCardCmd), (24 bytes).
    Removing stm32f10x_usart.o(i.USART_SmartCardNACKCmd), (24 bytes).
    Removing stm32f10x_usart.o(i.USART_StructInit), (24 bytes).
    Removing stm32f10x_usart.o(i.USART_WakeUpConfig), (18 bytes).
    Removing stm32f10x_spi.o(i.I2S_Cmd), (24 bytes).
    Removing stm32f10x_spi.o(i.I2S_Init), (232 bytes).
    Removing stm32f10x_spi.o(i.I2S_StructInit), (20 bytes).
    Removing stm32f10x_spi.o(i.SPI_BiDirectionalLineConfig), (28 bytes).
    Removing stm32f10x_spi.o(i.SPI_CalculateCRC), (24 bytes).
    Removing stm32f10x_spi.o(i.SPI_Cmd), (24 bytes).
    Removing stm32f10x_spi.o(i.SPI_DataSizeConfig), (18 bytes).
    Removing stm32f10x_spi.o(i.SPI_GetCRC), (16 bytes).
    Removing stm32f10x_spi.o(i.SPI_GetCRCPolynomial), (6 bytes).
    Removing stm32f10x_spi.o(i.SPI_I2S_ClearFlag), (6 bytes).
    Removing stm32f10x_spi.o(i.SPI_I2S_ClearITPendingBit), (20 bytes).
    Removing stm32f10x_spi.o(i.SPI_I2S_DMACmd), (18 bytes).
    Removing stm32f10x_spi.o(i.SPI_I2S_DeInit), (88 bytes).
    Removing stm32f10x_spi.o(i.SPI_I2S_GetFlagStatus), (18 bytes).
    Removing stm32f10x_spi.o(i.SPI_I2S_GetITStatus), (52 bytes).
    Removing stm32f10x_spi.o(i.SPI_I2S_ITConfig), (32 bytes).
    Removing stm32f10x_spi.o(i.SPI_I2S_ReceiveData), (6 bytes).
    Removing stm32f10x_spi.o(i.SPI_I2S_SendData), (4 bytes).
    Removing stm32f10x_spi.o(i.SPI_Init), (60 bytes).
    Removing stm32f10x_spi.o(i.SPI_NSSInternalSoftwareConfig), (30 bytes).
    Removing stm32f10x_spi.o(i.SPI_SSOutputCmd), (24 bytes).
    Removing stm32f10x_spi.o(i.SPI_StructInit), (24 bytes).
    Removing stm32f10x_spi.o(i.SPI_TransmitCRC), (10 bytes).
    Removing stm32f10x_tim.o(i.TI1_Config), (128 bytes).
    Removing stm32f10x_tim.o(i.TI2_Config), (152 bytes).
    Removing stm32f10x_tim.o(i.TI3_Config), (144 bytes).
    Removing stm32f10x_tim.o(i.TI4_Config), (152 bytes).
    Removing stm32f10x_tim.o(i.TIM_ARRPreloadConfig), (24 bytes).
    Removing stm32f10x_tim.o(i.TIM_BDTRConfig), (32 bytes).
    Removing stm32f10x_tim.o(i.TIM_BDTRStructInit), (18 bytes).
    Removing stm32f10x_tim.o(i.TIM_CCPreloadControl), (24 bytes).
    Removing stm32f10x_tim.o(i.TIM_CCxCmd), (30 bytes).
    Removing stm32f10x_tim.o(i.TIM_CCxNCmd), (30 bytes).
    Removing stm32f10x_tim.o(i.TIM_ClearFlag), (6 bytes).
    Removing stm32f10x_tim.o(i.TIM_ClearOC1Ref), (18 bytes).
    Removing stm32f10x_tim.o(i.TIM_ClearOC2Ref), (24 bytes).
    Removing stm32f10x_tim.o(i.TIM_ClearOC3Ref), (18 bytes).
    Removing stm32f10x_tim.o(i.TIM_ClearOC4Ref), (24 bytes).
    Removing stm32f10x_tim.o(i.TIM_Cmd), (24 bytes).
    Removing stm32f10x_tim.o(i.TIM_CounterModeConfig), (18 bytes).
    Removing stm32f10x_tim.o(i.TIM_CtrlPWMOutputs), (30 bytes).
    Removing stm32f10x_tim.o(i.TIM_DMACmd), (18 bytes).
    Removing stm32f10x_tim.o(i.TIM_DMAConfig), (10 bytes).
    Removing stm32f10x_tim.o(i.TIM_DeInit), (488 bytes).
    Removing stm32f10x_tim.o(i.TIM_ETRClockMode1Config), (54 bytes).
    Removing stm32f10x_tim.o(i.TIM_ETRClockMode2Config), (32 bytes).
    Removing stm32f10x_tim.o(i.TIM_ETRConfig), (28 bytes).
    Removing stm32f10x_tim.o(i.TIM_EncoderInterfaceConfig), (66 bytes).
    Removing stm32f10x_tim.o(i.TIM_ForcedOC1Config), (18 bytes).
    Removing stm32f10x_tim.o(i.TIM_ForcedOC2Config), (26 bytes).
    Removing stm32f10x_tim.o(i.TIM_ForcedOC3Config), (18 bytes).
    Removing stm32f10x_tim.o(i.TIM_ForcedOC4Config), (26 bytes).
    Removing stm32f10x_tim.o(i.TIM_GenerateEvent), (4 bytes).
    Removing stm32f10x_tim.o(i.TIM_GetCapture1), (6 bytes).
    Removing stm32f10x_tim.o(i.TIM_GetCapture2), (6 bytes).
    Removing stm32f10x_tim.o(i.TIM_GetCapture3), (6 bytes).
    Removing stm32f10x_tim.o(i.TIM_GetCapture4), (8 bytes).
    Removing stm32f10x_tim.o(i.TIM_GetCounter), (6 bytes).
    Removing stm32f10x_tim.o(i.TIM_GetFlagStatus), (18 bytes).
    Removing stm32f10x_tim.o(i.TIM_GetPrescaler), (6 bytes).
    Removing stm32f10x_tim.o(i.TIM_ICInit), (172 bytes).
    Removing stm32f10x_tim.o(i.TIM_ICStructInit), (18 bytes).
    Removing stm32f10x_tim.o(i.TIM_ITConfig), (18 bytes).
    Removing stm32f10x_tim.o(i.TIM_ITRxExternalClockConfig), (24 bytes).
    Removing stm32f10x_tim.o(i.TIM_InternalClockConfig), (12 bytes).
    Removing stm32f10x_tim.o(i.TIM_OC1FastConfig), (18 bytes).
    Removing stm32f10x_tim.o(i.TIM_OC1Init), (152 bytes).
    Removing stm32f10x_tim.o(i.TIM_OC1NPolarityConfig), (18 bytes).
    Removing stm32f10x_tim.o(i.TIM_OC1PolarityConfig), (18 bytes).
    Removing stm32f10x_tim.o(i.TIM_OC1PreloadConfig), (18 bytes).
    Removing stm32f10x_tim.o(i.TIM_OC2FastConfig), (26 bytes).
    Removing stm32f10x_tim.o(i.TIM_OC2Init), (164 bytes).
    Removing stm32f10x_tim.o(i.TIM_OC2NPolarityConfig), (26 bytes).
    Removing stm32f10x_tim.o(i.TIM_OC2PolarityConfig), (26 bytes).
    Removing stm32f10x_tim.o(i.TIM_OC2PreloadConfig), (26 bytes).
    Removing stm32f10x_tim.o(i.TIM_OC3FastConfig), (18 bytes).
    Removing stm32f10x_tim.o(i.TIM_OC3Init), (160 bytes).
    Removing stm32f10x_tim.o(i.TIM_OC3NPolarityConfig), (26 bytes).
    Removing stm32f10x_tim.o(i.TIM_OC3PolarityConfig), (26 bytes).
    Removing stm32f10x_tim.o(i.TIM_OC3PreloadConfig), (18 bytes).
    Removing stm32f10x_tim.o(i.TIM_OC4FastConfig), (26 bytes).
    Removing stm32f10x_tim.o(i.TIM_OC4Init), (124 bytes).
    Removing stm32f10x_tim.o(i.TIM_OC4PolarityConfig), (26 bytes).
    Removing stm32f10x_tim.o(i.TIM_OC4PreloadConfig), (26 bytes).
    Removing stm32f10x_tim.o(i.TIM_OCStructInit), (20 bytes).
    Removing stm32f10x_tim.o(i.TIM_PWMIConfig), (124 bytes).
    Removing stm32f10x_tim.o(i.TIM_PrescalerConfig), (6 bytes).
    Removing stm32f10x_tim.o(i.TIM_SelectCCDMA), (24 bytes).
    Removing stm32f10x_tim.o(i.TIM_SelectCOM), (24 bytes).
    Removing stm32f10x_tim.o(i.TIM_SelectHallSensor), (24 bytes).
    Removing stm32f10x_tim.o(i.TIM_SelectInputTrigger), (18 bytes).
    Removing stm32f10x_tim.o(i.TIM_SelectMasterSlaveMode), (18 bytes).
    Removing stm32f10x_tim.o(i.TIM_SelectOCxM), (82 bytes).
    Removing stm32f10x_tim.o(i.TIM_SelectOnePulseMode), (18 bytes).
    Removing stm32f10x_tim.o(i.TIM_SelectOutputTrigger), (18 bytes).
    Removing stm32f10x_tim.o(i.TIM_SelectSlaveMode), (18 bytes).
    Removing stm32f10x_tim.o(i.TIM_SetAutoreload), (4 bytes).
    Removing stm32f10x_tim.o(i.TIM_SetClockDivision), (18 bytes).
    Removing stm32f10x_tim.o(i.TIM_SetCompare1), (4 bytes).
    Removing stm32f10x_tim.o(i.TIM_SetCompare2), (4 bytes).
    Removing stm32f10x_tim.o(i.TIM_SetCompare3), (4 bytes).
    Removing stm32f10x_tim.o(i.TIM_SetCompare4), (6 bytes).
    Removing stm32f10x_tim.o(i.TIM_SetCounter), (4 bytes).
    Removing stm32f10x_tim.o(i.TIM_SetIC1Prescaler), (18 bytes).
    Removing stm32f10x_tim.o(i.TIM_SetIC2Prescaler), (26 bytes).
    Removing stm32f10x_tim.o(i.TIM_SetIC3Prescaler), (18 bytes).
    Removing stm32f10x_tim.o(i.TIM_SetIC4Prescaler), (26 bytes).
    Removing stm32f10x_tim.o(i.TIM_TIxExternalClockConfig), (62 bytes).
    Removing stm32f10x_tim.o(i.TIM_TimeBaseInit), (164 bytes).
    Removing stm32f10x_tim.o(i.TIM_TimeBaseStructInit), (18 bytes).
    Removing stm32f10x_tim.o(i.TIM_UpdateDisableConfig), (24 bytes).
    Removing stm32f10x_tim.o(i.TIM_UpdateRequestConfig), (24 bytes).
    Removing stm32f10x_adc.o(i.ADC_AnalogWatchdogCmd), (20 bytes).
    Removing stm32f10x_adc.o(i.ADC_AnalogWatchdogSingleChannelConfig), (16 bytes).
    Removing stm32f10x_adc.o(i.ADC_AnalogWatchdogThresholdsConfig), (6 bytes).
    Removing stm32f10x_adc.o(i.ADC_AutoInjectedConvCmd), (22 bytes).
    Removing stm32f10x_adc.o(i.ADC_ClearFlag), (6 bytes).
    Removing stm32f10x_adc.o(i.ADC_ClearITPendingBit), (10 bytes).
    Removing stm32f10x_adc.o(i.ADC_DMACmd), (22 bytes).
    Removing stm32f10x_adc.o(i.ADC_DeInit), (92 bytes).
    Removing stm32f10x_adc.o(i.ADC_DiscModeChannelCountConfig), (24 bytes).
    Removing stm32f10x_adc.o(i.ADC_DiscModeCmd), (22 bytes).
    Removing stm32f10x_adc.o(i.ADC_ExternalTrigConvCmd), (22 bytes).
    Removing stm32f10x_adc.o(i.ADC_ExternalTrigInjectedConvCmd), (22 bytes).
    Removing stm32f10x_adc.o(i.ADC_ExternalTrigInjectedConvConfig), (16 bytes).
    Removing stm32f10x_adc.o(i.ADC_GetConversionValue), (8 bytes).
    Removing stm32f10x_adc.o(i.ADC_GetDualModeConversionValue), (12 bytes).
    Removing stm32f10x_adc.o(i.ADC_GetFlagStatus), (18 bytes).
    Removing stm32f10x_adc.o(i.ADC_GetITStatus), (36 bytes).
    Removing stm32f10x_adc.o(i.ADC_GetInjectedConversionValue), (28 bytes).
    Removing stm32f10x_adc.o(i.ADC_GetSoftwareStartConvStatus), (20 bytes).
    Removing stm32f10x_adc.o(i.ADC_GetSoftwareStartInjectedConvCmdStatus), (20 bytes).
    Removing stm32f10x_adc.o(i.ADC_ITConfig), (24 bytes).
    Removing stm32f10x_adc.o(i.ADC_InjectedChannelConfig), (130 bytes).
    Removing stm32f10x_adc.o(i.ADC_InjectedDiscModeCmd), (22 bytes).
    Removing stm32f10x_adc.o(i.ADC_InjectedSequencerLengthConfig), (24 bytes).
    Removing stm32f10x_adc.o(i.ADC_RegularChannelConfig), (184 bytes).
    Removing stm32f10x_adc.o(i.ADC_SetInjectedOffset), (20 bytes).
    Removing stm32f10x_adc.o(i.ADC_SoftwareStartInjectedConvCmd), (22 bytes).
    Removing stm32f10x_adc.o(i.ADC_StructInit), (18 bytes).
    Removing stm32f10x_rtc.o(i.RTC_ClearFlag), (16 bytes).
    Removing stm32f10x_rtc.o(i.RTC_GetDivider), (24 bytes).
    Removing stm32f10x_rtc.o(i.RTC_GetFlagStatus), (24 bytes).
    Removing stm32f10x_rtc.o(i.RTC_SetAlarm), (28 bytes).
    Removing stm32f10x_bkp.o(i.BKP_ClearFlag), (20 bytes).
    Removing stm32f10x_bkp.o(i.BKP_ClearITPendingBit), (20 bytes).
    Removing stm32f10x_bkp.o(i.BKP_GetFlagStatus), (12 bytes).
    Removing stm32f10x_bkp.o(i.BKP_GetITStatus), (12 bytes).
    Removing stm32f10x_bkp.o(i.BKP_ITConfig), (12 bytes).
    Removing stm32f10x_bkp.o(i.BKP_RTCOutputConfig), (28 bytes).
    Removing stm32f10x_bkp.o(i.BKP_SetRTCCalibrationValue), (28 bytes).
    Removing stm32f10x_bkp.o(i.BKP_TamperPinCmd), (12 bytes).
    Removing stm32f10x_bkp.o(i.BKP_TamperPinLevelConfig), (12 bytes).
    Removing stm32f10x_pwr.o(i.PWR_ClearFlag), (20 bytes).
    Removing stm32f10x_pwr.o(i.PWR_DeInit), (22 bytes).
    Removing stm32f10x_pwr.o(i.PWR_EnterSTANDBYMode), (52 bytes).
    Removing stm32f10x_pwr.o(i.PWR_EnterSTOPMode), (64 bytes).
    Removing stm32f10x_pwr.o(i.PWR_GetFlagStatus), (24 bytes).
    Removing stm32f10x_pwr.o(i.PWR_PVDCmd), (12 bytes).
    Removing stm32f10x_pwr.o(i.PWR_PVDLevelConfig), (24 bytes).
    Removing stm32f10x_pwr.o(i.PWR_WakeUpPinCmd), (12 bytes).
    Removing enc28j60.o(i.ENC28J60_Get_EREVID), (10 bytes).
    Removing enc28j60.o(i.ENC28J60_Init), (372 bytes).
    Removing enc28j60.o(i.ENC28J60_PHY_Write), (62 bytes).
    Removing enc28j60.o(i.ENC28J60_Packet_Receive), (192 bytes).
    Removing enc28j60.o(i.ENC28J60_Packet_Send), (102 bytes).
    Removing enc28j60.o(i.ENC28J60_Read), (20 bytes).
    Removing enc28j60.o(i.ENC28J60_Read_Buf), (52 bytes).
    Removing enc28j60.o(i.ENC28J60_Read_Op), (64 bytes).
    Removing enc28j60.o(i.ENC28J60_Reset), (60 bytes).
    Removing enc28j60.o(i.ENC28J60_SPI2_Init), (248 bytes).
    Removing enc28j60.o(i.ENC28J60_Set_Bank), (52 bytes).
    Removing enc28j60.o(i.ENC28J60_Write), (24 bytes).
    Removing enc28j60.o(i.ENC28J60_Write_Buf), (48 bytes).
    Removing enc28j60.o(i.ENC28J60_Write_Op), (60 bytes).
    Removing enc28j60.o(.data), (8 bytes).
    Removing spi.o(i.SPI1_Init), (136 bytes).
    Removing spi.o(i.SPI1_ReadWriteByte), (56 bytes).
    Removing spi.o(i.SPI1_SetSpeed), (40 bytes).
    Removing spi.o(i.SPI2_Init), (140 bytes).
    Removing spi.o(i.SPI2_ReadWriteByte), (56 bytes).
    Removing spi.o(i.SPI2_SetSpeed), (40 bytes).
    Removing time.o(i.TIM3_Init), (96 bytes).
    Removing time.o(i.TIM4_Init), (104 bytes).
    Removing time.o(i.TIM5_Init), (92 bytes).
    Removing time.o(i.TIM6_Init), (96 bytes).
    Removing adc.o(i.Get_ADC_Value), (84 bytes).
    Removing adc_temp.o(i.Get_ADC_Temp_Value), (84 bytes).
    Removing adc_temp.o(i.Get_Temperture), (132 bytes).
    Removing rtc.o(i.RTC_Alarm_Set), (200 bytes).
    Removing systick.o(i.delay_us), (76 bytes).
    Removing clock-arch.o(i.clock_time), (12 bytes).
    Removing tapdev.o(i.tapdev_init), (56 bytes).
    Removing tapdev.o(i.tapdev_read), (20 bytes).
    Removing tapdev.o(i.tapdev_send), (24 bytes).
    Removing tapdev.o(.constdata), (6 bytes).
    Removing tcp_client_demo.o(i.tcp_client_aborted), (56 bytes).
    Removing tcp_client_demo.o(i.tcp_client_acked), (48 bytes).
    Removing tcp_client_demo.o(i.tcp_client_closed), (56 bytes).
    Removing tcp_client_demo.o(i.tcp_client_connected), (128 bytes).
    Removing tcp_client_demo.o(i.tcp_client_demo_appcall), (256 bytes).
    Removing tcp_client_demo.o(i.tcp_client_reconnect), (42 bytes).
    Removing tcp_client_demo.o(i.tcp_client_senddata), (32 bytes).
    Removing tcp_client_demo.o(i.tcp_client_timedout), (52 bytes).
    Removing tcp_client_demo.o(.bss), (200 bytes).
    Removing tcp_client_demo.o(.data), (1 bytes).
    Removing tcp_demo.o(i.tcp_demo_appcall), (56 bytes).
    Removing tcp_demo.o(i.uip_log), (32 bytes).
    Removing tcp_server_demo.o(i.tcp_server_aborted), (52 bytes).
    Removing tcp_server_demo.o(i.tcp_server_acked), (48 bytes).
    Removing tcp_server_demo.o(i.tcp_server_closed), (52 bytes).
    Removing tcp_server_demo.o(i.tcp_server_connected), (128 bytes).
    Removing tcp_server_demo.o(i.tcp_server_demo_appcall), (256 bytes).
    Removing tcp_server_demo.o(i.tcp_server_senddata), (32 bytes).
    Removing tcp_server_demo.o(i.tcp_server_timedout), (52 bytes).
    Removing tcp_server_demo.o(.bss), (200 bytes).
    Removing tcp_server_demo.o(.data), (1 bytes).
    Removing psock.o(i.buf_bufdata), (150 bytes).
    Removing psock.o(i.buf_bufto), (102 bytes).
    Removing psock.o(i.buf_setup), (6 bytes).
    Removing psock.o(i.data_acked), (92 bytes).
    Removing psock.o(i.psock_datalen), (12 bytes).
    Removing psock.o(i.psock_generator_send), (132 bytes).
    Removing psock.o(i.psock_init), (40 bytes).
    Removing psock.o(i.psock_newdata), (52 bytes).
    Removing psock.o(i.psock_readbuf), (168 bytes).
    Removing psock.o(i.psock_readto), (148 bytes).
    Removing psock.o(i.psock_send), (102 bytes).
    Removing psock.o(i.send_data), (80 bytes).
    Removing timer.o(i.timer_expired), (26 bytes).
    Removing timer.o(i.timer_reset), (10 bytes).
    Removing timer.o(i.timer_restart), (12 bytes).
    Removing timer.o(i.timer_set), (16 bytes).
    Removing uip.o(i.chksum), (70 bytes).
    Removing uip.o(i.htons), (12 bytes).
    Removing uip.o(i.uip_add32), (112 bytes).
    Removing uip.o(i.uip_add_rcv_nxt), (68 bytes).
    Removing uip.o(i.uip_chksum), (24 bytes).
    Removing uip.o(i.uip_connect), (272 bytes).
    Removing uip.o(i.uip_init), (108 bytes).
    Removing uip.o(i.uip_ipchksum), (36 bytes).
    Removing uip.o(i.uip_listen), (64 bytes).
    Removing uip.o(i.uip_process), (4012 bytes).
    Removing uip.o(i.uip_send), (48 bytes).
    Removing uip.o(i.uip_setipid), (12 bytes).
    Removing uip.o(i.uip_tcpchksum), (10 bytes).
    Removing uip.o(i.uip_udpchksum), (10 bytes).
    Removing uip.o(i.uip_unlisten), (68 bytes).
    Removing uip.o(i.upper_layer_chksum), (72 bytes).
    Removing uip.o(.bss), (5824 bytes).
    Removing uip.o(.constdata), (4 bytes).
    Removing uip.o(.data), (56 bytes).
    Removing uip_arp.o(i.uip_arp_arpin), (232 bytes).
    Removing uip_arp.o(i.uip_arp_init), (56 bytes).
    Removing uip_arp.o(i.uip_arp_out), (416 bytes).
    Removing uip_arp.o(i.uip_arp_timer), (88 bytes).
    Removing uip_arp.o(i.uip_arp_update), (292 bytes).
    Removing uip_arp.o(.bss), (96 bytes).
    Removing uip_arp.o(.constdata), (10 bytes).
    Removing uip_arp.o(.data), (8 bytes).
    Removing uip-fw.o(i.find_netif), (52 bytes).
    Removing uip-fw.o(i.fwcache_register), (116 bytes).
    Removing uip-fw.o(i.ipaddr_maskcmp), (44 bytes).
    Removing uip-fw.o(i.time_exceeded), (172 bytes).
    Removing uip-fw.o(i.uip_fw_default), (12 bytes).
    Removing uip-fw.o(i.uip_fw_forward), (240 bytes).
    Removing uip-fw.o(i.uip_fw_init), (44 bytes).
    Removing uip-fw.o(i.uip_fw_output), (40 bytes).
    Removing uip-fw.o(i.uip_fw_periodic), (32 bytes).
    Removing uip-fw.o(i.uip_fw_register), (16 bytes).
    Removing uip-fw.o(.bss), (28 bytes).
    Removing uip-fw.o(.data), (8 bytes).
    Removing uiplib.o(i.uiplib_ipaddrconv), (94 bytes).
    Removing uip-neighbor.o(i.find_entry), (68 bytes).
    Removing uip-neighbor.o(i.uip_neighbor_add), (172 bytes).
    Removing uip-neighbor.o(i.uip_neighbor_init), (32 bytes).
    Removing uip-neighbor.o(i.uip_neighbor_lookup), (22 bytes).
    Removing uip-neighbor.o(i.uip_neighbor_periodic), (56 bytes).
    Removing uip-neighbor.o(i.uip_neighbor_update), (20 bytes).
    Removing uip-neighbor.o(.bss), (96 bytes).
    Removing uip-split.o(i.uip_split_output), (268 bytes).
    Removing dadd.o(.text), (334 bytes).
    Removing dmul.o(.text), (228 bytes).
    Removing ddiv.o(.text), (222 bytes).
    Removing ffltui.o(.text), (10 bytes).
    Removing dfixi.o(.text), (62 bytes).
    Removing f2d.o(.text), (38 bytes).
    Removing fepilogue.o(.text), (110 bytes).
    Removing depilogue.o(.text), (186 bytes).
    Removing dfixul.o(.text), (48 bytes).
    Removing cdrcmple.o(.text), (48 bytes).

395 unused section(s) (total 33260 bytes) removed from the image.

==============================================================================

Image Symbol Table

    Local Symbols

    Symbol Name                              Value     Ov Type        Size  Object(Section)

    ../clib/microlib/division.c              0x00000000   Number         0  uidiv.o ABSOLUTE
    ../clib/microlib/division.c              0x00000000   Number         0  uldiv.o ABSOLUTE
    ../clib/microlib/init/entry.s            0x00000000   Number         0  entry10b.o ABSOLUTE
    ../clib/microlib/init/entry.s            0x00000000   Number         0  entry2.o ABSOLUTE
    ../clib/microlib/init/entry.s            0x00000000   Number         0  entry10a.o ABSOLUTE
    ../clib/microlib/init/entry.s            0x00000000   Number         0  entry9b.o ABSOLUTE
    ../clib/microlib/init/entry.s            0x00000000   Number         0  entry5.o ABSOLUTE
    ../clib/microlib/init/entry.s            0x00000000   Number         0  entry7a.o ABSOLUTE
    ../clib/microlib/init/entry.s            0x00000000   Number         0  entry.o ABSOLUTE
    ../clib/microlib/init/entry.s            0x00000000   Number         0  entry7b.o ABSOLUTE
    ../clib/microlib/init/entry.s            0x00000000   Number         0  entry8a.o ABSOLUTE
    ../clib/microlib/init/entry.s            0x00000000   Number         0  entry8b.o ABSOLUTE
    ../clib/microlib/init/entry.s            0x00000000   Number         0  entry11b.o ABSOLUTE
    ../clib/microlib/init/entry.s            0x00000000   Number         0  entry9a.o ABSOLUTE
    ../clib/microlib/init/entry.s            0x00000000   Number         0  entry11a.o ABSOLUTE
    ../clib/microlib/longlong.c              0x00000000   Number         0  llushr.o ABSOLUTE
    ../clib/microlib/longlong.c              0x00000000   Number         0  llshl.o ABSOLUTE
    ../clib/microlib/longlong.c              0x00000000   Number         0  llsshr.o ABSOLUTE
    ../clib/microlib/printf/printf.c         0x00000000   Number         0  printf1.o ABSOLUTE
    ../clib/microlib/printf/printf.c         0x00000000   Number         0  printf0.o ABSOLUTE
    ../clib/microlib/printf/printf.c         0x00000000   Number         0  printf2.o ABSOLUTE
    ../clib/microlib/printf/printf.c         0x00000000   Number         0  printf3.o ABSOLUTE
    ../clib/microlib/printf/printf.c         0x00000000   Number         0  printf4.o ABSOLUTE
    ../clib/microlib/printf/printf.c         0x00000000   Number         0  printf5.o ABSOLUTE
    ../clib/microlib/printf/printf.c         0x00000000   Number         0  printf8.o ABSOLUTE
    ../clib/microlib/printf/printf.c         0x00000000   Number         0  printfa.o ABSOLUTE
    ../clib/microlib/printf/printf.c         0x00000000   Number         0  printfb.o ABSOLUTE
    ../clib/microlib/printf/printf.c         0x00000000   Number         0  printf6.o ABSOLUTE
    ../clib/microlib/printf/printf.c         0x00000000   Number         0  printf7.o ABSOLUTE
    ../clib/microlib/printf/stubs.s          0x00000000   Number         0  stubs.o ABSOLUTE
    ../clib/microlib/stdio/streams.c         0x00000000   Number         0  stdout.o ABSOLUTE
    ../clib/microlib/string/memcpy.c         0x00000000   Number         0  memcpya.o ABSOLUTE
    ../clib/microlib/string/memcpy.c         0x00000000   Number         0  memcpyb.o ABSOLUTE
    ../clib/microlib/string/memset.c         0x00000000   Number         0  memseta.o ABSOLUTE
    ../clib/microlib/string/strcpy.c         0x00000000   Number         0  strcpy.o ABSOLUTE
    ../clib/microlib/string/strlen.c         0x00000000   Number         0  strlen.o ABSOLUTE
    ../clib/microlib/stubs.s                 0x00000000   Number         0  iusefp.o ABSOLUTE
    ../fplib/microlib/f2d.c                  0x00000000   Number         0  f2d.o ABSOLUTE
    ../fplib/microlib/fpadd.c                0x00000000   Number         0  dadd.o ABSOLUTE
    ../fplib/microlib/fpdiv.c                0x00000000   Number         0  ddiv.o ABSOLUTE
    ../fplib/microlib/fpepilogue.c           0x00000000   Number         0  depilogue.o ABSOLUTE
    ../fplib/microlib/fpepilogue.c           0x00000000   Number         0  fepilogue.o ABSOLUTE
    ../fplib/microlib/fpfix.c                0x00000000   Number         0  dfixi.o ABSOLUTE
    ../fplib/microlib/fpfix.c                0x00000000   Number         0  dfixul.o ABSOLUTE
    ../fplib/microlib/fpflt.c                0x00000000   Number         0  ffltui.o ABSOLUTE
    ../fplib/microlib/fpmul.c                0x00000000   Number         0  dmul.o ABSOLUTE
    ..\APP\ENC28J60\enc28j60.c               0x00000000   Number         0  enc28j60.o ABSOLUTE
    ..\APP\adc\adc.c                         0x00000000   Number         0  adc.o ABSOLUTE
    ..\APP\adc_temp\adc_temp.c               0x00000000   Number         0  adc_temp.o ABSOLUTE
    ..\APP\rtc\rtc.c                         0x00000000   Number         0  rtc.o ABSOLUTE
    ..\APP\spi\spi.c                         0x00000000   Number         0  spi.o ABSOLUTE
    ..\APP\time\time.c                       0x00000000   Number         0  time.o ABSOLUTE
    ..\CORE\core_cm3.c                       0x00000000   Number         0  core_cm3.o ABSOLUTE
    ..\CORE\startup_stm32f10x_hd.s           0x00000000   Number         0  startup_stm32f10x_hd.o ABSOLUTE
    ..\HARDWARE\Dog\wdg.c                    0x00000000   Number         0  wdg.o ABSOLUTE
    ..\HARDWARE\LED\led.c                    0x00000000   Number         0  led.o ABSOLUTE
    ..\HARDWARE\SCREEN\tftlcd.c              0x00000000   Number         0  tftlcd.o ABSOLUTE
    ..\Public\SysTick.c                      0x00000000   Number         0  systick.o ABSOLUTE
    ..\Public\system.c                       0x00000000   Number         0  system.o ABSOLUTE
    ..\Public\usart.c                        0x00000000   Number         0  usart_1.o ABSOLUTE
    ..\STM32F10x_FWLib\src\misc.c            0x00000000   Number         0  misc.o ABSOLUTE
    ..\STM32F10x_FWLib\src\stm32f10x_adc.c   0x00000000   Number         0  stm32f10x_adc.o ABSOLUTE
    ..\STM32F10x_FWLib\src\stm32f10x_bkp.c   0x00000000   Number         0  stm32f10x_bkp.o ABSOLUTE
    ..\STM32F10x_FWLib\src\stm32f10x_dbgmcu.c 0x00000000   Number         0  stm32f10x_dbgmcu.o ABSOLUTE
    ..\STM32F10x_FWLib\src\stm32f10x_fsmc.c  0x00000000   Number         0  stm32f10x_fsmc.o ABSOLUTE
    ..\STM32F10x_FWLib\src\stm32f10x_gpio.c  0x00000000   Number         0  stm32f10x_gpio.o ABSOLUTE
    ..\STM32F10x_FWLib\src\stm32f10x_iwdg.c  0x00000000   Number         0  stm32f10x_iwdg.o ABSOLUTE
    ..\STM32F10x_FWLib\src\stm32f10x_pwr.c   0x00000000   Number         0  stm32f10x_pwr.o ABSOLUTE
    ..\STM32F10x_FWLib\src\stm32f10x_rcc.c   0x00000000   Number         0  stm32f10x_rcc.o ABSOLUTE
    ..\STM32F10x_FWLib\src\stm32f10x_rtc.c   0x00000000   Number         0  stm32f10x_rtc.o ABSOLUTE
    ..\STM32F10x_FWLib\src\stm32f10x_spi.c   0x00000000   Number         0  stm32f10x_spi.o ABSOLUTE
    ..\STM32F10x_FWLib\src\stm32f10x_tim.c   0x00000000   Number         0  stm32f10x_tim.o ABSOLUTE
    ..\STM32F10x_FWLib\src\stm32f10x_usart.c 0x00000000   Number         0  stm32f10x_usart.o ABSOLUTE
    ..\SYSTEM\sys\sys.c                      0x00000000   Number         0  sys.o ABSOLUTE
    ..\\CORE\\core_cm3.c                     0x00000000   Number         0  core_cm3.o ABSOLUTE
    ..\\SYSTEM\\sys\\sys.c                   0x00000000   Number         0  sys.o ABSOLUTE
    ..\uIP-1.0\uip\psock.c                   0x00000000   Number         0  psock.o ABSOLUTE
    ..\uIP-1.0\uip\timer.c                   0x00000000   Number         0  timer.o ABSOLUTE
    ..\uIP-1.0\uip\uip-fw.c                  0x00000000   Number         0  uip-fw.o ABSOLUTE
    ..\uIP-1.0\uip\uip-neighbor.c            0x00000000   Number         0  uip-neighbor.o ABSOLUTE
    ..\uIP-1.0\uip\uip-split.c               0x00000000   Number         0  uip-split.o ABSOLUTE
    ..\uIP-1.0\uip\uip.c                     0x00000000   Number         0  uip.o ABSOLUTE
    ..\uIP-1.0\uip\uip_arp.c                 0x00000000   Number         0  uip_arp.o ABSOLUTE
    ..\uIP-1.0\uip\uiplib.c                  0x00000000   Number         0  uiplib.o ABSOLUTE
    ..\uIP-APP\clock-arch.c                  0x00000000   Number         0  clock-arch.o ABSOLUTE
    ..\uIP-APP\tapdev.c                      0x00000000   Number         0  tapdev.o ABSOLUTE
    ..\uIP-APP\tcp_client_demo.c             0x00000000   Number         0  tcp_client_demo.o ABSOLUTE
    ..\uIP-APP\tcp_demo.c                    0x00000000   Number         0  tcp_demo.o ABSOLUTE
    ..\uIP-APP\tcp_server_demo.c             0x00000000   Number         0  tcp_server_demo.o ABSOLUTE
    cdrcmple.s                               0x00000000   Number         0  cdrcmple.o ABSOLUTE
    dc.s                                     0x00000000   Number         0  dc.o ABSOLUTE
    handlers.s                               0x00000000   Number         0  handlers.o ABSOLUTE
    init.s                                   0x00000000   Number         0  init.o ABSOLUTE
    key.c                                    0x00000000   Number         0  key.o ABSOLUTE
    main.c                                   0x00000000   Number         0  main.o ABSOLUTE
    ring.c                                   0x00000000   Number         0  ring.o ABSOLUTE
    stm32f10x_it.c                           0x00000000   Number         0  stm32f10x_it.o ABSOLUTE
    system_stm32f10x.c                       0x00000000   Number         0  system_stm32f10x.o ABSOLUTE
    RESET                                    0x08000000   Section      304  startup_stm32f10x_hd.o(RESET)
    .ARM.Collect$$$$00000000                 0x08000130   Section        0  entry.o(.ARM.Collect$$$$00000000)
    .ARM.Collect$$$$00000001                 0x08000130   Section        4  entry2.o(.ARM.Collect$$$$00000001)
    .ARM.Collect$$$$00000004                 0x08000134   Section        4  entry5.o(.ARM.Collect$$$$00000004)
    .ARM.Collect$$$$00000008                 0x08000138   Section        0  entry7b.o(.ARM.Collect$$$$00000008)
    .ARM.Collect$$$$0000000A                 0x08000138   Section        0  entry8b.o(.ARM.Collect$$$$0000000A)
    .ARM.Collect$$$$0000000B                 0x08000138   Section        8  entry9a.o(.ARM.Collect$$$$0000000B)
    .ARM.Collect$$$$0000000D                 0x08000140   Section        0  entry10a.o(.ARM.Collect$$$$0000000D)
    .ARM.Collect$$$$0000000F                 0x08000140   Section        0  entry11a.o(.ARM.Collect$$$$0000000F)
    .ARM.Collect$$$$00002712                 0x08000140   Section        4  entry2.o(.ARM.Collect$$$$00002712)
    __lit__00000000                          0x08000140   Data           4  entry2.o(.ARM.Collect$$$$00002712)
    .text                                    0x08000144   Section       36  startup_stm32f10x_hd.o(.text)
    .text                                    0x08000168   Section        0  memseta.o(.text)
    .text                                    0x0800018c   Section        0  strlen.o(.text)
    .text                                    0x0800019a   Section        0  strcpy.o(.text)
    .text                                    0x080001ac   Section        0  uldiv.o(.text)
    .text                                    0x0800020e   Section        0  llshl.o(.text)
    .text                                    0x0800022c   Section        0  llushr.o(.text)
    .text                                    0x0800024c   Section       36  init.o(.text)
    i.ADC_Cmd                                0x08000270   Section        0  stm32f10x_adc.o(i.ADC_Cmd)
    i.ADC_GetCalibrationStatus               0x08000286   Section        0  stm32f10x_adc.o(i.ADC_GetCalibrationStatus)
    i.ADC_GetResetCalibrationStatus          0x0800029a   Section        0  stm32f10x_adc.o(i.ADC_GetResetCalibrationStatus)
    i.ADC_Init                               0x080002b0   Section        0  stm32f10x_adc.o(i.ADC_Init)
    i.ADC_ResetCalibration                   0x08000300   Section        0  stm32f10x_adc.o(i.ADC_ResetCalibration)
    i.ADC_SoftwareStartConvCmd               0x0800030a   Section        0  stm32f10x_adc.o(i.ADC_SoftwareStartConvCmd)
    i.ADC_StartCalibration                   0x08000320   Section        0  stm32f10x_adc.o(i.ADC_StartCalibration)
    i.ADC_TempSensorVrefintCmd               0x0800032c   Section        0  stm32f10x_adc.o(i.ADC_TempSensorVrefintCmd)
    i.ADC_Temp_Init                          0x08000350   Section        0  adc_temp.o(i.ADC_Temp_Init)
    i.ADCx_Init                              0x080003cc   Section        0  adc.o(i.ADCx_Init)
    i.BKP_DeInit                             0x08000460   Section        0  stm32f10x_bkp.o(i.BKP_DeInit)
    i.BKP_ReadBackupRegister                 0x08000470   Section        0  stm32f10x_bkp.o(i.BKP_ReadBackupRegister)
    i.BKP_WriteBackupRegister                0x0800048c   Section        0  stm32f10x_bkp.o(i.BKP_WriteBackupRegister)
    i.BusFault_Handler                       0x080004a8   Section        0  stm32f10x_it.o(i.BusFault_Handler)
    i.DebugMon_Handler                       0x080004ac   Section        0  stm32f10x_it.o(i.DebugMon_Handler)
    i.FSMC_NORSRAMCmd                        0x080004b0   Section        0  stm32f10x_fsmc.o(i.FSMC_NORSRAMCmd)
    i.FSMC_NORSRAMInit                       0x080004e4   Section        0  stm32f10x_fsmc.o(i.FSMC_NORSRAMInit)
    i.GPIO_Init                              0x080005ca   Section        0  stm32f10x_gpio.o(i.GPIO_Init)
    i.GPIO_ResetBits                         0x080006e0   Section        0  stm32f10x_gpio.o(i.GPIO_ResetBits)
    i.GPIO_SetBits                           0x080006e4   Section        0  stm32f10x_gpio.o(i.GPIO_SetBits)
    i.HardFault_Handler                      0x080006e8   Section        0  stm32f10x_it.o(i.HardFault_Handler)
    i.IWDG_Enable                            0x080006ec   Section        0  stm32f10x_iwdg.o(i.IWDG_Enable)
    i.IWDG_Feed                              0x080006fc   Section        0  wdg.o(i.IWDG_Feed)
    i.IWDG_Init                              0x08000704   Section        0  wdg.o(i.IWDG_Init)
    i.IWDG_ReloadCounter                     0x08000728   Section        0  stm32f10x_iwdg.o(i.IWDG_ReloadCounter)
    i.IWDG_SetPrescaler                      0x08000738   Section        0  stm32f10x_iwdg.o(i.IWDG_SetPrescaler)
    i.IWDG_SetReload                         0x08000744   Section        0  stm32f10x_iwdg.o(i.IWDG_SetReload)
    i.IWDG_WriteAccessCmd                    0x08000750   Section        0  stm32f10x_iwdg.o(i.IWDG_WriteAccessCmd)
    i.Is_Leap_Year                           0x0800075c   Section        0  rtc.o(i.Is_Leap_Year)
    i.KEY_Init                               0x08000798   Section        0  key.o(i.KEY_Init)
    i.KEY_Scan                               0x080007e0   Section        0  key.o(i.KEY_Scan)
    i.LCD_Clear                              0x0800087c   Section        0  tftlcd.o(i.LCD_Clear)
    i.LCD_Display_Dir                        0x080008c4   Section        0  tftlcd.o(i.LCD_Display_Dir)
    i.LCD_DrawFRONT_COLOR                    0x08000928   Section        0  tftlcd.o(i.LCD_DrawFRONT_COLOR)
    i.LCD_Set_Window                         0x08000944   Section        0  tftlcd.o(i.LCD_Set_Window)
    i.LCD_ShowChar                           0x080009f0   Section        0  tftlcd.o(i.LCD_ShowChar)
    i.LCD_ShowString                         0x08000b18   Section        0  tftlcd.o(i.LCD_ShowString)
    i.LCD_WriteCmd                           0x08000b80   Section        0  tftlcd.o(i.LCD_WriteCmd)
    i.LCD_WriteData                          0x08000b8c   Section        0  tftlcd.o(i.LCD_WriteData)
    i.LCD_WriteData_Color                    0x08000b98   Section        0  tftlcd.o(i.LCD_WriteData_Color)
    i.LED_Clear                              0x08000ba4   Section        0  led.o(i.LED_Clear)
    i.LED_Init                               0x08000bec   Section        0  led.o(i.LED_Init)
    i.LED_Output_0                           0x08000c20   Section        0  led.o(i.LED_Output_0)
    i.LED_Output_1                           0x08000c58   Section        0  led.o(i.LED_Output_1)
    i.LED_Output_2                           0x08000c70   Section        0  led.o(i.LED_Output_2)
    i.LED_Output_3                           0x08000ca0   Section        0  led.o(i.LED_Output_3)
    i.LED_Output_4                           0x08000cd0   Section        0  led.o(i.LED_Output_4)
    i.LED_Output_5                           0x08000cf8   Section        0  led.o(i.LED_Output_5)
    i.LED_Output_6                           0x08000d28   Section        0  led.o(i.LED_Output_6)
    i.LED_Output_7                           0x08000d60   Section        0  led.o(i.LED_Output_7)
    i.LED_Output_8                           0x08000d80   Section        0  led.o(i.LED_Output_8)
    i.LED_Output_9                           0x08000dc0   Section        0  led.o(i.LED_Output_9)
    i.MemManage_Handler                      0x08000df8   Section        0  stm32f10x_it.o(i.MemManage_Handler)
    i.NMI_Handler                            0x08000dfc   Section        0  stm32f10x_it.o(i.NMI_Handler)
    i.NVIC_Init                              0x08000e00   Section        0  misc.o(i.NVIC_Init)
    i.PWR_BackupAccessCmd                    0x08000e70   Section        0  stm32f10x_pwr.o(i.PWR_BackupAccessCmd)
    i.PendSV_Handler                         0x08000e7c   Section        0  stm32f10x_it.o(i.PendSV_Handler)
    i.RCC_ADCCLKConfig                       0x08000e80   Section        0  stm32f10x_rcc.o(i.RCC_ADCCLKConfig)
    i.RCC_AHBPeriphClockCmd                  0x08000e98   Section        0  stm32f10x_rcc.o(i.RCC_AHBPeriphClockCmd)
    i.RCC_APB1PeriphClockCmd                 0x08000eb8   Section        0  stm32f10x_rcc.o(i.RCC_APB1PeriphClockCmd)
    i.RCC_APB2PeriphClockCmd                 0x08000ed8   Section        0  stm32f10x_rcc.o(i.RCC_APB2PeriphClockCmd)
    i.RCC_BackupResetCmd                     0x08000ef8   Section        0  stm32f10x_rcc.o(i.RCC_BackupResetCmd)
    i.RCC_ClearFlag                          0x08000f04   Section        0  stm32f10x_rcc.o(i.RCC_ClearFlag)
    i.RCC_GetClocksFreq                      0x08000f18   Section        0  stm32f10x_rcc.o(i.RCC_GetClocksFreq)
    i.RCC_GetFlagStatus                      0x08000fec   Section        0  stm32f10x_rcc.o(i.RCC_GetFlagStatus)
    i.RCC_LSEConfig                          0x08001028   Section        0  stm32f10x_rcc.o(i.RCC_LSEConfig)
    i.RCC_RTCCLKCmd                          0x0800105c   Section        0  stm32f10x_rcc.o(i.RCC_RTCCLKCmd)
    i.RCC_RTCCLKConfig                       0x08001068   Section        0  stm32f10x_rcc.o(i.RCC_RTCCLKConfig)
    i.RTC_ClearITPendingBit                  0x08001078   Section        0  stm32f10x_rtc.o(i.RTC_ClearITPendingBit)
    i.RTC_EnterConfigMode                    0x08001088   Section        0  stm32f10x_rtc.o(i.RTC_EnterConfigMode)
    i.RTC_ExitConfigMode                     0x0800109c   Section        0  stm32f10x_rtc.o(i.RTC_ExitConfigMode)
    i.RTC_Get                                0x080010b0   Section        0  rtc.o(i.RTC_Get)
    i.RTC_GetCounter                         0x080011b0   Section        0  stm32f10x_rtc.o(i.RTC_GetCounter)
    i.RTC_GetITStatus                        0x080011c4   Section        0  stm32f10x_rtc.o(i.RTC_GetITStatus)
    i.RTC_Get_Week                           0x080011e8   Section        0  rtc.o(i.RTC_Get_Week)
    i.RTC_IRQHandler                         0x08001260   Section        0  rtc.o(i.RTC_IRQHandler)
    i.RTC_ITConfig                           0x08001298   Section        0  stm32f10x_rtc.o(i.RTC_ITConfig)
    i.RTC_Init                               0x080012b8   Section        0  rtc.o(i.RTC_Init)
    i.RTC_NVIC_Config                        0x08001378   Section        0  rtc.o(i.RTC_NVIC_Config)
    RTC_NVIC_Config                          0x08001379   Thumb Code    32  rtc.o(i.RTC_NVIC_Config)
    i.RTC_Set                                0x08001398   Section        0  rtc.o(i.RTC_Set)
    i.RTC_SetCounter                         0x08001460   Section        0  stm32f10x_rtc.o(i.RTC_SetCounter)
    i.RTC_SetPrescaler                       0x0800147c   Section        0  stm32f10x_rtc.o(i.RTC_SetPrescaler)
    i.RTC_WaitForLastTask                    0x0800149c   Section        0  stm32f10x_rtc.o(i.RTC_WaitForLastTask)
    i.RTC_WaitForSynchro                     0x080014b0   Section        0  stm32f10x_rtc.o(i.RTC_WaitForSynchro)
    i.SVC_Handler                            0x080014d4   Section        0  stm32f10x_it.o(i.SVC_Handler)
    i.Screen_Display                         0x080014d8   Section        0  main.o(i.Screen_Display)
    i.SetSysClock                            0x08001528   Section        0  system_stm32f10x.o(i.SetSysClock)
    SetSysClock                              0x08001529   Thumb Code     8  system_stm32f10x.o(i.SetSysClock)
    i.SetSysClockTo72                        0x08001530   Section        0  system_stm32f10x.o(i.SetSysClockTo72)
    SetSysClockTo72                          0x08001531   Thumb Code   214  system_stm32f10x.o(i.SetSysClockTo72)
    i.Set_Led_Number                         0x08001610   Section        0  led.o(i.Set_Led_Number)
    i.SysTick_CLKSourceConfig                0x08001682   Section        0  misc.o(i.SysTick_CLKSourceConfig)
    i.SysTick_Handler                        0x080016aa   Section        0  stm32f10x_it.o(i.SysTick_Handler)
    i.SysTick_Init                           0x080016ac   Section        0  systick.o(i.SysTick_Init)
    i.SystemInit                             0x080016e8   Section        0  system_stm32f10x.o(i.SystemInit)
    i.TFTLCD_FSMC_Init                       0x08001748   Section        0  tftlcd.o(i.TFTLCD_FSMC_Init)
    i.TFTLCD_GPIO_Init                       0x080017c8   Section        0  tftlcd.o(i.TFTLCD_GPIO_Init)
    i.TFTLCD_Init                            0x08001838   Section        0  tftlcd.o(i.TFTLCD_Init)
    i.TIM4_IRQHandler                        0x08001be4   Section        0  time.o(i.TIM4_IRQHandler)
    i.TIM5_IRQHandler                        0x08001bfc   Section        0  time.o(i.TIM5_IRQHandler)
    i.TIM6_IRQHandler                        0x08001c14   Section        0  time.o(i.TIM6_IRQHandler)
    i.TIM_ClearITPendingBit                  0x08001c3c   Section        0  stm32f10x_tim.o(i.TIM_ClearITPendingBit)
    i.TIM_GetITStatus                        0x08001c42   Section        0  stm32f10x_tim.o(i.TIM_GetITStatus)
    i.USART1_IRQHandler                      0x08001c64   Section        0  usart_1.o(i.USART1_IRQHandler)
    i.USART1_Init                            0x08001ca0   Section        0  usart_1.o(i.USART1_Init)
    i.USART_ClearFlag                        0x08001d58   Section        0  stm32f10x_usart.o(i.USART_ClearFlag)
    i.USART_Cmd                              0x08001d6a   Section        0  stm32f10x_usart.o(i.USART_Cmd)
    i.USART_GetFlagStatus                    0x08001d82   Section        0  stm32f10x_usart.o(i.USART_GetFlagStatus)
    i.USART_GetITStatus                      0x08001d9c   Section        0  stm32f10x_usart.o(i.USART_GetITStatus)
    i.USART_ITConfig                         0x08001df0   Section        0  stm32f10x_usart.o(i.USART_ITConfig)
    i.USART_Init                             0x08001e3c   Section        0  stm32f10x_usart.o(i.USART_Init)
    i.USART_ReceiveData                      0x08001f14   Section        0  stm32f10x_usart.o(i.USART_ReceiveData)
    i.USART_SendData                         0x08001f1e   Section        0  stm32f10x_usart.o(i.USART_SendData)
    i.UsageFault_Handler                     0x08001f26   Section        0  stm32f10x_it.o(i.UsageFault_Handler)
    i.__0printf$5                            0x08001f2c   Section        0  printf5.o(i.__0printf$5)
    i.__0sprintf$5                           0x08001f4c   Section        0  printf5.o(i.__0sprintf$5)
    i.__scatterload_copy                     0x08001f74   Section       14  handlers.o(i.__scatterload_copy)
    i.__scatterload_null                     0x08001f82   Section        2  handlers.o(i.__scatterload_null)
    i.__scatterload_zeroinit                 0x08001f84   Section       14  handlers.o(i.__scatterload_zeroinit)
    i._printf_core                           0x08001f94   Section        0  printf5.o(i._printf_core)
    _printf_core                             0x08001f95   Thumb Code   658  printf5.o(i._printf_core)
    i._sputc                                 0x08002254   Section        0  printf5.o(i._sputc)
    _sputc                                   0x08002255   Thumb Code    10  printf5.o(i._sputc)
    i.delay_init                             0x08002260   Section        0  systick.o(i.delay_init)
    i.delay_ms                               0x080022a4   Section        0  systick.o(i.delay_ms)
    i.fputc                                  0x080022f0   Section        0  usart_1.o(i.fputc)
    i.main                                   0x08002314   Section        0  main.o(i.main)
    i.screen_log_add                         0x08002498   Section        0  ring.o(i.screen_log_add)
    i.screen_log_init                        0x0800255c   Section        0  ring.o(i.screen_log_init)
    i.screen_log_show                        0x08002578   Section        0  ring.o(i.screen_log_show)
    .constdata                               0x0800276c   Section     7142  tftlcd.o(.constdata)
    .constdata                               0x08004352   Section       24  rtc.o(.constdata)
    .data                                    0x20000000   Section       20  system_stm32f10x.o(.data)
    .data                                    0x20000014   Section        1  key.o(.data)
    key                                      0x20000014   Data           1  key.o(.data)
    .data                                    0x20000016   Section       12  tftlcd.o(.data)
    .data                                    0x20000022   Section       20  stm32f10x_rcc.o(.data)
    APBAHBPrescTable                         0x20000022   Data          16  stm32f10x_rcc.o(.data)
    ADCPrescTable                            0x20000032   Data           4  stm32f10x_rcc.o(.data)
    .data                                    0x20000038   Section        4  time.o(.data)
    .data                                    0x2000003c   Section        4  rtc.o(.data)
    daycnt                                   0x2000003e   Data           2  rtc.o(.data)
    .data                                    0x20000040   Section        4  systick.o(.data)
    fac_us                                   0x20000040   Data           1  systick.o(.data)
    fac_ms                                   0x20000042   Data           2  systick.o(.data)
    .data                                    0x20000044   Section        4  stdout.o(.data)
    .bss                                     0x20000048   Section      964  ring.o(.bss)
    log_list                                 0x20000048   Data         964  ring.o(.bss)
    .bss                                     0x2000040c   Section       10  rtc.o(.bss)
    STACK                                    0x20000418   Section     1024  startup_stm32f10x_hd.o(STACK)

    Global Symbols

    Symbol Name                              Value     Ov Type        Size  Object(Section)

    BuildAttributes$$THM_ISAv4$P$D$K$B$S$PE$A:L22UL41UL21$X:L11$S22US41US21$IEEE1$IW$USESV6$~STKCKD$USESV7$~SHL$OTIME$ROPI$EBA8$MICROLIB$REQ8$PRES8$EABIv2 0x00000000   Number         0  anon$$obj.o ABSOLUTE
    __ARM_use_no_argv                        0x00000000   Number         0  main.o ABSOLUTE
    _printf_a                                0x00000000   Number         0  stubs.o ABSOLUTE
    _printf_c                                0x00000000   Number         0  stubs.o ABSOLUTE
    _printf_charcount                        0x00000000   Number         0  stubs.o ABSOLUTE
    _printf_d                                0x00000000   Number         0  stubs.o ABSOLUTE
    _printf_e                                0x00000000   Number         0  stubs.o ABSOLUTE
    _printf_f                                0x00000000   Number         0  stubs.o ABSOLUTE
    _printf_flags                            0x00000000   Number         0  stubs.o ABSOLUTE
    _printf_fp_dec                           0x00000000   Number         0  stubs.o ABSOLUTE
    _printf_fp_hex                           0x00000000   Number         0  stubs.o ABSOLUTE
    _printf_g                                0x00000000   Number         0  stubs.o ABSOLUTE
    _printf_i                                0x00000000   Number         0  stubs.o ABSOLUTE
    _printf_int_dec                          0x00000000   Number         0  stubs.o ABSOLUTE
    _printf_l                                0x00000000   Number         0  stubs.o ABSOLUTE
    _printf_lc                               0x00000000   Number         0  stubs.o ABSOLUTE
    _printf_ll                               0x00000000   Number         0  stubs.o ABSOLUTE
    _printf_lld                              0x00000000   Number         0  stubs.o ABSOLUTE
    _printf_lli                              0x00000000   Number         0  stubs.o ABSOLUTE
    _printf_llo                              0x00000000   Number         0  stubs.o ABSOLUTE
    _printf_llu                              0x00000000   Number         0  stubs.o ABSOLUTE
    _printf_llx                              0x00000000   Number         0  stubs.o ABSOLUTE
    _printf_longlong_dec                     0x00000000   Number         0  stubs.o ABSOLUTE
    _printf_longlong_hex                     0x00000000   Number         0  stubs.o ABSOLUTE
    _printf_longlong_oct                     0x00000000   Number         0  stubs.o ABSOLUTE
    _printf_ls                               0x00000000   Number         0  stubs.o ABSOLUTE
    _printf_mbtowc                           0x00000000   Number         0  stubs.o ABSOLUTE
    _printf_n                                0x00000000   Number         0  stubs.o ABSOLUTE
    _printf_o                                0x00000000   Number         0  stubs.o ABSOLUTE
    _printf_p                                0x00000000   Number         0  stubs.o ABSOLUTE
    _printf_percent                          0x00000000   Number         0  stubs.o ABSOLUTE
    _printf_pre_padding                      0x00000000   Number         0  stubs.o ABSOLUTE
    _printf_return_value                     0x00000000   Number         0  stubs.o ABSOLUTE
    _printf_s                                0x00000000   Number         0  stubs.o ABSOLUTE
    _printf_sizespec                         0x00000000   Number         0  stubs.o ABSOLUTE
    _printf_str                              0x00000000   Number         0  stubs.o ABSOLUTE
    _printf_truncate_signed                  0x00000000   Number         0  stubs.o ABSOLUTE
    _printf_truncate_unsigned                0x00000000   Number         0  stubs.o ABSOLUTE
    _printf_u                                0x00000000   Number         0  stubs.o ABSOLUTE
    _printf_wc                               0x00000000   Number         0  stubs.o ABSOLUTE
    _printf_wctomb                           0x00000000   Number         0  stubs.o ABSOLUTE
    _printf_widthprec                        0x00000000   Number         0  stubs.o ABSOLUTE
    _printf_x                                0x00000000   Number         0  stubs.o ABSOLUTE
    __cpp_initialize__aeabi_                  - Undefined Weak Reference
    __cxa_finalize                            - Undefined Weak Reference
    __decompress                              - Undefined Weak Reference
    _clock_init                               - Undefined Weak Reference
    _microlib_exit                            - Undefined Weak Reference
    __Vectors_Size                           0x00000130   Number         0  startup_stm32f10x_hd.o ABSOLUTE
    __Vectors                                0x08000000   Data           4  startup_stm32f10x_hd.o(RESET)
    __Vectors_End                            0x08000130   Data           0  startup_stm32f10x_hd.o(RESET)
    __main                                   0x08000131   Thumb Code     0  entry.o(.ARM.Collect$$$$00000000)
    _main_stk                                0x08000131   Thumb Code     0  entry2.o(.ARM.Collect$$$$00000001)
    _main_scatterload                        0x08000135   Thumb Code     0  entry5.o(.ARM.Collect$$$$00000004)
    __main_after_scatterload                 0x08000139   Thumb Code     0  entry5.o(.ARM.Collect$$$$00000004)
    _main_clock                              0x08000139   Thumb Code     0  entry7b.o(.ARM.Collect$$$$00000008)
    _main_cpp_init                           0x08000139   Thumb Code     0  entry8b.o(.ARM.Collect$$$$0000000A)
    _main_init                               0x08000139   Thumb Code     0  entry9a.o(.ARM.Collect$$$$0000000B)
    __rt_final_cpp                           0x08000141   Thumb Code     0  entry10a.o(.ARM.Collect$$$$0000000D)
    __rt_final_exit                          0x08000141   Thumb Code     0  entry11a.o(.ARM.Collect$$$$0000000F)
    Reset_Handler                            0x08000145   Thumb Code     8  startup_stm32f10x_hd.o(.text)
    ADC1_2_IRQHandler                        0x0800015f   Thumb Code     0  startup_stm32f10x_hd.o(.text)
    ADC3_IRQHandler                          0x0800015f   Thumb Code     0  startup_stm32f10x_hd.o(.text)
    CAN1_RX1_IRQHandler                      0x0800015f   Thumb Code     0  startup_stm32f10x_hd.o(.text)
    CAN1_SCE_IRQHandler                      0x0800015f   Thumb Code     0  startup_stm32f10x_hd.o(.text)
    DMA1_Channel1_IRQHandler                 0x0800015f   Thumb Code     0  startup_stm32f10x_hd.o(.text)
    DMA1_Channel2_IRQHandler                 0x0800015f   Thumb Code     0  startup_stm32f10x_hd.o(.text)
    DMA1_Channel3_IRQHandler                 0x0800015f   Thumb Code     0  startup_stm32f10x_hd.o(.text)
    DMA1_Channel4_IRQHandler                 0x0800015f   Thumb Code     0  startup_stm32f10x_hd.o(.text)
    DMA1_Channel5_IRQHandler                 0x0800015f   Thumb Code     0  startup_stm32f10x_hd.o(.text)
    DMA1_Channel6_IRQHandler                 0x0800015f   Thumb Code     0  startup_stm32f10x_hd.o(.text)
    DMA1_Channel7_IRQHandler                 0x0800015f   Thumb Code     0  startup_stm32f10x_hd.o(.text)
    DMA2_Channel1_IRQHandler                 0x0800015f   Thumb Code     0  startup_stm32f10x_hd.o(.text)
    DMA2_Channel2_IRQHandler                 0x0800015f   Thumb Code     0  startup_stm32f10x_hd.o(.text)
    DMA2_Channel3_IRQHandler                 0x0800015f   Thumb Code     0  startup_stm32f10x_hd.o(.text)
    DMA2_Channel4_5_IRQHandler               0x0800015f   Thumb Code     0  startup_stm32f10x_hd.o(.text)
    EXTI0_IRQHandler                         0x0800015f   Thumb Code     0  startup_stm32f10x_hd.o(.text)
    EXTI15_10_IRQHandler                     0x0800015f   Thumb Code     0  startup_stm32f10x_hd.o(.text)
    EXTI1_IRQHandler                         0x0800015f   Thumb Code     0  startup_stm32f10x_hd.o(.text)
    EXTI2_IRQHandler                         0x0800015f   Thumb Code     0  startup_stm32f10x_hd.o(.text)
    EXTI3_IRQHandler                         0x0800015f   Thumb Code     0  startup_stm32f10x_hd.o(.text)
    EXTI4_IRQHandler                         0x0800015f   Thumb Code     0  startup_stm32f10x_hd.o(.text)
    EXTI9_5_IRQHandler                       0x0800015f   Thumb Code     0  startup_stm32f10x_hd.o(.text)
    FLASH_IRQHandler                         0x0800015f   Thumb Code     0  startup_stm32f10x_hd.o(.text)
    FSMC_IRQHandler                          0x0800015f   Thumb Code     0  startup_stm32f10x_hd.o(.text)
    I2C1_ER_IRQHandler                       0x0800015f   Thumb Code     0  startup_stm32f10x_hd.o(.text)
    I2C1_EV_IRQHandler                       0x0800015f   Thumb Code     0  startup_stm32f10x_hd.o(.text)
    I2C2_ER_IRQHandler                       0x0800015f   Thumb Code     0  startup_stm32f10x_hd.o(.text)
    I2C2_EV_IRQHandler                       0x0800015f   Thumb Code     0  startup_stm32f10x_hd.o(.text)
    PVD_IRQHandler                           0x0800015f   Thumb Code     0  startup_stm32f10x_hd.o(.text)
    RCC_IRQHandler                           0x0800015f   Thumb Code     0  startup_stm32f10x_hd.o(.text)
    RTCAlarm_IRQHandler                      0x0800015f   Thumb Code     0  startup_stm32f10x_hd.o(.text)
    SDIO_IRQHandler                          0x0800015f   Thumb Code     0  startup_stm32f10x_hd.o(.text)
    SPI1_IRQHandler                          0x0800015f   Thumb Code     0  startup_stm32f10x_hd.o(.text)
    SPI2_IRQHandler                          0x0800015f   Thumb Code     0  startup_stm32f10x_hd.o(.text)
    SPI3_IRQHandler                          0x0800015f   Thumb Code     0  startup_stm32f10x_hd.o(.text)
    TAMPER_IRQHandler                        0x0800015f   Thumb Code     0  startup_stm32f10x_hd.o(.text)
    TIM1_BRK_IRQHandler                      0x0800015f   Thumb Code     0  startup_stm32f10x_hd.o(.text)
    TIM1_CC_IRQHandler                       0x0800015f   Thumb Code     0  startup_stm32f10x_hd.o(.text)
    TIM1_TRG_COM_IRQHandler                  0x0800015f   Thumb Code     0  startup_stm32f10x_hd.o(.text)
    TIM1_UP_IRQHandler                       0x0800015f   Thumb Code     0  startup_stm32f10x_hd.o(.text)
    TIM2_IRQHandler                          0x0800015f   Thumb Code     0  startup_stm32f10x_hd.o(.text)
    TIM3_IRQHandler                          0x0800015f   Thumb Code     0  startup_stm32f10x_hd.o(.text)
    TIM7_IRQHandler                          0x0800015f   Thumb Code     0  startup_stm32f10x_hd.o(.text)
    TIM8_BRK_IRQHandler                      0x0800015f   Thumb Code     0  startup_stm32f10x_hd.o(.text)
    TIM8_CC_IRQHandler                       0x0800015f   Thumb Code     0  startup_stm32f10x_hd.o(.text)
    TIM8_TRG_COM_IRQHandler                  0x0800015f   Thumb Code     0  startup_stm32f10x_hd.o(.text)
    TIM8_UP_IRQHandler                       0x0800015f   Thumb Code     0  startup_stm32f10x_hd.o(.text)
    UART4_IRQHandler                         0x0800015f   Thumb Code     0  startup_stm32f10x_hd.o(.text)
    UART5_IRQHandler                         0x0800015f   Thumb Code     0  startup_stm32f10x_hd.o(.text)
    USART2_IRQHandler                        0x0800015f   Thumb Code     0  startup_stm32f10x_hd.o(.text)
    USART3_IRQHandler                        0x0800015f   Thumb Code     0  startup_stm32f10x_hd.o(.text)
    USBWakeUp_IRQHandler                     0x0800015f   Thumb Code     0  startup_stm32f10x_hd.o(.text)
    USB_HP_CAN1_TX_IRQHandler                0x0800015f   Thumb Code     0  startup_stm32f10x_hd.o(.text)
    USB_LP_CAN1_RX0_IRQHandler               0x0800015f   Thumb Code     0  startup_stm32f10x_hd.o(.text)
    WWDG_IRQHandler                          0x0800015f   Thumb Code     0  startup_stm32f10x_hd.o(.text)
    __aeabi_memset                           0x08000169   Thumb Code    14  memseta.o(.text)
    __aeabi_memset4                          0x08000169   Thumb Code     0  memseta.o(.text)
    __aeabi_memset8                          0x08000169   Thumb Code     0  memseta.o(.text)
    __aeabi_memclr                           0x08000177   Thumb Code     4  memseta.o(.text)
    __aeabi_memclr4                          0x08000177   Thumb Code     0  memseta.o(.text)
    __aeabi_memclr8                          0x08000177   Thumb Code     0  memseta.o(.text)
    _memset$wrapper                          0x0800017b   Thumb Code    18  memseta.o(.text)
    strlen                                   0x0800018d   Thumb Code    14  strlen.o(.text)
    strcpy                                   0x0800019b   Thumb Code    18  strcpy.o(.text)
    __aeabi_uldivmod                         0x080001ad   Thumb Code    98  uldiv.o(.text)
    __aeabi_llsl                             0x0800020f   Thumb Code    30  llshl.o(.text)
    _ll_shift_l                              0x0800020f   Thumb Code     0  llshl.o(.text)
    __aeabi_llsr                             0x0800022d   Thumb Code    32  llushr.o(.text)
    _ll_ushift_r                             0x0800022d   Thumb Code     0  llushr.o(.text)
    __scatterload                            0x0800024d   Thumb Code    28  init.o(.text)
    __scatterload_rt2                        0x0800024d   Thumb Code     0  init.o(.text)
    ADC_Cmd                                  0x08000271   Thumb Code    22  stm32f10x_adc.o(i.ADC_Cmd)
    ADC_GetCalibrationStatus                 0x08000287   Thumb Code    20  stm32f10x_adc.o(i.ADC_GetCalibrationStatus)
    ADC_GetResetCalibrationStatus            0x0800029b   Thumb Code    20  stm32f10x_adc.o(i.ADC_GetResetCalibrationStatus)
    ADC_Init                                 0x080002b1   Thumb Code    70  stm32f10x_adc.o(i.ADC_Init)
    ADC_ResetCalibration                     0x08000301   Thumb Code    10  stm32f10x_adc.o(i.ADC_ResetCalibration)
    ADC_SoftwareStartConvCmd                 0x0800030b   Thumb Code    22  stm32f10x_adc.o(i.ADC_SoftwareStartConvCmd)
    ADC_StartCalibration                     0x08000321   Thumb Code    10  stm32f10x_adc.o(i.ADC_StartCalibration)
    ADC_TempSensorVrefintCmd                 0x0800032d   Thumb Code    30  stm32f10x_adc.o(i.ADC_TempSensorVrefintCmd)
    ADC_Temp_Init                            0x08000351   Thumb Code   118  adc_temp.o(i.ADC_Temp_Init)
    ADCx_Init                                0x080003cd   Thumb Code   140  adc.o(i.ADCx_Init)
    BKP_DeInit                               0x08000461   Thumb Code    16  stm32f10x_bkp.o(i.BKP_DeInit)
    BKP_ReadBackupRegister                   0x08000471   Thumb Code    24  stm32f10x_bkp.o(i.BKP_ReadBackupRegister)
    BKP_WriteBackupRegister                  0x0800048d   Thumb Code    22  stm32f10x_bkp.o(i.BKP_WriteBackupRegister)
    BusFault_Handler                         0x080004a9   Thumb Code     4  stm32f10x_it.o(i.BusFault_Handler)
    DebugMon_Handler                         0x080004ad   Thumb Code     2  stm32f10x_it.o(i.DebugMon_Handler)
    FSMC_NORSRAMCmd                          0x080004b1   Thumb Code    46  stm32f10x_fsmc.o(i.FSMC_NORSRAMCmd)
    FSMC_NORSRAMInit                         0x080004e5   Thumb Code   230  stm32f10x_fsmc.o(i.FSMC_NORSRAMInit)
    GPIO_Init                                0x080005cb   Thumb Code   278  stm32f10x_gpio.o(i.GPIO_Init)
    GPIO_ResetBits                           0x080006e1   Thumb Code     4  stm32f10x_gpio.o(i.GPIO_ResetBits)
    GPIO_SetBits                             0x080006e5   Thumb Code     4  stm32f10x_gpio.o(i.GPIO_SetBits)
    HardFault_Handler                        0x080006e9   Thumb Code     4  stm32f10x_it.o(i.HardFault_Handler)
    IWDG_Enable                              0x080006ed   Thumb Code    10  stm32f10x_iwdg.o(i.IWDG_Enable)
    IWDG_Feed                                0x080006fd   Thumb Code     8  wdg.o(i.IWDG_Feed)
    IWDG_Init                                0x08000705   Thumb Code    36  wdg.o(i.IWDG_Init)
    IWDG_ReloadCounter                       0x08000729   Thumb Code    10  stm32f10x_iwdg.o(i.IWDG_ReloadCounter)
    IWDG_SetPrescaler                        0x08000739   Thumb Code     6  stm32f10x_iwdg.o(i.IWDG_SetPrescaler)
    IWDG_SetReload                           0x08000745   Thumb Code     6  stm32f10x_iwdg.o(i.IWDG_SetReload)
    IWDG_WriteAccessCmd                      0x08000751   Thumb Code     6  stm32f10x_iwdg.o(i.IWDG_WriteAccessCmd)
    Is_Leap_Year                             0x0800075d   Thumb Code    58  rtc.o(i.Is_Leap_Year)
    KEY_Init                                 0x08000799   Thumb Code    64  key.o(i.KEY_Init)
    KEY_Scan                                 0x080007e1   Thumb Code   142  key.o(i.KEY_Scan)
    LCD_Clear                                0x0800087d   Thumb Code    68  tftlcd.o(i.LCD_Clear)
    LCD_Display_Dir                          0x080008c5   Thumb Code    96  tftlcd.o(i.LCD_Display_Dir)
    LCD_DrawFRONT_COLOR                      0x08000929   Thumb Code    28  tftlcd.o(i.LCD_DrawFRONT_COLOR)
    LCD_Set_Window                           0x08000945   Thumb Code   166  tftlcd.o(i.LCD_Set_Window)
    LCD_ShowChar                             0x080009f1   Thumb Code   272  tftlcd.o(i.LCD_ShowChar)
    LCD_ShowString                           0x08000b19   Thumb Code   102  tftlcd.o(i.LCD_ShowString)
    LCD_WriteCmd                             0x08000b81   Thumb Code     6  tftlcd.o(i.LCD_WriteCmd)
    LCD_WriteData                            0x08000b8d   Thumb Code     6  tftlcd.o(i.LCD_WriteData)
    LCD_WriteData_Color                      0x08000b99   Thumb Code     6  tftlcd.o(i.LCD_WriteData_Color)
    LED_Clear                                0x08000ba5   Thumb Code    68  led.o(i.LED_Clear)
    LED_Init                                 0x08000bed   Thumb Code    46  led.o(i.LED_Init)
    LED_Output_0                             0x08000c21   Thumb Code    52  led.o(i.LED_Output_0)
    LED_Output_1                             0x08000c59   Thumb Code    20  led.o(i.LED_Output_1)
    LED_Output_2                             0x08000c71   Thumb Code    44  led.o(i.LED_Output_2)
    LED_Output_3                             0x08000ca1   Thumb Code    44  led.o(i.LED_Output_3)
    LED_Output_4                             0x08000cd1   Thumb Code    36  led.o(i.LED_Output_4)
    LED_Output_5                             0x08000cf9   Thumb Code    44  led.o(i.LED_Output_5)
    LED_Output_6                             0x08000d29   Thumb Code    52  led.o(i.LED_Output_6)
    LED_Output_7                             0x08000d61   Thumb Code    28  led.o(i.LED_Output_7)
    LED_Output_8                             0x08000d81   Thumb Code    60  led.o(i.LED_Output_8)
    LED_Output_9                             0x08000dc1   Thumb Code    52  led.o(i.LED_Output_9)
    MemManage_Handler                        0x08000df9   Thumb Code     4  stm32f10x_it.o(i.MemManage_Handler)
    NMI_Handler                              0x08000dfd   Thumb Code     2  stm32f10x_it.o(i.NMI_Handler)
    NVIC_Init                                0x08000e01   Thumb Code   100  misc.o(i.NVIC_Init)
    PWR_BackupAccessCmd                      0x08000e71   Thumb Code     6  stm32f10x_pwr.o(i.PWR_BackupAccessCmd)
    PendSV_Handler                           0x08000e7d   Thumb Code     2  stm32f10x_it.o(i.PendSV_Handler)
    RCC_ADCCLKConfig                         0x08000e81   Thumb Code    18  stm32f10x_rcc.o(i.RCC_ADCCLKConfig)
    RCC_AHBPeriphClockCmd                    0x08000e99   Thumb Code    26  stm32f10x_rcc.o(i.RCC_AHBPeriphClockCmd)
    RCC_APB1PeriphClockCmd                   0x08000eb9   Thumb Code    26  stm32f10x_rcc.o(i.RCC_APB1PeriphClockCmd)
    RCC_APB2PeriphClockCmd                   0x08000ed9   Thumb Code    26  stm32f10x_rcc.o(i.RCC_APB2PeriphClockCmd)
    RCC_BackupResetCmd                       0x08000ef9   Thumb Code     6  stm32f10x_rcc.o(i.RCC_BackupResetCmd)
    RCC_ClearFlag                            0x08000f05   Thumb Code    14  stm32f10x_rcc.o(i.RCC_ClearFlag)
    RCC_GetClocksFreq                        0x08000f19   Thumb Code   192  stm32f10x_rcc.o(i.RCC_GetClocksFreq)
    RCC_GetFlagStatus                        0x08000fed   Thumb Code    56  stm32f10x_rcc.o(i.RCC_GetFlagStatus)
    RCC_LSEConfig                            0x08001029   Thumb Code    46  stm32f10x_rcc.o(i.RCC_LSEConfig)
    RCC_RTCCLKCmd                            0x0800105d   Thumb Code     6  stm32f10x_rcc.o(i.RCC_RTCCLKCmd)
    RCC_RTCCLKConfig                         0x08001069   Thumb Code    12  stm32f10x_rcc.o(i.RCC_RTCCLKConfig)
    RTC_ClearITPendingBit                    0x08001079   Thumb Code    12  stm32f10x_rtc.o(i.RTC_ClearITPendingBit)
    RTC_EnterConfigMode                      0x08001089   Thumb Code    14  stm32f10x_rtc.o(i.RTC_EnterConfigMode)
    RTC_ExitConfigMode                       0x0800109d   Thumb Code    16  stm32f10x_rtc.o(i.RTC_ExitConfigMode)
    RTC_Get                                  0x080010b1   Thumb Code   240  rtc.o(i.RTC_Get)
    RTC_GetCounter                           0x080011b1   Thumb Code    16  stm32f10x_rtc.o(i.RTC_GetCounter)
    RTC_GetITStatus                          0x080011c5   Thumb Code    32  stm32f10x_rtc.o(i.RTC_GetITStatus)
    RTC_Get_Week                             0x080011e9   Thumb Code   116  rtc.o(i.RTC_Get_Week)
    RTC_IRQHandler                           0x08001261   Thumb Code    50  rtc.o(i.RTC_IRQHandler)
    RTC_ITConfig                             0x08001299   Thumb Code    26  stm32f10x_rtc.o(i.RTC_ITConfig)
    RTC_Init                                 0x080012b9   Thumb Code   192  rtc.o(i.RTC_Init)
    RTC_Set                                  0x08001399   Thumb Code   184  rtc.o(i.RTC_Set)
    RTC_SetCounter                           0x08001461   Thumb Code    24  stm32f10x_rtc.o(i.RTC_SetCounter)
    RTC_SetPrescaler                         0x0800147d   Thumb Code    26  stm32f10x_rtc.o(i.RTC_SetPrescaler)
    RTC_WaitForLastTask                      0x0800149d   Thumb Code    16  stm32f10x_rtc.o(i.RTC_WaitForLastTask)
    RTC_WaitForSynchro                       0x080014b1   Thumb Code    30  stm32f10x_rtc.o(i.RTC_WaitForSynchro)
    SVC_Handler                              0x080014d5   Thumb Code     2  stm32f10x_it.o(i.SVC_Handler)
    Screen_Display                           0x080014d9   Thumb Code    62  main.o(i.Screen_Display)
    Set_Led_Number                           0x08001611   Thumb Code   114  led.o(i.Set_Led_Number)
    SysTick_CLKSourceConfig                  0x08001683   Thumb Code    40  misc.o(i.SysTick_CLKSourceConfig)
    SysTick_Handler                          0x080016ab   Thumb Code     2  stm32f10x_it.o(i.SysTick_Handler)
    SysTick_Init                             0x080016ad   Thumb Code    52  systick.o(i.SysTick_Init)
    SystemInit                               0x080016e9   Thumb Code    78  system_stm32f10x.o(i.SystemInit)
    TFTLCD_FSMC_Init                         0x08001749   Thumb Code   126  tftlcd.o(i.TFTLCD_FSMC_Init)
    TFTLCD_GPIO_Init                         0x080017c9   Thumb Code    98  tftlcd.o(i.TFTLCD_GPIO_Init)
    TFTLCD_Init                              0x08001839   Thumb Code   916  tftlcd.o(i.TFTLCD_Init)
    TIM4_IRQHandler                          0x08001be5   Thumb Code    20  time.o(i.TIM4_IRQHandler)
    TIM5_IRQHandler                          0x08001bfd   Thumb Code    20  time.o(i.TIM5_IRQHandler)
    TIM6_IRQHandler                          0x08001c15   Thumb Code    32  time.o(i.TIM6_IRQHandler)
    TIM_ClearITPendingBit                    0x08001c3d   Thumb Code     6  stm32f10x_tim.o(i.TIM_ClearITPendingBit)
    TIM_GetITStatus                          0x08001c43   Thumb Code    34  stm32f10x_tim.o(i.TIM_GetITStatus)
    USART1_IRQHandler                        0x08001c65   Thumb Code    54  usart_1.o(i.USART1_IRQHandler)
    USART1_Init                              0x08001ca1   Thumb Code   174  usart_1.o(i.USART1_Init)
    USART_ClearFlag                          0x08001d59   Thumb Code    18  stm32f10x_usart.o(i.USART_ClearFlag)
    USART_Cmd                                0x08001d6b   Thumb Code    24  stm32f10x_usart.o(i.USART_Cmd)
    USART_GetFlagStatus                      0x08001d83   Thumb Code    26  stm32f10x_usart.o(i.USART_GetFlagStatus)
    USART_GetITStatus                        0x08001d9d   Thumb Code    84  stm32f10x_usart.o(i.USART_GetITStatus)
    USART_ITConfig                           0x08001df1   Thumb Code    74  stm32f10x_usart.o(i.USART_ITConfig)
    USART_Init                               0x08001e3d   Thumb Code   210  stm32f10x_usart.o(i.USART_Init)
    USART_ReceiveData                        0x08001f15   Thumb Code    10  stm32f10x_usart.o(i.USART_ReceiveData)
    USART_SendData                           0x08001f1f   Thumb Code     8  stm32f10x_usart.o(i.USART_SendData)
    UsageFault_Handler                       0x08001f27   Thumb Code     4  stm32f10x_it.o(i.UsageFault_Handler)
    __0printf$5                              0x08001f2d   Thumb Code    22  printf5.o(i.__0printf$5)
    __1printf$5                              0x08001f2d   Thumb Code     0  printf5.o(i.__0printf$5)
    __2printf                                0x08001f2d   Thumb Code     0  printf5.o(i.__0printf$5)
    __0sprintf$5                             0x08001f4d   Thumb Code    34  printf5.o(i.__0sprintf$5)
    __1sprintf$5                             0x08001f4d   Thumb Code     0  printf5.o(i.__0sprintf$5)
    __2sprintf                               0x08001f4d   Thumb Code     0  printf5.o(i.__0sprintf$5)
    __scatterload_copy                       0x08001f75   Thumb Code    14  handlers.o(i.__scatterload_copy)
    __scatterload_null                       0x08001f83   Thumb Code     2  handlers.o(i.__scatterload_null)
    __scatterload_zeroinit                   0x08001f85   Thumb Code    14  handlers.o(i.__scatterload_zeroinit)
    delay_init                               0x08002261   Thumb Code    50  systick.o(i.delay_init)
    delay_ms                                 0x080022a5   Thumb Code    72  systick.o(i.delay_ms)
    fputc                                    0x080022f1   Thumb Code    32  usart_1.o(i.fputc)
    main                                     0x08002315   Thumb Code   316  main.o(i.main)
    screen_log_add                           0x08002499   Thumb Code   162  ring.o(i.screen_log_add)
    screen_log_init                          0x0800255d   Thumb Code    24  ring.o(i.screen_log_init)
    screen_log_show                          0x08002579   Thumb Code   438  ring.o(i.screen_log_show)
    ascii_1206                               0x0800276c   Data        1140  tftlcd.o(.constdata)
    ascii_1608                               0x08002be0   Data        1520  tftlcd.o(.constdata)
    ascii_2412                               0x080031d0   Data        3420  tftlcd.o(.constdata)
    CnChar32x29                              0x08003f2c   Data        1062  tftlcd.o(.constdata)
    table_week                               0x08004352   Data          12  rtc.o(.constdata)
    mon_table                                0x0800435e   Data          12  rtc.o(.constdata)
    Region$$Table$$Base                      0x0800436c   Number         0  anon$$obj.o(Region$$Table)
    Region$$Table$$Limit                     0x0800438c   Number         0  anon$$obj.o(Region$$Table)
    SystemCoreClock                          0x20000000   Data           4  system_stm32f10x.o(.data)
    AHBPrescTable                            0x20000004   Data          16  system_stm32f10x.o(.data)
    FRONT_COLOR                              0x20000016   Data           2  tftlcd.o(.data)
    BACK_COLOR                               0x20000018   Data           2  tftlcd.o(.data)
    tftlcd_data                              0x2000001a   Data           8  tftlcd.o(.data)
    uip_timer                                0x20000038   Data           4  time.o(.data)
    timebz                                   0x2000003c   Data           1  rtc.o(.data)
    __stdout                                 0x20000044   Data           4  stdout.o(.data)
    calendar                                 0x2000040c   Data          10  rtc.o(.bss)
    __initial_sp                             0x20000818   Data           0  startup_stm32f10x_hd.o(STACK)



==============================================================================

Memory Map of the image

  Image Entry point : 0x08000145

  Load Region LR_1 (Base: 0x08000000, Size: 0x000043d4, Max: 0xffffffff, ABSOLUTE)

    Execution Region ER_RO (Base: 0x08000000, Size: 0x0000438c, Max: 0xffffffff, ABSOLUTE)

    Base Addr    Size         Type   Attr      Idx    E Section Name        Object

    0x08000000   0x00000130   Data   RO          779    RESET               startup_stm32f10x_hd.o
    0x08000130   0x00000000   Code   RO         3512  * .ARM.Collect$$$$00000000  mc_w.l(entry.o)
    0x08000130   0x00000004   Code   RO         3798    .ARM.Collect$$$$00000001  mc_w.l(entry2.o)
    0x08000134   0x00000004   Code   RO         3801    .ARM.Collect$$$$00000004  mc_w.l(entry5.o)
    0x08000138   0x00000000   Code   RO         3803    .ARM.Collect$$$$00000008  mc_w.l(entry7b.o)
    0x08000138   0x00000000   Code   RO         3805    .ARM.Collect$$$$0000000A  mc_w.l(entry8b.o)
    0x08000138   0x00000008   Code   RO         3806    .ARM.Collect$$$$0000000B  mc_w.l(entry9a.o)
    0x08000140   0x00000000   Code   RO         3808    .ARM.Collect$$$$0000000D  mc_w.l(entry10a.o)
    0x08000140   0x00000000   Code   RO         3810    .ARM.Collect$$$$0000000F  mc_w.l(entry11a.o)
    0x08000140   0x00000004   Code   RO         3799    .ARM.Collect$$$$00002712  mc_w.l(entry2.o)
    0x08000144   0x00000024   Code   RO          780  * .text               startup_stm32f10x_hd.o
    0x08000168   0x00000024   Code   RO         3517    .text               mc_w.l(memseta.o)
    0x0800018c   0x0000000e   Code   RO         3519    .text               mc_w.l(strlen.o)
    0x0800019a   0x00000012   Code   RO         3521    .text               mc_w.l(strcpy.o)
    0x080001ac   0x00000062   Code   RO         3815    .text               mc_w.l(uldiv.o)
    0x0800020e   0x0000001e   Code   RO         3817    .text               mc_w.l(llshl.o)
    0x0800022c   0x00000020   Code   RO         3819    .text               mc_w.l(llushr.o)
    0x0800024c   0x00000024   Code   RO         3832    .text               mc_w.l(init.o)
    0x08000270   0x00000016   Code   RO         2078    i.ADC_Cmd           stm32f10x_adc.o
    0x08000286   0x00000014   Code   RO         2086    i.ADC_GetCalibrationStatus  stm32f10x_adc.o
    0x0800029a   0x00000014   Code   RO         2092    i.ADC_GetResetCalibrationStatus  stm32f10x_adc.o
    0x080002ae   0x00000002   PAD
    0x080002b0   0x00000050   Code   RO         2096    i.ADC_Init          stm32f10x_adc.o
    0x08000300   0x0000000a   Code   RO         2101    i.ADC_ResetCalibration  stm32f10x_adc.o
    0x0800030a   0x00000016   Code   RO         2103    i.ADC_SoftwareStartConvCmd  stm32f10x_adc.o
    0x08000320   0x0000000a   Code   RO         2105    i.ADC_StartCalibration  stm32f10x_adc.o
    0x0800032a   0x00000002   PAD
    0x0800032c   0x00000024   Code   RO         2107    i.ADC_TempSensorVrefintCmd  stm32f10x_adc.o
    0x08000350   0x0000007c   Code   RO         2766    i.ADC_Temp_Init     adc_temp.o
    0x080003cc   0x00000094   Code   RO         2748    i.ADCx_Init         adc.o
    0x08000460   0x00000010   Code   RO         2386    i.BKP_DeInit        stm32f10x_bkp.o
    0x08000470   0x0000001c   Code   RO         2391    i.BKP_ReadBackupRegister  stm32f10x_bkp.o
    0x0800048c   0x0000001c   Code   RO         2395    i.BKP_WriteBackupRegister  stm32f10x_bkp.o
    0x080004a8   0x00000004   Code   RO          160    i.BusFault_Handler  stm32f10x_it.o
    0x080004ac   0x00000002   Code   RO          161    i.DebugMon_Handler  stm32f10x_it.o
    0x080004ae   0x00000002   PAD
    0x080004b0   0x00000034   Code   RO          294    i.FSMC_NORSRAMCmd   stm32f10x_fsmc.o
    0x080004e4   0x000000e6   Code   RO          296    i.FSMC_NORSRAMInit  stm32f10x_fsmc.o
    0x080005ca   0x00000116   Code   RO          826    i.GPIO_Init         stm32f10x_gpio.o
    0x080006e0   0x00000004   Code   RO          833    i.GPIO_ResetBits    stm32f10x_gpio.o
    0x080006e4   0x00000004   Code   RO          834    i.GPIO_SetBits      stm32f10x_gpio.o
    0x080006e8   0x00000004   Code   RO          162    i.HardFault_Handler  stm32f10x_it.o
    0x080006ec   0x00000010   Code   RO          958    i.IWDG_Enable       stm32f10x_iwdg.o
    0x080006fc   0x00000008   Code   RO          720    i.IWDG_Feed         wdg.o
    0x08000704   0x00000024   Code   RO          721    i.IWDG_Init         wdg.o
    0x08000728   0x00000010   Code   RO          960    i.IWDG_ReloadCounter  stm32f10x_iwdg.o
    0x08000738   0x0000000c   Code   RO          961    i.IWDG_SetPrescaler  stm32f10x_iwdg.o
    0x08000744   0x0000000c   Code   RO          962    i.IWDG_SetReload    stm32f10x_iwdg.o
    0x08000750   0x0000000c   Code   RO          963    i.IWDG_WriteAccessCmd  stm32f10x_iwdg.o
    0x0800075c   0x0000003a   Code   RO         2790    i.Is_Leap_Year      rtc.o
    0x08000796   0x00000002   PAD
    0x08000798   0x00000048   Code   RO          429    i.KEY_Init          key.o
    0x080007e0   0x0000009c   Code   RO          430    i.KEY_Scan          key.o
    0x0800087c   0x00000048   Code   RO          535    i.LCD_Clear         tftlcd.o
    0x080008c4   0x00000064   Code   RO          536    i.LCD_Display_Dir   tftlcd.o
    0x08000928   0x0000001c   Code   RO          537    i.LCD_DrawFRONT_COLOR  tftlcd.o
    0x08000944   0x000000ac   Code   RO          548    i.LCD_Set_Window    tftlcd.o
    0x080009f0   0x00000128   Code   RO          549    i.LCD_ShowChar      tftlcd.o
    0x08000b18   0x00000066   Code   RO          553    i.LCD_ShowString    tftlcd.o
    0x08000b7e   0x00000002   PAD
    0x08000b80   0x0000000c   Code   RO          555    i.LCD_WriteCmd      tftlcd.o
    0x08000b8c   0x0000000c   Code   RO          557    i.LCD_WriteData     tftlcd.o
    0x08000b98   0x0000000c   Code   RO          558    i.LCD_WriteData_Color  tftlcd.o
    0x08000ba4   0x00000048   Code   RO          451    i.LED_Clear         led.o
    0x08000bec   0x00000034   Code   RO          452    i.LED_Init          led.o
    0x08000c20   0x00000038   Code   RO          453    i.LED_Output_0      led.o
    0x08000c58   0x00000018   Code   RO          454    i.LED_Output_1      led.o
    0x08000c70   0x00000030   Code   RO          455    i.LED_Output_2      led.o
    0x08000ca0   0x00000030   Code   RO          456    i.LED_Output_3      led.o
    0x08000cd0   0x00000028   Code   RO          457    i.LED_Output_4      led.o
    0x08000cf8   0x00000030   Code   RO          458    i.LED_Output_5      led.o
    0x08000d28   0x00000038   Code   RO          459    i.LED_Output_6      led.o
    0x08000d60   0x00000020   Code   RO          460    i.LED_Output_7      led.o
    0x08000d80   0x00000040   Code   RO          461    i.LED_Output_8      led.o
    0x08000dc0   0x00000038   Code   RO          462    i.LED_Output_9      led.o
    0x08000df8   0x00000004   Code   RO          163    i.MemManage_Handler  stm32f10x_it.o
    0x08000dfc   0x00000002   Code   RO          164    i.NMI_Handler       stm32f10x_it.o
    0x08000dfe   0x00000002   PAD
    0x08000e00   0x00000070   Code   RO          784    i.NVIC_Init         misc.o
    0x08000e70   0x0000000c   Code   RO         2462    i.PWR_BackupAccessCmd  stm32f10x_pwr.o
    0x08000e7c   0x00000002   Code   RO          165    i.PendSV_Handler    stm32f10x_it.o
    0x08000e7e   0x00000002   PAD
    0x08000e80   0x00000018   Code   RO         1000    i.RCC_ADCCLKConfig  stm32f10x_rcc.o
    0x08000e98   0x00000020   Code   RO         1001    i.RCC_AHBPeriphClockCmd  stm32f10x_rcc.o
    0x08000eb8   0x00000020   Code   RO         1002    i.RCC_APB1PeriphClockCmd  stm32f10x_rcc.o
    0x08000ed8   0x00000020   Code   RO         1004    i.RCC_APB2PeriphClockCmd  stm32f10x_rcc.o
    0x08000ef8   0x0000000c   Code   RO         1007    i.RCC_BackupResetCmd  stm32f10x_rcc.o
    0x08000f04   0x00000014   Code   RO         1008    i.RCC_ClearFlag     stm32f10x_rcc.o
    0x08000f18   0x000000d4   Code   RO         1012    i.RCC_GetClocksFreq  stm32f10x_rcc.o
    0x08000fec   0x0000003c   Code   RO         1013    i.RCC_GetFlagStatus  stm32f10x_rcc.o
    0x08001028   0x00000034   Code   RO         1020    i.RCC_LSEConfig     stm32f10x_rcc.o
    0x0800105c   0x0000000c   Code   RO         1027    i.RCC_RTCCLKCmd     stm32f10x_rcc.o
    0x08001068   0x00000010   Code   RO         1028    i.RCC_RTCCLKConfig  stm32f10x_rcc.o
    0x08001078   0x00000010   Code   RO         2295    i.RTC_ClearITPendingBit  stm32f10x_rtc.o
    0x08001088   0x00000014   Code   RO         2296    i.RTC_EnterConfigMode  stm32f10x_rtc.o
    0x0800109c   0x00000014   Code   RO         2297    i.RTC_ExitConfigMode  stm32f10x_rtc.o
    0x080010b0   0x00000100   Code   RO         2792    i.RTC_Get           rtc.o
    0x080011b0   0x00000014   Code   RO         2298    i.RTC_GetCounter    stm32f10x_rtc.o
    0x080011c4   0x00000024   Code   RO         2301    i.RTC_GetITStatus   stm32f10x_rtc.o
    0x080011e8   0x00000078   Code   RO         2793    i.RTC_Get_Week      rtc.o
    0x08001260   0x00000038   Code   RO         2794    i.RTC_IRQHandler    rtc.o
    0x08001298   0x00000020   Code   RO         2302    i.RTC_ITConfig      stm32f10x_rtc.o
    0x080012b8   0x000000c0   Code   RO         2795    i.RTC_Init          rtc.o
    0x08001378   0x00000020   Code   RO         2796    i.RTC_NVIC_Config   rtc.o
    0x08001398   0x000000c8   Code   RO         2797    i.RTC_Set           rtc.o
    0x08001460   0x0000001c   Code   RO         2304    i.RTC_SetCounter    stm32f10x_rtc.o
    0x0800147c   0x00000020   Code   RO         2305    i.RTC_SetPrescaler  stm32f10x_rtc.o
    0x0800149c   0x00000014   Code   RO         2306    i.RTC_WaitForLastTask  stm32f10x_rtc.o
    0x080014b0   0x00000024   Code   RO         2307    i.RTC_WaitForSynchro  stm32f10x_rtc.o
    0x080014d4   0x00000002   Code   RO          166    i.SVC_Handler       stm32f10x_it.o
    0x080014d6   0x00000002   PAD
    0x080014d8   0x00000050   Code   RO            1    i.Screen_Display    main.o
    0x08001528   0x00000008   Code   RO          249    i.SetSysClock       system_stm32f10x.o
    0x08001530   0x000000e0   Code   RO          250    i.SetSysClockTo72   system_stm32f10x.o
    0x08001610   0x00000072   Code   RO          463    i.Set_Led_Number    led.o
    0x08001682   0x00000028   Code   RO          788    i.SysTick_CLKSourceConfig  misc.o
    0x080016aa   0x00000002   Code   RO          167    i.SysTick_Handler   stm32f10x_it.o
    0x080016ac   0x0000003c   Code   RO         2857    i.SysTick_Init      systick.o
    0x080016e8   0x00000060   Code   RO          252    i.SystemInit        system_stm32f10x.o
    0x08001748   0x0000007e   Code   RO          559    i.TFTLCD_FSMC_Init  tftlcd.o
    0x080017c6   0x00000002   PAD
    0x080017c8   0x00000070   Code   RO          560    i.TFTLCD_GPIO_Init  tftlcd.o
    0x08001838   0x000003ac   Code   RO          561    i.TFTLCD_Init       tftlcd.o
    0x08001be4   0x00000018   Code   RO         2691    i.TIM4_IRQHandler   time.o
    0x08001bfc   0x00000018   Code   RO         2693    i.TIM5_IRQHandler   time.o
    0x08001c14   0x00000028   Code   RO         2695    i.TIM6_IRQHandler   time.o
    0x08001c3c   0x00000006   Code   RO         1535    i.TIM_ClearITPendingBit  stm32f10x_tim.o
    0x08001c42   0x00000022   Code   RO         1561    i.TIM_GetITStatus   stm32f10x_tim.o
    0x08001c64   0x0000003c   Code   RO         2889    i.USART1_IRQHandler  usart_1.o
    0x08001ca0   0x000000b8   Code   RO         2890    i.USART1_Init       usart_1.o
    0x08001d58   0x00000012   Code   RO         1200    i.USART_ClearFlag   stm32f10x_usart.o
    0x08001d6a   0x00000018   Code   RO         1204    i.USART_Cmd         stm32f10x_usart.o
    0x08001d82   0x0000001a   Code   RO         1207    i.USART_GetFlagStatus  stm32f10x_usart.o
    0x08001d9c   0x00000054   Code   RO         1208    i.USART_GetITStatus  stm32f10x_usart.o
    0x08001df0   0x0000004a   Code   RO         1210    i.USART_ITConfig    stm32f10x_usart.o
    0x08001e3a   0x00000002   PAD
    0x08001e3c   0x000000d8   Code   RO         1211    i.USART_Init        stm32f10x_usart.o
    0x08001f14   0x0000000a   Code   RO         1218    i.USART_ReceiveData  stm32f10x_usart.o
    0x08001f1e   0x00000008   Code   RO         1221    i.USART_SendData    stm32f10x_usart.o
    0x08001f26   0x00000004   Code   RO          168    i.UsageFault_Handler  stm32f10x_it.o
    0x08001f2a   0x00000002   PAD
    0x08001f2c   0x00000020   Code   RO         3658    i.__0printf$5       mc_w.l(printf5.o)
    0x08001f4c   0x00000028   Code   RO         3660    i.__0sprintf$5      mc_w.l(printf5.o)
    0x08001f74   0x0000000e   Code   RO         3836    i.__scatterload_copy  mc_w.l(handlers.o)
    0x08001f82   0x00000002   Code   RO         3837    i.__scatterload_null  mc_w.l(handlers.o)
    0x08001f84   0x0000000e   Code   RO         3838    i.__scatterload_zeroinit  mc_w.l(handlers.o)
    0x08001f92   0x00000002   PAD
    0x08001f94   0x000002c0   Code   RO         3665    i._printf_core      mc_w.l(printf5.o)
    0x08002254   0x0000000a   Code   RO         3667    i._sputc            mc_w.l(printf5.o)
    0x0800225e   0x00000002   PAD
    0x08002260   0x00000044   Code   RO         2858    i.delay_init        systick.o
    0x080022a4   0x0000004c   Code   RO         2859    i.delay_ms          systick.o
    0x080022f0   0x00000024   Code   RO         2891    i.fputc             usart_1.o
    0x08002314   0x00000184   Code   RO            2    i.main              main.o
    0x08002498   0x000000c4   Code   RO          403    i.screen_log_add    ring.o
    0x0800255c   0x0000001c   Code   RO          404    i.screen_log_init   ring.o
    0x08002578   0x000001f4   Code   RO          405    i.screen_log_show   ring.o
    0x0800276c   0x00001be6   Data   RO          562    .constdata          tftlcd.o
    0x08004352   0x00000018   Data   RO         2799    .constdata          rtc.o
    0x0800436a   0x00000002   PAD
    0x0800436c   0x00000020   Data   RO         3834    Region$$Table       anon$$obj.o


    Execution Region ER_RW (Base: 0x20000000, Size: 0x00000048, Max: 0xffffffff, ABSOLUTE)

    Base Addr    Size         Type   Attr      Idx    E Section Name        Object

    0x20000000   0x00000014   Data   RW          253    .data               system_stm32f10x.o
    0x20000014   0x00000001   Data   RW          431    .data               key.o
    0x20000015   0x00000001   PAD
    0x20000016   0x0000000c   Data   RW          563    .data               tftlcd.o
    0x20000022   0x00000014   Data   RW         1032    .data               stm32f10x_rcc.o
    0x20000036   0x00000002   PAD
    0x20000038   0x00000004   Data   RW         2697    .data               time.o
    0x2000003c   0x00000004   Data   RW         2800    .data               rtc.o
    0x20000040   0x00000004   Data   RW         2861    .data               systick.o
    0x20000044   0x00000004   Data   RW         3812    .data               mc_w.l(stdout.o)


    Execution Region ER_ZI (Base: 0x20000048, Size: 0x000007d0, Max: 0xffffffff, ABSOLUTE)

    Base Addr    Size         Type   Attr      Idx    E Section Name        Object

    0x20000048   0x000003c4   Zero   RW          406    .bss                ring.o
    0x2000040c   0x0000000a   Zero   RW         2798    .bss                rtc.o
    0x20000416   0x00000002   PAD
    0x20000418   0x00000400   Zero   RW          777    STACK               startup_stm32f10x_hd.o


==============================================================================

Image component sizes


      Code (inc. data)   RO Data    RW Data    ZI Data      Debug   Object Name

       148          8          0          0          0        576   adc.o
       124          6          0          0          0        560   adc_temp.o
       228         22          0          1          0       1050   key.o
       710         50          0          0          0       5926   led.o
       468         90          0          0          0     272588   main.o
       152         12          0          0          0       1466   misc.o
       724        100          0          0        964       2197   ring.o
       914         42         24          4         10       5309   rtc.o
        36          8        304          0       1024        772   startup_stm32f10x_hd.o
       220         16          0          0          0       6300   stm32f10x_adc.o
        72         10          0          0          0       2592   stm32f10x_bkp.o
       282          6          0          0          0       1737   stm32f10x_fsmc.o
       286          0          0          0          0       2936   stm32f10x_gpio.o
        26          0          0          0          0       3478   stm32f10x_it.o
        68         30          0          0          0       2354   stm32f10x_iwdg.o
        12          6          0          0          0        486   stm32f10x_pwr.o
       504         76          0         20          0       8405   stm32f10x_rcc.o
       260         48          0          0          0       4900   stm32f10x_rtc.o
        40          0          0          0          0       1678   stm32f10x_tim.o
       460          6          0          0          0       6507   stm32f10x_usart.o
         0          0          0          0          0         32   sys.o
       328         28          0         20          0       1957   system_stm32f10x.o
       204         30          0          4          0       1583   systick.o
      1984         94       7142         12          0      10132   tftlcd.o
        88         16          0          4          0       1490   time.o
       280         20          0          0          0       1662   usart_1.o
        44          0          0          0          0        940   wdg.o

    ----------------------------------------------------------------------
      8684        724       7504         68       2000     349613   Object Totals
         0          0         32          0          0          0   (incl. Generated)
        22          0          2          3          2          0   (incl. Padding)

    ----------------------------------------------------------------------

      Code (inc. data)   RO Data    RW Data    ZI Data      Debug   Library Member Name

         0          0          0          0          0          0   entry.o
         0          0          0          0          0          0   entry10a.o
         0          0          0          0          0          0   entry11a.o
         8          4          0          0          0          0   entry2.o
         4          0          0          0          0          0   entry5.o
         0          0          0          0          0          0   entry7b.o
         0          0          0          0          0          0   entry8b.o
         8          4          0          0          0          0   entry9a.o
        30          0          0          0          0          0   handlers.o
        36          8          0          0          0         68   init.o
        30          0          0          0          0         68   llshl.o
        32          0          0          0          0         68   llushr.o
        36          0          0          0          0        108   memseta.o
       786         62          0          0          0        336   printf5.o
         0          0          0          4          0          0   stdout.o
        18          0          0          0          0         68   strcpy.o
        14          0          0          0          0         68   strlen.o
        98          0          0          0          0         92   uldiv.o

    ----------------------------------------------------------------------
      1104         78          0          4          0        876   Library Totals
         4          0          0          0          0          0   (incl. Padding)

    ----------------------------------------------------------------------

      Code (inc. data)   RO Data    RW Data    ZI Data      Debug   Library Name

      1100         78          0          4          0        876   mc_w.l

    ----------------------------------------------------------------------
      1104         78          0          4          0        876   Library Totals

    ----------------------------------------------------------------------

==============================================================================


      Code (inc. data)   RO Data    RW Data    ZI Data      Debug   

      9788        802       7504         72       2000     344349   Grand Totals
      9788        802       7504         72       2000     344349   ELF Image Totals
      9788        802       7504         72          0          0   ROM Totals

==============================================================================

    Total RO  Size (Code + RO Data)                17292 (  16.89kB)
    Total RW  Size (RW Data + ZI Data)              2072 (   2.02kB)
    Total ROM Size (Code + RO Data + RW Data)      17364 (  16.96kB)

==============================================================================

